MinionPro-Regular-8t MinionPro-Regular " MinionPro-T1Encoding ReEncodeFont " <mn-lf-t1.enc <MinionPro-Regular.pfb
MinionPro-It-8t MinionPro-It " MinionPro-T1Encoding ReEncodeFont " <mn-lf-t1.enc <MinionPro-It.pfb
MinionPro-Regular-8c MinionPro-Regular " MinionPro-TS1Encoding ReEncodeFont " <mn-lf-ts1.enc <MinionPro-Regular.pfb
MinionPro-It-8c MinionPro-It " MinionPro-TS1Encoding ReEncodeFont " <mn-lf-ts1.enc <MinionPro-It.pfb
MinionPro-Regular-7t MinionPro-Regular " MinionPro-OT1Encoding ReEncodeFont " <mn-lf-ot1.enc <MinionPro-Regular.pfb
MinionPro-It-7t MinionPro-It " MinionPro-OT1Encoding ReEncodeFont " <mn-lf-ot1.enc <MinionPro-It.pfb
MinionPro-Regular-7m MinionPro-Regular " MinionPro-OMLEncoding ReEncodeFont " <mn-lf-oml.enc <MinionPro-Regular.pfb
MinionPro-It-7m MinionPro-It " MinionPro-OMLEncoding ReEncodeFont " <mn-lf-oml.enc <MinionPro-It.pfb
MinionPro-Regular-SC-8t MinionPro-Regular " MinionPro-SCT1Encoding ReEncodeFont " <mn-lf-sc-t1.enc <MinionPro-Regular.pfb
MinionPro-It-SC-8t MinionPro-It " MinionPro-SCT1Encoding ReEncodeFont " <mn-lf-sc-t1.enc <MinionPro-It.pfb
MinionPro-Regular-SC-8c MinionPro-Regular " MinionPro-SCTS1Encoding ReEncodeFont " <mn-lf-sc-ts1.enc <MinionPro-Regular.pfb
MinionPro-It-SC-8c MinionPro-It " MinionPro-SCTS1Encoding ReEncodeFont " <mn-lf-sc-ts1.enc <MinionPro-It.pfb
MinionPro-Regular-SC-7t MinionPro-Regular " MinionPro-SCOT1Encoding ReEncodeFont " <mn-lf-sc-ot1.enc <MinionPro-Regular.pfb
MinionPro-It-SC-7t MinionPro-It " MinionPro-SCOT1Encoding ReEncodeFont " <mn-lf-sc-ot1.enc <MinionPro-It.pfb
MinionPro-Regular-6a MinionPro-Regular " MinionPro-T2AAdobeEncoding ReEncodeFont " <mn-lf-t2a.enc <MinionPro-Regular.pfb
MinionPro-It-6a MinionPro-It " MinionPro-T2AAdobeEncoding ReEncodeFont " <mn-lf-t2a.enc <MinionPro-It.pfb
MinionPro-Regular-6t MinionPro-Regular " MinionPro-T2BAdobeEncoding ReEncodeFont " <mn-lf-t2b.enc <MinionPro-Regular.pfb
MinionPro-It-6t MinionPro-It " MinionPro-T2BAdobeEncoding ReEncodeFont " <mn-lf-t2b.enc <MinionPro-It.pfb
MinionPro-Regular-6c MinionPro-Regular " MinionPro-T2CAdobeEncoding ReEncodeFont " <mn-lf-t2c.enc <MinionPro-Regular.pfb
MinionPro-It-6c MinionPro-It " MinionPro-T2CAdobeEncoding ReEncodeFont " <mn-lf-t2c.enc <MinionPro-It.pfb
MinionPro-Regular-6x MinionPro-Regular " MinionPro-X2AdobeEncoding ReEncodeFont " <mn-lf-x2.enc <MinionPro-Regular.pfb
MinionPro-It-6x MinionPro-It " MinionPro-X2AdobeEncoding ReEncodeFont " <mn-lf-x2.enc <MinionPro-It.pfb
MinionPro-Regular-k MinionPro-Regular " MinionPro-LGREncoding ReEncodeFont " <mn-lf-lgr.enc <MinionPro-Regular.pfb
MinionPro-It-k MinionPro-It " MinionPro-LGREncoding ReEncodeFont " <mn-lf-lgr.enc <MinionPro-It.pfb
MinionPro-Regular-OSF-8t MinionPro-Regular " MinionPro-OSFT1Encoding ReEncodeFont " <mn-osf-t1.enc <MinionPro-Regular.pfb
MinionPro-It-OSF-8t MinionPro-It " MinionPro-OSFT1Encoding ReEncodeFont " <mn-osf-t1.enc <MinionPro-It.pfb
MinionPro-Regular-OSF-8c MinionPro-Regular " MinionPro-TS1Encoding ReEncodeFont " <mn-osf-ts1.enc <MinionPro-Regular.pfb
MinionPro-It-OSF-8c MinionPro-It " MinionPro-TS1Encoding ReEncodeFont " <mn-osf-ts1.enc <MinionPro-It.pfb
MinionPro-Regular-OSF-7t MinionPro-Regular " MinionPro-OT1Encoding ReEncodeFont " <mn-osf-ot1.enc <MinionPro-Regular.pfb
MinionPro-It-OSF-7t MinionPro-It " MinionPro-OT1Encoding ReEncodeFont " <mn-osf-ot1.enc <MinionPro-It.pfb
MinionPro-Regular-OSF-7m MinionPro-Regular " MinionPro-OSFOMLEncoding ReEncodeFont " <mn-osf-oml.enc <MinionPro-Regular.pfb
MinionPro-It-OSF-7m MinionPro-It " MinionPro-OSFOMLEncoding ReEncodeFont " <mn-osf-oml.enc <MinionPro-It.pfb
MinionPro-Regular-OSFSC-8t MinionPro-Regular " MinionPro-OSFSCT1Encoding ReEncodeFont " <mn-osf-sc-t1.enc <MinionPro-Regular.pfb
MinionPro-It-OSFSC-8t MinionPro-It " MinionPro-OSFSCT1Encoding ReEncodeFont " <mn-osf-sc-t1.enc <MinionPro-It.pfb
MinionPro-Regular-OSFSC-8c MinionPro-Regular " MinionPro-SCTS1Encoding ReEncodeFont " <mn-osf-sc-ts1.enc <MinionPro-Regular.pfb
MinionPro-It-OSFSC-8c MinionPro-It " MinionPro-SCTS1Encoding ReEncodeFont " <mn-osf-sc-ts1.enc <MinionPro-It.pfb
MinionPro-Regular-OSFSC-7t MinionPro-Regular " MinionPro-OSFSCOT1Encoding ReEncodeFont " <mn-osf-sc-ot1.enc <MinionPro-Regular.pfb
MinionPro-It-OSFSC-7t MinionPro-It " MinionPro-OSFSCOT1Encoding ReEncodeFont " <mn-osf-sc-ot1.enc <MinionPro-It.pfb
MinionPro-Regular-OSF-6a MinionPro-Regular " MinionPro-T2AAdobeEncoding ReEncodeFont " <mn-osf-t2a.enc <MinionPro-Regular.pfb
MinionPro-Regular-OSF-6t MinionPro-Regular " MinionPro-T2BAdobeEncoding ReEncodeFont " <mn-osf-t2b.enc <MinionPro-Regular.pfb
MinionPro-It-OSF-6a MinionPro-It " MinionPro-T2AAdobeEncoding ReEncodeFont " <mn-osf-t2a.enc <MinionPro-It.pfb
MinionPro-Regular-OSF-6c MinionPro-Regular " MinionPro-T2CAdobeEncoding ReEncodeFont " <mn-osf-t2c.enc <MinionPro-Regular.pfb
MinionPro-It-OSF-6t MinionPro-It " MinionPro-T2BAdobeEncoding ReEncodeFont " <mn-osf-t2b.enc <MinionPro-It.pfb
MinionPro-Regular-OSF-6x MinionPro-Regular " MinionPro-X2AdobeEncoding ReEncodeFont " <mn-osf-x2.enc <MinionPro-Regular.pfb
MinionPro-It-OSF-6c MinionPro-It " MinionPro-T2CAdobeEncoding ReEncodeFont " <mn-osf-t2c.enc <MinionPro-It.pfb
MinionPro-Regular-TLF-8t MinionPro-Regular " MinionPro-T1Encoding ReEncodeFont " <mn-tlf-t1.enc <MinionPro-Regular.pfb
MinionPro-It-OSF-6x MinionPro-It " MinionPro-X2AdobeEncoding ReEncodeFont " <mn-osf-x2.enc <MinionPro-It.pfb
MinionPro-Regular-TLF-8c MinionPro-Regular " MinionPro-TS1Encoding ReEncodeFont " <mn-tlf-ts1.enc <MinionPro-Regular.pfb
MinionPro-It-TLF-8t MinionPro-It " MinionPro-T1Encoding ReEncodeFont " <mn-tlf-t1.enc <MinionPro-It.pfb
MinionPro-Regular-TLF-7t MinionPro-Regular " MinionPro-OT1Encoding ReEncodeFont " <mn-tlf-ot1.enc <MinionPro-Regular.pfb
MinionPro-It-TLF-8c MinionPro-It " MinionPro-TS1Encoding ReEncodeFont " <mn-tlf-ts1.enc <MinionPro-It.pfb
MinionPro-Regular-TLF-7m MinionPro-Regular " MinionPro-OMLEncoding ReEncodeFont " <mn-tlf-oml.enc <MinionPro-Regular.pfb
MinionPro-It-TLF-7t MinionPro-It " MinionPro-OT1Encoding ReEncodeFont " <mn-tlf-ot1.enc <MinionPro-It.pfb
MinionPro-Regular-TLF-SC-8t MinionPro-Regular " MinionPro-SCT1Encoding ReEncodeFont " <mn-tlf-sc-t1.enc <MinionPro-Regular.pfb
MinionPro-It-TLF-7m MinionPro-It " MinionPro-OMLEncoding ReEncodeFont " <mn-tlf-oml.enc <MinionPro-It.pfb
MinionPro-Regular-TLF-SC-8c MinionPro-Regular " MinionPro-SCTS1Encoding ReEncodeFont " <mn-tlf-sc-ts1.enc <MinionPro-Regular.pfb
MinionPro-It-TLF-SC-8t MinionPro-It " MinionPro-SCT1Encoding ReEncodeFont " <mn-tlf-sc-t1.enc <MinionPro-It.pfb
MinionPro-Regular-TLF-SC-7t MinionPro-Regular " MinionPro-SCOT1Encoding ReEncodeFont " <mn-tlf-sc-ot1.enc <MinionPro-Regular.pfb
MinionPro-Regular-TLF-6a MinionPro-Regular " MinionPro-T2AAdobeEncoding ReEncodeFont " <mn-tlf-t2a.enc <MinionPro-Regular.pfb
MinionPro-It-TLF-SC-8c MinionPro-It " MinionPro-SCTS1Encoding ReEncodeFont " <mn-tlf-sc-ts1.enc <MinionPro-It.pfb
MinionPro-Regular-TLF-6t MinionPro-Regular " MinionPro-T2BAdobeEncoding ReEncodeFont " <mn-tlf-t2b.enc <MinionPro-Regular.pfb
MinionPro-It-TLF-SC-7t MinionPro-It " MinionPro-SCOT1Encoding ReEncodeFont " <mn-tlf-sc-ot1.enc <MinionPro-It.pfb
MinionPro-Regular-TLF-6c MinionPro-Regular " MinionPro-T2CAdobeEncoding ReEncodeFont " <mn-tlf-t2c.enc <MinionPro-Regular.pfb
MinionPro-It-TLF-6a MinionPro-It " MinionPro-T2AAdobeEncoding ReEncodeFont " <mn-tlf-t2a.enc <MinionPro-It.pfb
MinionPro-Regular-TLF-6x MinionPro-Regular " MinionPro-X2AdobeEncoding ReEncodeFont " <mn-tlf-x2.enc <MinionPro-Regular.pfb
MinionPro-It-TLF-6t MinionPro-It " MinionPro-T2BAdobeEncoding ReEncodeFont " <mn-tlf-t2b.enc <MinionPro-It.pfb
MinionPro-Regular-TOSF-8t MinionPro-Regular " MinionPro-OSFT1Encoding ReEncodeFont " <mn-tosf-t1.enc <MinionPro-Regular.pfb
MinionPro-It-TLF-6c MinionPro-It " MinionPro-T2CAdobeEncoding ReEncodeFont " <mn-tlf-t2c.enc <MinionPro-It.pfb
MinionPro-Regular-TOSF-8c MinionPro-Regular " MinionPro-TS1Encoding ReEncodeFont " <mn-tosf-ts1.enc <MinionPro-Regular.pfb
MinionPro-It-TLF-6x MinionPro-It " MinionPro-X2AdobeEncoding ReEncodeFont " <mn-tlf-x2.enc <MinionPro-It.pfb
MinionPro-Regular-TOSF-7t MinionPro-Regular " MinionPro-OT1Encoding ReEncodeFont " <mn-tosf-ot1.enc <MinionPro-Regular.pfb
MinionPro-It-TOSF-8t MinionPro-It " MinionPro-OSFT1Encoding ReEncodeFont " <mn-tosf-t1.enc <MinionPro-It.pfb
MinionPro-Regular-TOSF-7m MinionPro-Regular " MinionPro-OSFOMLEncoding ReEncodeFont " <mn-tosf-oml.enc <MinionPro-Regular.pfb
MinionPro-It-TOSF-8c MinionPro-It " MinionPro-TS1Encoding ReEncodeFont " <mn-tosf-ts1.enc <MinionPro-It.pfb
MinionPro-Regular-TOSFSC-8t MinionPro-Regular " MinionPro-OSFSCT1Encoding ReEncodeFont " <mn-tosf-sc-t1.enc <MinionPro-Regular.pfb
MinionPro-It-TOSF-7t MinionPro-It " MinionPro-OT1Encoding ReEncodeFont " <mn-tosf-ot1.enc <MinionPro-It.pfb
MinionPro-Regular-TOSFSC-8c MinionPro-Regular " MinionPro-SCTS1Encoding ReEncodeFont " <mn-tosf-sc-ts1.enc <MinionPro-Regular.pfb
MinionPro-It-TOSF-7m MinionPro-It " MinionPro-OSFOMLEncoding ReEncodeFont " <mn-tosf-oml.enc <MinionPro-It.pfb
MinionPro-Regular-TOSFSC-7t MinionPro-Regular " MinionPro-OSFSCOT1Encoding ReEncodeFont " <mn-tosf-sc-ot1.enc <MinionPro-Regular.pfb
MinionPro-Regular-TOSF-6a MinionPro-Regular " MinionPro-T2AAdobeEncoding ReEncodeFont " <mn-tosf-t2a.enc <MinionPro-Regular.pfb
MinionPro-It-TOSFSC-8t MinionPro-It " MinionPro-OSFSCT1Encoding ReEncodeFont " <mn-tosf-sc-t1.enc <MinionPro-It.pfb
MinionPro-Regular-TOSF-6t MinionPro-Regular " MinionPro-T2BAdobeEncoding ReEncodeFont " <mn-tosf-t2b.enc <MinionPro-Regular.pfb
MinionPro-It-TOSFSC-8c MinionPro-It " MinionPro-SCTS1Encoding ReEncodeFont " <mn-tosf-sc-ts1.enc <MinionPro-It.pfb
MinionPro-Regular-TOSF-6c MinionPro-Regular " MinionPro-T2CAdobeEncoding ReEncodeFont " <mn-tosf-t2c.enc <MinionPro-Regular.pfb
MinionPro-It-TOSFSC-7t MinionPro-It " MinionPro-OSFSCOT1Encoding ReEncodeFont " <mn-tosf-sc-ot1.enc <MinionPro-It.pfb
MinionPro-Regular-TOSF-6x MinionPro-Regular " MinionPro-X2AdobeEncoding ReEncodeFont " <mn-tosf-x2.enc <MinionPro-Regular.pfb
MinionPro-It-TOSF-6a MinionPro-It " MinionPro-T2AAdobeEncoding ReEncodeFont " <mn-tosf-t2a.enc <MinionPro-It.pfb
MinionPro-It-TOSF-6t MinionPro-It " MinionPro-T2BAdobeEncoding ReEncodeFont " <mn-tosf-t2b.enc <MinionPro-It.pfb
MinionPro-It-TOSF-6c MinionPro-It " MinionPro-T2CAdobeEncoding ReEncodeFont " <mn-tosf-t2c.enc <MinionPro-It.pfb
MinionPro-It-TOSF-6x MinionPro-It " MinionPro-X2AdobeEncoding ReEncodeFont " <mn-tosf-x2.enc <MinionPro-It.pfb
MinionPro-Capt-8t MinionPro-Capt " MinionPro-T1Encoding ReEncodeFont " <mn-lf-t1.enc <MinionPro-Capt.pfb
MinionPro-Capt-8c MinionPro-Capt " MinionPro-TS1Encoding ReEncodeFont " <mn-lf-ts1.enc <MinionPro-Capt.pfb
MinionPro-Capt-7t MinionPro-Capt " MinionPro-OT1Encoding ReEncodeFont " <mn-lf-ot1.enc <MinionPro-Capt.pfb
MinionPro-Capt-7m MinionPro-Capt " MinionPro-OMLEncoding ReEncodeFont " <mn-lf-oml.enc <MinionPro-Capt.pfb
MinionPro-Capt-SC-8t MinionPro-Capt " MinionPro-SCT1Encoding ReEncodeFont " <mn-lf-sc-t1.enc <MinionPro-Capt.pfb
MinionPro-ItCapt-8t MinionPro-ItCapt " MinionPro-T1Encoding ReEncodeFont " <mn-lf-t1.enc <MinionPro-ItCapt.pfb
MinionPro-Capt-SC-8c MinionPro-Capt " MinionPro-SCTS1Encoding ReEncodeFont " <mn-lf-sc-ts1.enc <MinionPro-Capt.pfb
MinionPro-ItCapt-8c MinionPro-ItCapt " MinionPro-TS1Encoding ReEncodeFont " <mn-lf-ts1.enc <MinionPro-ItCapt.pfb
MinionPro-Capt-SC-7t MinionPro-Capt " MinionPro-SCOT1Encoding ReEncodeFont " <mn-lf-sc-ot1.enc <MinionPro-Capt.pfb
MinionPro-ItCapt-7t MinionPro-ItCapt " MinionPro-OT1Encoding ReEncodeFont " <mn-lf-ot1.enc <MinionPro-ItCapt.pfb
MinionPro-Capt-6a MinionPro-Capt " MinionPro-T2AAdobeEncoding ReEncodeFont " <mn-lf-t2a.enc <MinionPro-Capt.pfb
MinionPro-Capt-6t MinionPro-Capt " MinionPro-T2BAdobeEncoding ReEncodeFont " <mn-lf-t2b.enc <MinionPro-Capt.pfb
MinionPro-ItCapt-7m MinionPro-ItCapt " MinionPro-OMLEncoding ReEncodeFont " <mn-lf-oml.enc <MinionPro-ItCapt.pfb
MinionPro-Capt-6c MinionPro-Capt " MinionPro-T2CAdobeEncoding ReEncodeFont " <mn-lf-t2c.enc <MinionPro-Capt.pfb
MinionPro-ItCapt-SC-8t MinionPro-ItCapt " MinionPro-SCT1Encoding ReEncodeFont " <mn-lf-sc-t1.enc <MinionPro-ItCapt.pfb
MinionPro-Capt-6x MinionPro-Capt " MinionPro-X2AdobeEncoding ReEncodeFont " <mn-lf-x2.enc <MinionPro-Capt.pfb
MinionPro-ItCapt-SC-8c MinionPro-ItCapt " MinionPro-SCTS1Encoding ReEncodeFont " <mn-lf-sc-ts1.enc <MinionPro-ItCapt.pfb
MinionPro-Capt-k MinionPro-Capt " MinionPro-LGREncoding ReEncodeFont " <mn-lf-lgr.enc <MinionPro-Capt.pfb
MinionPro-ItCapt-SC-7t MinionPro-ItCapt " MinionPro-SCOT1Encoding ReEncodeFont " <mn-lf-sc-ot1.enc <MinionPro-ItCapt.pfb
MinionPro-Capt-OSF-8t MinionPro-Capt " MinionPro-OSFT1Encoding ReEncodeFont " <mn-osf-t1.enc <MinionPro-Capt.pfb
MinionPro-ItCapt-6a MinionPro-ItCapt " MinionPro-T2AAdobeEncoding ReEncodeFont " <mn-lf-t2a.enc <MinionPro-ItCapt.pfb
MinionPro-Capt-OSF-8c MinionPro-Capt " MinionPro-TS1Encoding ReEncodeFont " <mn-osf-ts1.enc <MinionPro-Capt.pfb
MinionPro-ItCapt-6t MinionPro-ItCapt " MinionPro-T2BAdobeEncoding ReEncodeFont " <mn-lf-t2b.enc <MinionPro-ItCapt.pfb
MinionPro-Capt-OSF-7t MinionPro-Capt " MinionPro-OT1Encoding ReEncodeFont " <mn-osf-ot1.enc <MinionPro-Capt.pfb
MinionPro-ItCapt-6c MinionPro-ItCapt " MinionPro-T2CAdobeEncoding ReEncodeFont " <mn-lf-t2c.enc <MinionPro-ItCapt.pfb
MinionPro-Capt-OSF-7m MinionPro-Capt " MinionPro-OSFOMLEncoding ReEncodeFont " <mn-osf-oml.enc <MinionPro-Capt.pfb
MinionPro-ItCapt-6x MinionPro-ItCapt " MinionPro-X2AdobeEncoding ReEncodeFont " <mn-lf-x2.enc <MinionPro-ItCapt.pfb
MinionPro-Capt-OSFSC-8t MinionPro-Capt " MinionPro-OSFSCT1Encoding ReEncodeFont " <mn-osf-sc-t1.enc <MinionPro-Capt.pfb
MinionPro-ItCapt-k MinionPro-ItCapt " MinionPro-LGREncoding ReEncodeFont " <mn-lf-lgr.enc <MinionPro-ItCapt.pfb
MinionPro-Capt-OSFSC-8c MinionPro-Capt " MinionPro-SCTS1Encoding ReEncodeFont " <mn-osf-sc-ts1.enc <MinionPro-Capt.pfb
MinionPro-ItCapt-OSF-8t MinionPro-ItCapt " MinionPro-OSFT1Encoding ReEncodeFont " <mn-osf-t1.enc <MinionPro-ItCapt.pfb
MinionPro-Capt-OSFSC-7t MinionPro-Capt " MinionPro-OSFSCOT1Encoding ReEncodeFont " <mn-osf-sc-ot1.enc <MinionPro-Capt.pfb
MinionPro-ItCapt-OSF-8c MinionPro-ItCapt " MinionPro-TS1Encoding ReEncodeFont " <mn-osf-ts1.enc <MinionPro-ItCapt.pfb
MinionPro-Capt-OSF-6a MinionPro-Capt " MinionPro-T2AAdobeEncoding ReEncodeFont " <mn-osf-t2a.enc <MinionPro-Capt.pfb
MinionPro-ItCapt-OSF-7t MinionPro-ItCapt " MinionPro-OT1Encoding ReEncodeFont " <mn-osf-ot1.enc <MinionPro-ItCapt.pfb
MinionPro-Capt-OSF-6t MinionPro-Capt " MinionPro-T2BAdobeEncoding ReEncodeFont " <mn-osf-t2b.enc <MinionPro-Capt.pfb
MinionPro-ItCapt-OSF-7m MinionPro-ItCapt " MinionPro-OSFOMLEncoding ReEncodeFont " <mn-osf-oml.enc <MinionPro-ItCapt.pfb
MinionPro-Capt-OSF-6c MinionPro-Capt " MinionPro-T2CAdobeEncoding ReEncodeFont " <mn-osf-t2c.enc <MinionPro-Capt.pfb
MinionPro-ItCapt-OSFSC-8t MinionPro-ItCapt " MinionPro-OSFSCT1Encoding ReEncodeFont " <mn-osf-sc-t1.enc <MinionPro-ItCapt.pfb
MinionPro-Capt-OSF-6x MinionPro-Capt " MinionPro-X2AdobeEncoding ReEncodeFont " <mn-osf-x2.enc <MinionPro-Capt.pfb
MinionPro-ItCapt-OSFSC-8c MinionPro-ItCapt " MinionPro-SCTS1Encoding ReEncodeFont " <mn-osf-sc-ts1.enc <MinionPro-ItCapt.pfb
MinionPro-Capt-TLF-8t MinionPro-Capt " MinionPro-T1Encoding ReEncodeFont " <mn-tlf-t1.enc <MinionPro-Capt.pfb
MinionPro-ItCapt-OSFSC-7t MinionPro-ItCapt " MinionPro-OSFSCOT1Encoding ReEncodeFont " <mn-osf-sc-ot1.enc <MinionPro-ItCapt.pfb
MinionPro-Capt-TLF-8c MinionPro-Capt " MinionPro-TS1Encoding ReEncodeFont " <mn-tlf-ts1.enc <MinionPro-Capt.pfb
MinionPro-ItCapt-OSF-6a MinionPro-ItCapt " MinionPro-T2AAdobeEncoding ReEncodeFont " <mn-osf-t2a.enc <MinionPro-ItCapt.pfb
MinionPro-Capt-TLF-7t MinionPro-Capt " MinionPro-OT1Encoding ReEncodeFont " <mn-tlf-ot1.enc <MinionPro-Capt.pfb
MinionPro-Capt-TLF-7m MinionPro-Capt " MinionPro-OMLEncoding ReEncodeFont " <mn-tlf-oml.enc <MinionPro-Capt.pfb
MinionPro-ItCapt-OSF-6t MinionPro-ItCapt " MinionPro-T2BAdobeEncoding ReEncodeFont " <mn-osf-t2b.enc <MinionPro-ItCapt.pfb
MinionPro-ItCapt-OSF-6c MinionPro-ItCapt " MinionPro-T2CAdobeEncoding ReEncodeFont " <mn-osf-t2c.enc <MinionPro-ItCapt.pfb
MinionPro-Capt-TLF-SC-8t MinionPro-Capt " MinionPro-SCT1Encoding ReEncodeFont " <mn-tlf-sc-t1.enc <MinionPro-Capt.pfb
MinionPro-Capt-TLF-SC-8c MinionPro-Capt " MinionPro-SCTS1Encoding ReEncodeFont " <mn-tlf-sc-ts1.enc <MinionPro-Capt.pfb
MinionPro-ItCapt-OSF-6x MinionPro-ItCapt " MinionPro-X2AdobeEncoding ReEncodeFont " <mn-osf-x2.enc <MinionPro-ItCapt.pfb
MinionPro-Capt-TLF-SC-7t MinionPro-Capt " MinionPro-SCOT1Encoding ReEncodeFont " <mn-tlf-sc-ot1.enc <MinionPro-Capt.pfb
MinionPro-ItCapt-TLF-8t MinionPro-ItCapt " MinionPro-T1Encoding ReEncodeFont " <mn-tlf-t1.enc <MinionPro-ItCapt.pfb
MinionPro-Capt-TLF-6a MinionPro-Capt " MinionPro-T2AAdobeEncoding ReEncodeFont " <mn-tlf-t2a.enc <MinionPro-Capt.pfb
MinionPro-ItCapt-TLF-8c MinionPro-ItCapt " MinionPro-TS1Encoding ReEncodeFont " <mn-tlf-ts1.enc <MinionPro-ItCapt.pfb
MinionPro-Capt-TLF-6t MinionPro-Capt " MinionPro-T2BAdobeEncoding ReEncodeFont " <mn-tlf-t2b.enc <MinionPro-Capt.pfb
MinionPro-ItCapt-TLF-7t MinionPro-ItCapt " MinionPro-OT1Encoding ReEncodeFont " <mn-tlf-ot1.enc <MinionPro-ItCapt.pfb
MinionPro-Capt-TLF-6c MinionPro-Capt " MinionPro-T2CAdobeEncoding ReEncodeFont " <mn-tlf-t2c.enc <MinionPro-Capt.pfb
MinionPro-ItCapt-TLF-7m MinionPro-ItCapt " MinionPro-OMLEncoding ReEncodeFont " <mn-tlf-oml.enc <MinionPro-ItCapt.pfb
MinionPro-Capt-TLF-6x MinionPro-Capt " MinionPro-X2AdobeEncoding ReEncodeFont " <mn-tlf-x2.enc <MinionPro-Capt.pfb
MinionPro-ItCapt-TLF-SC-8t MinionPro-ItCapt " MinionPro-SCT1Encoding ReEncodeFont " <mn-tlf-sc-t1.enc <MinionPro-ItCapt.pfb
MinionPro-Capt-TOSF-8t MinionPro-Capt " MinionPro-OSFT1Encoding ReEncodeFont " <mn-tosf-t1.enc <MinionPro-Capt.pfb
MinionPro-ItCapt-TLF-SC-8c MinionPro-ItCapt " MinionPro-SCTS1Encoding ReEncodeFont " <mn-tlf-sc-ts1.enc <MinionPro-ItCapt.pfb
MinionPro-Capt-TOSF-8c MinionPro-Capt " MinionPro-TS1Encoding ReEncodeFont " <mn-tosf-ts1.enc <MinionPro-Capt.pfb
MinionPro-ItCapt-TLF-SC-7t MinionPro-ItCapt " MinionPro-SCOT1Encoding ReEncodeFont " <mn-tlf-sc-ot1.enc <MinionPro-ItCapt.pfb
MinionPro-Capt-TOSF-7t MinionPro-Capt " MinionPro-OT1Encoding ReEncodeFont " <mn-tosf-ot1.enc <MinionPro-Capt.pfb
MinionPro-ItCapt-TLF-6a MinionPro-ItCapt " MinionPro-T2AAdobeEncoding ReEncodeFont " <mn-tlf-t2a.enc <MinionPro-ItCapt.pfb
MinionPro-Capt-TOSF-7m MinionPro-Capt " MinionPro-OSFOMLEncoding ReEncodeFont " <mn-tosf-oml.enc <MinionPro-Capt.pfb
MinionPro-ItCapt-TLF-6t MinionPro-ItCapt " MinionPro-T2BAdobeEncoding ReEncodeFont " <mn-tlf-t2b.enc <MinionPro-ItCapt.pfb
MinionPro-Capt-TOSFSC-8t MinionPro-Capt " MinionPro-OSFSCT1Encoding ReEncodeFont " <mn-tosf-sc-t1.enc <MinionPro-Capt.pfb
MinionPro-ItCapt-TLF-6c MinionPro-ItCapt " MinionPro-T2CAdobeEncoding ReEncodeFont " <mn-tlf-t2c.enc <MinionPro-ItCapt.pfb
MinionPro-Capt-TOSFSC-8c MinionPro-Capt " MinionPro-SCTS1Encoding ReEncodeFont " <mn-tosf-sc-ts1.enc <MinionPro-Capt.pfb
MinionPro-ItCapt-TLF-6x MinionPro-ItCapt " MinionPro-X2AdobeEncoding ReEncodeFont " <mn-tlf-x2.enc <MinionPro-ItCapt.pfb
MinionPro-Capt-TOSFSC-7t MinionPro-Capt " MinionPro-OSFSCOT1Encoding ReEncodeFont " <mn-tosf-sc-ot1.enc <MinionPro-Capt.pfb
MinionPro-Capt-TOSF-6a MinionPro-Capt " MinionPro-T2AAdobeEncoding ReEncodeFont " <mn-tosf-t2a.enc <MinionPro-Capt.pfb
MinionPro-ItCapt-TOSF-8t MinionPro-ItCapt " MinionPro-OSFT1Encoding ReEncodeFont " <mn-tosf-t1.enc <MinionPro-ItCapt.pfb
MinionPro-Capt-TOSF-6t MinionPro-Capt " MinionPro-T2BAdobeEncoding ReEncodeFont " <mn-tosf-t2b.enc <MinionPro-Capt.pfb
MinionPro-ItCapt-TOSF-8c MinionPro-ItCapt " MinionPro-TS1Encoding ReEncodeFont " <mn-tosf-ts1.enc <MinionPro-ItCapt.pfb
MinionPro-Capt-TOSF-6c MinionPro-Capt " MinionPro-T2CAdobeEncoding ReEncodeFont " <mn-tosf-t2c.enc <MinionPro-Capt.pfb
MinionPro-ItCapt-TOSF-7t MinionPro-ItCapt " MinionPro-OT1Encoding ReEncodeFont " <mn-tosf-ot1.enc <MinionPro-ItCapt.pfb
MinionPro-Capt-TOSF-6x MinionPro-Capt " MinionPro-X2AdobeEncoding ReEncodeFont " <mn-tosf-x2.enc <MinionPro-Capt.pfb
MinionPro-ItCapt-TOSF-7m MinionPro-ItCapt " MinionPro-OSFOMLEncoding ReEncodeFont " <mn-tosf-oml.enc <MinionPro-ItCapt.pfb
MinionPro-ItCapt-TOSFSC-8t MinionPro-ItCapt " MinionPro-OSFSCT1Encoding ReEncodeFont " <mn-tosf-sc-t1.enc <MinionPro-ItCapt.pfb
MinionPro-ItCapt-TOSFSC-8c MinionPro-ItCapt " MinionPro-SCTS1Encoding ReEncodeFont " <mn-tosf-sc-ts1.enc <MinionPro-ItCapt.pfb
MinionPro-ItCapt-TOSFSC-7t MinionPro-ItCapt " MinionPro-OSFSCOT1Encoding ReEncodeFont " <mn-tosf-sc-ot1.enc <MinionPro-ItCapt.pfb
MinionPro-ItCapt-TOSF-6a MinionPro-ItCapt " MinionPro-T2AAdobeEncoding ReEncodeFont " <mn-tosf-t2a.enc <MinionPro-ItCapt.pfb
MinionPro-ItCapt-TOSF-6t MinionPro-ItCapt " MinionPro-T2BAdobeEncoding ReEncodeFont " <mn-tosf-t2b.enc <MinionPro-ItCapt.pfb
MinionPro-ItCapt-TOSF-6c MinionPro-ItCapt " MinionPro-T2CAdobeEncoding ReEncodeFont " <mn-tosf-t2c.enc <MinionPro-ItCapt.pfb
MinionPro-ItCapt-TOSF-6x MinionPro-ItCapt " MinionPro-X2AdobeEncoding ReEncodeFont " <mn-tosf-x2.enc <MinionPro-ItCapt.pfb
MinionPro-Disp-8t MinionPro-Disp " MinionPro-T1Encoding ReEncodeFont " <mn-lf-t1.enc <MinionPro-Disp.pfb
MinionPro-Disp-8c MinionPro-Disp " MinionPro-TS1Encoding ReEncodeFont " <mn-lf-ts1.enc <MinionPro-Disp.pfb
MinionPro-Disp-7t MinionPro-Disp " MinionPro-OT1Encoding ReEncodeFont " <mn-lf-ot1.enc <MinionPro-Disp.pfb
MinionPro-Disp-7m MinionPro-Disp " MinionPro-OMLEncoding ReEncodeFont " <mn-lf-oml.enc <MinionPro-Disp.pfb
MinionPro-Disp-SC-8t MinionPro-Disp " MinionPro-SCT1Encoding ReEncodeFont " <mn-lf-sc-t1.enc <MinionPro-Disp.pfb
MinionPro-Disp-SC-8c MinionPro-Disp " MinionPro-SCTS1Encoding ReEncodeFont " <mn-lf-sc-ts1.enc <MinionPro-Disp.pfb
MinionPro-Disp-SC-7t MinionPro-Disp " MinionPro-SCOT1Encoding ReEncodeFont " <mn-lf-sc-ot1.enc <MinionPro-Disp.pfb
MinionPro-Disp-6a MinionPro-Disp " MinionPro-T2AAdobeEncoding ReEncodeFont " <mn-lf-t2a.enc <MinionPro-Disp.pfb
MinionPro-Disp-6t MinionPro-Disp " MinionPro-T2BAdobeEncoding ReEncodeFont " <mn-lf-t2b.enc <MinionPro-Disp.pfb
MinionPro-ItDisp-8t MinionPro-ItDisp " MinionPro-T1Encoding ReEncodeFont " <mn-lf-t1.enc <MinionPro-ItDisp.pfb
MinionPro-Disp-6c MinionPro-Disp " MinionPro-T2CAdobeEncoding ReEncodeFont " <mn-lf-t2c.enc <MinionPro-Disp.pfb
MinionPro-ItDisp-8c MinionPro-ItDisp " MinionPro-TS1Encoding ReEncodeFont " <mn-lf-ts1.enc <MinionPro-ItDisp.pfb
MinionPro-Disp-6x MinionPro-Disp " MinionPro-X2AdobeEncoding ReEncodeFont " <mn-lf-x2.enc <MinionPro-Disp.pfb
MinionPro-ItDisp-7t MinionPro-ItDisp " MinionPro-OT1Encoding ReEncodeFont " <mn-lf-ot1.enc <MinionPro-ItDisp.pfb
MinionPro-Disp-k MinionPro-Disp " MinionPro-LGREncoding ReEncodeFont " <mn-lf-lgr.enc <MinionPro-Disp.pfb
MinionPro-ItDisp-7m MinionPro-ItDisp " MinionPro-OMLEncoding ReEncodeFont " <mn-lf-oml.enc <MinionPro-ItDisp.pfb
MinionPro-Disp-OSF-8t MinionPro-Disp " MinionPro-OSFT1Encoding ReEncodeFont " <mn-osf-t1.enc <MinionPro-Disp.pfb
MinionPro-Disp-OSF-8c MinionPro-Disp " MinionPro-TS1Encoding ReEncodeFont " <mn-osf-ts1.enc <MinionPro-Disp.pfb
MinionPro-ItDisp-SC-8t MinionPro-ItDisp " MinionPro-SCT1Encoding ReEncodeFont " <mn-lf-sc-t1.enc <MinionPro-ItDisp.pfb
MinionPro-Disp-OSF-7t MinionPro-Disp " MinionPro-OT1Encoding ReEncodeFont " <mn-osf-ot1.enc <MinionPro-Disp.pfb
MinionPro-ItDisp-SC-8c MinionPro-ItDisp " MinionPro-SCTS1Encoding ReEncodeFont " <mn-lf-sc-ts1.enc <MinionPro-ItDisp.pfb
MinionPro-Disp-OSF-7m MinionPro-Disp " MinionPro-OSFOMLEncoding ReEncodeFont " <mn-osf-oml.enc <MinionPro-Disp.pfb
MinionPro-ItDisp-SC-7t MinionPro-ItDisp " MinionPro-SCOT1Encoding ReEncodeFont " <mn-lf-sc-ot1.enc <MinionPro-ItDisp.pfb
MinionPro-Disp-OSFSC-8t MinionPro-Disp " MinionPro-OSFSCT1Encoding ReEncodeFont " <mn-osf-sc-t1.enc <MinionPro-Disp.pfb
MinionPro-ItDisp-6a MinionPro-ItDisp " MinionPro-T2AAdobeEncoding ReEncodeFont " <mn-lf-t2a.enc <MinionPro-ItDisp.pfb
MinionPro-Disp-OSFSC-8c MinionPro-Disp " MinionPro-SCTS1Encoding ReEncodeFont " <mn-osf-sc-ts1.enc <MinionPro-Disp.pfb
MinionPro-ItDisp-6t MinionPro-ItDisp " MinionPro-T2BAdobeEncoding ReEncodeFont " <mn-lf-t2b.enc <MinionPro-ItDisp.pfb
MinionPro-Disp-OSFSC-7t MinionPro-Disp " MinionPro-OSFSCOT1Encoding ReEncodeFont " <mn-osf-sc-ot1.enc <MinionPro-Disp.pfb
MinionPro-ItDisp-6c MinionPro-ItDisp " MinionPro-T2CAdobeEncoding ReEncodeFont " <mn-lf-t2c.enc <MinionPro-ItDisp.pfb
MinionPro-Disp-OSF-6a MinionPro-Disp " MinionPro-T2AAdobeEncoding ReEncodeFont " <mn-osf-t2a.enc <MinionPro-Disp.pfb
MinionPro-ItDisp-6x MinionPro-ItDisp " MinionPro-X2AdobeEncoding ReEncodeFont " <mn-lf-x2.enc <MinionPro-ItDisp.pfb
MinionPro-Disp-OSF-6t MinionPro-Disp " MinionPro-T2BAdobeEncoding ReEncodeFont " <mn-osf-t2b.enc <MinionPro-Disp.pfb
MinionPro-ItDisp-k MinionPro-ItDisp " MinionPro-LGREncoding ReEncodeFont " <mn-lf-lgr.enc <MinionPro-ItDisp.pfb
MinionPro-Disp-OSF-6c MinionPro-Disp " MinionPro-T2CAdobeEncoding ReEncodeFont " <mn-osf-t2c.enc <MinionPro-Disp.pfb
MinionPro-Disp-OSF-6x MinionPro-Disp " MinionPro-X2AdobeEncoding ReEncodeFont " <mn-osf-x2.enc <MinionPro-Disp.pfb
MinionPro-ItDisp-OSF-8t MinionPro-ItDisp " MinionPro-OSFT1Encoding ReEncodeFont " <mn-osf-t1.enc <MinionPro-ItDisp.pfb
MinionPro-Disp-TLF-8t MinionPro-Disp " MinionPro-T1Encoding ReEncodeFont " <mn-tlf-t1.enc <MinionPro-Disp.pfb
MinionPro-ItDisp-OSF-8c MinionPro-ItDisp " MinionPro-TS1Encoding ReEncodeFont " <mn-osf-ts1.enc <MinionPro-ItDisp.pfb
MinionPro-Disp-TLF-8c MinionPro-Disp " MinionPro-TS1Encoding ReEncodeFont " <mn-tlf-ts1.enc <MinionPro-Disp.pfb
MinionPro-ItDisp-OSF-7t MinionPro-ItDisp " MinionPro-OT1Encoding ReEncodeFont " <mn-osf-ot1.enc <MinionPro-ItDisp.pfb
MinionPro-Disp-TLF-7t MinionPro-Disp " MinionPro-OT1Encoding ReEncodeFont " <mn-tlf-ot1.enc <MinionPro-Disp.pfb
MinionPro-ItDisp-OSF-7m MinionPro-ItDisp " MinionPro-OSFOMLEncoding ReEncodeFont " <mn-osf-oml.enc <MinionPro-ItDisp.pfb
MinionPro-Disp-TLF-7m MinionPro-Disp " MinionPro-OMLEncoding ReEncodeFont " <mn-tlf-oml.enc <MinionPro-Disp.pfb
MinionPro-ItDisp-OSFSC-8t MinionPro-ItDisp " MinionPro-OSFSCT1Encoding ReEncodeFont " <mn-osf-sc-t1.enc <MinionPro-ItDisp.pfb
MinionPro-Disp-TLF-SC-8t MinionPro-Disp " MinionPro-SCT1Encoding ReEncodeFont " <mn-tlf-sc-t1.enc <MinionPro-Disp.pfb
MinionPro-ItDisp-OSFSC-8c MinionPro-ItDisp " MinionPro-SCTS1Encoding ReEncodeFont " <mn-osf-sc-ts1.enc <MinionPro-ItDisp.pfb
MinionPro-Disp-TLF-SC-8c MinionPro-Disp " MinionPro-SCTS1Encoding ReEncodeFont " <mn-tlf-sc-ts1.enc <MinionPro-Disp.pfb
MinionPro-ItDisp-OSFSC-7t MinionPro-ItDisp " MinionPro-OSFSCOT1Encoding ReEncodeFont " <mn-osf-sc-ot1.enc <MinionPro-ItDisp.pfb
MinionPro-Disp-TLF-SC-7t MinionPro-Disp " MinionPro-SCOT1Encoding ReEncodeFont " <mn-tlf-sc-ot1.enc <MinionPro-Disp.pfb
MinionPro-ItDisp-OSF-6a MinionPro-ItDisp " MinionPro-T2AAdobeEncoding ReEncodeFont " <mn-osf-t2a.enc <MinionPro-ItDisp.pfb
MinionPro-Disp-TLF-6a MinionPro-Disp " MinionPro-T2AAdobeEncoding ReEncodeFont " <mn-tlf-t2a.enc <MinionPro-Disp.pfb
MinionPro-ItDisp-OSF-6t MinionPro-ItDisp " MinionPro-T2BAdobeEncoding ReEncodeFont " <mn-osf-t2b.enc <MinionPro-ItDisp.pfb
MinionPro-Disp-TLF-6t MinionPro-Disp " MinionPro-T2BAdobeEncoding ReEncodeFont " <mn-tlf-t2b.enc <MinionPro-Disp.pfb
MinionPro-ItDisp-OSF-6c MinionPro-ItDisp " MinionPro-T2CAdobeEncoding ReEncodeFont " <mn-osf-t2c.enc <MinionPro-ItDisp.pfb
MinionPro-Disp-TLF-6c MinionPro-Disp " MinionPro-T2CAdobeEncoding ReEncodeFont " <mn-tlf-t2c.enc <MinionPro-Disp.pfb
MinionPro-ItDisp-OSF-6x MinionPro-ItDisp " MinionPro-X2AdobeEncoding ReEncodeFont " <mn-osf-x2.enc <MinionPro-ItDisp.pfb
MinionPro-Disp-TLF-6x MinionPro-Disp " MinionPro-X2AdobeEncoding ReEncodeFont " <mn-tlf-x2.enc <MinionPro-Disp.pfb
MinionPro-ItDisp-TLF-8t MinionPro-ItDisp " MinionPro-T1Encoding ReEncodeFont " <mn-tlf-t1.enc <MinionPro-ItDisp.pfb
MinionPro-Disp-TOSF-8t MinionPro-Disp " MinionPro-OSFT1Encoding ReEncodeFont " <mn-tosf-t1.enc <MinionPro-Disp.pfb
MinionPro-ItDisp-TLF-8c MinionPro-ItDisp " MinionPro-TS1Encoding ReEncodeFont " <mn-tlf-ts1.enc <MinionPro-ItDisp.pfb
MinionPro-Disp-TOSF-8c MinionPro-Disp " MinionPro-TS1Encoding ReEncodeFont " <mn-tosf-ts1.enc <MinionPro-Disp.pfb
MinionPro-ItDisp-TLF-7t MinionPro-ItDisp " MinionPro-OT1Encoding ReEncodeFont " <mn-tlf-ot1.enc <MinionPro-ItDisp.pfb
MinionPro-Disp-TOSF-7t MinionPro-Disp " MinionPro-OT1Encoding ReEncodeFont " <mn-tosf-ot1.enc <MinionPro-Disp.pfb
MinionPro-Disp-TOSF-7m MinionPro-Disp " MinionPro-OSFOMLEncoding ReEncodeFont " <mn-tosf-oml.enc <MinionPro-Disp.pfb
MinionPro-ItDisp-TLF-7m MinionPro-ItDisp " MinionPro-OMLEncoding ReEncodeFont " <mn-tlf-oml.enc <MinionPro-ItDisp.pfb
MinionPro-Disp-TOSFSC-8t MinionPro-Disp " MinionPro-OSFSCT1Encoding ReEncodeFont " <mn-tosf-sc-t1.enc <MinionPro-Disp.pfb
MinionPro-ItDisp-TLF-SC-8t MinionPro-ItDisp " MinionPro-SCT1Encoding ReEncodeFont " <mn-tlf-sc-t1.enc <MinionPro-ItDisp.pfb
MinionPro-Disp-TOSFSC-8c MinionPro-Disp " MinionPro-SCTS1Encoding ReEncodeFont " <mn-tosf-sc-ts1.enc <MinionPro-Disp.pfb
MinionPro-ItDisp-TLF-SC-8c MinionPro-ItDisp " MinionPro-SCTS1Encoding ReEncodeFont " <mn-tlf-sc-ts1.enc <MinionPro-ItDisp.pfb
MinionPro-Disp-TOSFSC-7t MinionPro-Disp " MinionPro-OSFSCOT1Encoding ReEncodeFont " <mn-tosf-sc-ot1.enc <MinionPro-Disp.pfb
MinionPro-ItDisp-TLF-SC-7t MinionPro-ItDisp " MinionPro-SCOT1Encoding ReEncodeFont " <mn-tlf-sc-ot1.enc <MinionPro-ItDisp.pfb
MinionPro-Disp-TOSF-6a MinionPro-Disp " MinionPro-T2AAdobeEncoding ReEncodeFont " <mn-tosf-t2a.enc <MinionPro-Disp.pfb
MinionPro-ItDisp-TLF-6a MinionPro-ItDisp " MinionPro-T2AAdobeEncoding ReEncodeFont " <mn-tlf-t2a.enc <MinionPro-ItDisp.pfb
MinionPro-Disp-TOSF-6t MinionPro-Disp " MinionPro-T2BAdobeEncoding ReEncodeFont " <mn-tosf-t2b.enc <MinionPro-Disp.pfb
MinionPro-ItDisp-TLF-6t MinionPro-ItDisp " MinionPro-T2BAdobeEncoding ReEncodeFont " <mn-tlf-t2b.enc <MinionPro-ItDisp.pfb
MinionPro-Disp-TOSF-6c MinionPro-Disp " MinionPro-T2CAdobeEncoding ReEncodeFont " <mn-tosf-t2c.enc <MinionPro-Disp.pfb
MinionPro-ItDisp-TLF-6c MinionPro-ItDisp " MinionPro-T2CAdobeEncoding ReEncodeFont " <mn-tlf-t2c.enc <MinionPro-ItDisp.pfb
MinionPro-Disp-TOSF-6x MinionPro-Disp " MinionPro-X2AdobeEncoding ReEncodeFont " <mn-tosf-x2.enc <MinionPro-Disp.pfb
MinionPro-ItDisp-TLF-6x MinionPro-ItDisp " MinionPro-X2AdobeEncoding ReEncodeFont " <mn-tlf-x2.enc <MinionPro-ItDisp.pfb
MinionPro-ItDisp-TOSF-8t MinionPro-ItDisp " MinionPro-OSFT1Encoding ReEncodeFont " <mn-tosf-t1.enc <MinionPro-ItDisp.pfb
MinionPro-ItDisp-TOSF-8c MinionPro-ItDisp " MinionPro-TS1Encoding ReEncodeFont " <mn-tosf-ts1.enc <MinionPro-ItDisp.pfb
MinionPro-ItDisp-TOSF-7t MinionPro-ItDisp " MinionPro-OT1Encoding ReEncodeFont " <mn-tosf-ot1.enc <MinionPro-ItDisp.pfb
MinionPro-ItDisp-TOSF-7m MinionPro-ItDisp " MinionPro-OSFOMLEncoding ReEncodeFont " <mn-tosf-oml.enc <MinionPro-ItDisp.pfb
MinionPro-ItDisp-TOSFSC-8t MinionPro-ItDisp " MinionPro-OSFSCT1Encoding ReEncodeFont " <mn-tosf-sc-t1.enc <MinionPro-ItDisp.pfb
MinionPro-ItDisp-TOSFSC-8c MinionPro-ItDisp " MinionPro-SCTS1Encoding ReEncodeFont " <mn-tosf-sc-ts1.enc <MinionPro-ItDisp.pfb
MinionPro-ItDisp-TOSFSC-7t MinionPro-ItDisp " MinionPro-OSFSCOT1Encoding ReEncodeFont " <mn-tosf-sc-ot1.enc <MinionPro-ItDisp.pfb
MinionPro-ItDisp-TOSF-6a MinionPro-ItDisp " MinionPro-T2AAdobeEncoding ReEncodeFont " <mn-tosf-t2a.enc <MinionPro-ItDisp.pfb
MinionPro-ItDisp-TOSF-6t MinionPro-ItDisp " MinionPro-T2BAdobeEncoding ReEncodeFont " <mn-tosf-t2b.enc <MinionPro-ItDisp.pfb
MinionPro-ItDisp-TOSF-6c MinionPro-ItDisp " MinionPro-T2CAdobeEncoding ReEncodeFont " <mn-tosf-t2c.enc <MinionPro-ItDisp.pfb
MinionPro-ItDisp-TOSF-6x MinionPro-ItDisp " MinionPro-X2AdobeEncoding ReEncodeFont " <mn-tosf-x2.enc <MinionPro-ItDisp.pfb
MinionPro-Subh-8t MinionPro-Subh " MinionPro-T1Encoding ReEncodeFont " <mn-lf-t1.enc <MinionPro-Subh.pfb
MinionPro-Subh-8c MinionPro-Subh " MinionPro-TS1Encoding ReEncodeFont " <mn-lf-ts1.enc <MinionPro-Subh.pfb
MinionPro-Subh-7t MinionPro-Subh " MinionPro-OT1Encoding ReEncodeFont " <mn-lf-ot1.enc <MinionPro-Subh.pfb
MinionPro-Subh-7m MinionPro-Subh " MinionPro-OMLEncoding ReEncodeFont " <mn-lf-oml.enc <MinionPro-Subh.pfb
MinionPro-Subh-SC-8t MinionPro-Subh " MinionPro-SCT1Encoding ReEncodeFont " <mn-lf-sc-t1.enc <MinionPro-Subh.pfb
MinionPro-Subh-SC-8c MinionPro-Subh " MinionPro-SCTS1Encoding ReEncodeFont " <mn-lf-sc-ts1.enc <MinionPro-Subh.pfb
MinionPro-Subh-SC-7t MinionPro-Subh " MinionPro-SCOT1Encoding ReEncodeFont " <mn-lf-sc-ot1.enc <MinionPro-Subh.pfb
MinionPro-Subh-6a MinionPro-Subh " MinionPro-T2AAdobeEncoding ReEncodeFont " <mn-lf-t2a.enc <MinionPro-Subh.pfb
MinionPro-Subh-6t MinionPro-Subh " MinionPro-T2BAdobeEncoding ReEncodeFont " <mn-lf-t2b.enc <MinionPro-Subh.pfb
MinionPro-Subh-6c MinionPro-Subh " MinionPro-T2CAdobeEncoding ReEncodeFont " <mn-lf-t2c.enc <MinionPro-Subh.pfb
MinionPro-Subh-6x MinionPro-Subh " MinionPro-X2AdobeEncoding ReEncodeFont " <mn-lf-x2.enc <MinionPro-Subh.pfb
MinionPro-Subh-k MinionPro-Subh " MinionPro-LGREncoding ReEncodeFont " <mn-lf-lgr.enc <MinionPro-Subh.pfb
MinionPro-Subh-OSF-8t MinionPro-Subh " MinionPro-OSFT1Encoding ReEncodeFont " <mn-osf-t1.enc <MinionPro-Subh.pfb
MinionPro-Subh-OSF-8c MinionPro-Subh " MinionPro-TS1Encoding ReEncodeFont " <mn-osf-ts1.enc <MinionPro-Subh.pfb
MinionPro-ItSubh-8t MinionPro-ItSubh " MinionPro-T1Encoding ReEncodeFont " <mn-lf-t1.enc <MinionPro-ItSubh.pfb
MinionPro-Subh-OSF-7t MinionPro-Subh " MinionPro-OT1Encoding ReEncodeFont " <mn-osf-ot1.enc <MinionPro-Subh.pfb
MinionPro-ItSubh-8c MinionPro-ItSubh " MinionPro-TS1Encoding ReEncodeFont " <mn-lf-ts1.enc <MinionPro-ItSubh.pfb
MinionPro-Subh-OSF-7m MinionPro-Subh " MinionPro-OSFOMLEncoding ReEncodeFont " <mn-osf-oml.enc <MinionPro-Subh.pfb
MinionPro-ItSubh-7t MinionPro-ItSubh " MinionPro-OT1Encoding ReEncodeFont " <mn-lf-ot1.enc <MinionPro-ItSubh.pfb
MinionPro-Subh-OSFSC-8t MinionPro-Subh " MinionPro-OSFSCT1Encoding ReEncodeFont " <mn-osf-sc-t1.enc <MinionPro-Subh.pfb
MinionPro-ItSubh-7m MinionPro-ItSubh " MinionPro-OMLEncoding ReEncodeFont " <mn-lf-oml.enc <MinionPro-ItSubh.pfb
MinionPro-Subh-OSFSC-8c MinionPro-Subh " MinionPro-SCTS1Encoding ReEncodeFont " <mn-osf-sc-ts1.enc <MinionPro-Subh.pfb
MinionPro-ItSubh-SC-8t MinionPro-ItSubh " MinionPro-SCT1Encoding ReEncodeFont " <mn-lf-sc-t1.enc <MinionPro-ItSubh.pfb
MinionPro-Subh-OSFSC-7t MinionPro-Subh " MinionPro-OSFSCOT1Encoding ReEncodeFont " <mn-osf-sc-ot1.enc <MinionPro-Subh.pfb
MinionPro-ItSubh-SC-8c MinionPro-ItSubh " MinionPro-SCTS1Encoding ReEncodeFont " <mn-lf-sc-ts1.enc <MinionPro-ItSubh.pfb
MinionPro-Subh-OSF-6a MinionPro-Subh " MinionPro-T2AAdobeEncoding ReEncodeFont " <mn-osf-t2a.enc <MinionPro-Subh.pfb
MinionPro-ItSubh-SC-7t MinionPro-ItSubh " MinionPro-SCOT1Encoding ReEncodeFont " <mn-lf-sc-ot1.enc <MinionPro-ItSubh.pfb
MinionPro-Subh-OSF-6t MinionPro-Subh " MinionPro-T2BAdobeEncoding ReEncodeFont " <mn-osf-t2b.enc <MinionPro-Subh.pfb
MinionPro-ItSubh-6a MinionPro-ItSubh " MinionPro-T2AAdobeEncoding ReEncodeFont " <mn-lf-t2a.enc <MinionPro-ItSubh.pfb
MinionPro-Subh-OSF-6c MinionPro-Subh " MinionPro-T2CAdobeEncoding ReEncodeFont " <mn-osf-t2c.enc <MinionPro-Subh.pfb
MinionPro-Subh-OSF-6x MinionPro-Subh " MinionPro-X2AdobeEncoding ReEncodeFont " <mn-osf-x2.enc <MinionPro-Subh.pfb
MinionPro-ItSubh-6t MinionPro-ItSubh " MinionPro-T2BAdobeEncoding ReEncodeFont " <mn-lf-t2b.enc <MinionPro-ItSubh.pfb
MinionPro-ItSubh-6c MinionPro-ItSubh " MinionPro-T2CAdobeEncoding ReEncodeFont " <mn-lf-t2c.enc <MinionPro-ItSubh.pfb
MinionPro-Subh-TLF-8t MinionPro-Subh " MinionPro-T1Encoding ReEncodeFont " <mn-tlf-t1.enc <MinionPro-Subh.pfb
MinionPro-Subh-TLF-8c MinionPro-Subh " MinionPro-TS1Encoding ReEncodeFont " <mn-tlf-ts1.enc <MinionPro-Subh.pfb
MinionPro-ItSubh-6x MinionPro-ItSubh " MinionPro-X2AdobeEncoding ReEncodeFont " <mn-lf-x2.enc <MinionPro-ItSubh.pfb
MinionPro-Subh-TLF-7t MinionPro-Subh " MinionPro-OT1Encoding ReEncodeFont " <mn-tlf-ot1.enc <MinionPro-Subh.pfb
MinionPro-ItSubh-k MinionPro-ItSubh " MinionPro-LGREncoding ReEncodeFont " <mn-lf-lgr.enc <MinionPro-ItSubh.pfb
MinionPro-Subh-TLF-7m MinionPro-Subh " MinionPro-OMLEncoding ReEncodeFont " <mn-tlf-oml.enc <MinionPro-Subh.pfb
MinionPro-ItSubh-OSF-8t MinionPro-ItSubh " MinionPro-OSFT1Encoding ReEncodeFont " <mn-osf-t1.enc <MinionPro-ItSubh.pfb
MinionPro-Subh-TLF-SC-8t MinionPro-Subh " MinionPro-SCT1Encoding ReEncodeFont " <mn-tlf-sc-t1.enc <MinionPro-Subh.pfb
MinionPro-ItSubh-OSF-8c MinionPro-ItSubh " MinionPro-TS1Encoding ReEncodeFont " <mn-osf-ts1.enc <MinionPro-ItSubh.pfb
MinionPro-Subh-TLF-SC-8c MinionPro-Subh " MinionPro-SCTS1Encoding ReEncodeFont " <mn-tlf-sc-ts1.enc <MinionPro-Subh.pfb
MinionPro-ItSubh-OSF-7t MinionPro-ItSubh " MinionPro-OT1Encoding ReEncodeFont " <mn-osf-ot1.enc <MinionPro-ItSubh.pfb
MinionPro-Subh-TLF-SC-7t MinionPro-Subh " MinionPro-SCOT1Encoding ReEncodeFont " <mn-tlf-sc-ot1.enc <MinionPro-Subh.pfb
MinionPro-ItSubh-OSF-7m MinionPro-ItSubh " MinionPro-OSFOMLEncoding ReEncodeFont " <mn-osf-oml.enc <MinionPro-ItSubh.pfb
MinionPro-Subh-TLF-6a MinionPro-Subh " MinionPro-T2AAdobeEncoding ReEncodeFont " <mn-tlf-t2a.enc <MinionPro-Subh.pfb
MinionPro-ItSubh-OSFSC-8t MinionPro-ItSubh " MinionPro-OSFSCT1Encoding ReEncodeFont " <mn-osf-sc-t1.enc <MinionPro-ItSubh.pfb
MinionPro-Subh-TLF-6t MinionPro-Subh " MinionPro-T2BAdobeEncoding ReEncodeFont " <mn-tlf-t2b.enc <MinionPro-Subh.pfb
MinionPro-ItSubh-OSFSC-8c MinionPro-ItSubh " MinionPro-SCTS1Encoding ReEncodeFont " <mn-osf-sc-ts1.enc <MinionPro-ItSubh.pfb
MinionPro-Subh-TLF-6c MinionPro-Subh " MinionPro-T2CAdobeEncoding ReEncodeFont " <mn-tlf-t2c.enc <MinionPro-Subh.pfb
MinionPro-ItSubh-OSFSC-7t MinionPro-ItSubh " MinionPro-OSFSCOT1Encoding ReEncodeFont " <mn-osf-sc-ot1.enc <MinionPro-ItSubh.pfb
MinionPro-Subh-TLF-6x MinionPro-Subh " MinionPro-X2AdobeEncoding ReEncodeFont " <mn-tlf-x2.enc <MinionPro-Subh.pfb
MinionPro-ItSubh-OSF-6a MinionPro-ItSubh " MinionPro-T2AAdobeEncoding ReEncodeFont " <mn-osf-t2a.enc <MinionPro-ItSubh.pfb
MinionPro-Subh-TOSF-8t MinionPro-Subh " MinionPro-OSFT1Encoding ReEncodeFont " <mn-tosf-t1.enc <MinionPro-Subh.pfb
MinionPro-ItSubh-OSF-6t MinionPro-ItSubh " MinionPro-T2BAdobeEncoding ReEncodeFont " <mn-osf-t2b.enc <MinionPro-ItSubh.pfb
MinionPro-Subh-TOSF-8c MinionPro-Subh " MinionPro-TS1Encoding ReEncodeFont " <mn-tosf-ts1.enc <MinionPro-Subh.pfb
MinionPro-ItSubh-OSF-6c MinionPro-ItSubh " MinionPro-T2CAdobeEncoding ReEncodeFont " <mn-osf-t2c.enc <MinionPro-ItSubh.pfb
MinionPro-Subh-TOSF-7t MinionPro-Subh " MinionPro-OT1Encoding ReEncodeFont " <mn-tosf-ot1.enc <MinionPro-Subh.pfb
MinionPro-ItSubh-OSF-6x MinionPro-ItSubh " MinionPro-X2AdobeEncoding ReEncodeFont " <mn-osf-x2.enc <MinionPro-ItSubh.pfb
MinionPro-Subh-TOSF-7m MinionPro-Subh " MinionPro-OSFOMLEncoding ReEncodeFont " <mn-tosf-oml.enc <MinionPro-Subh.pfb
MinionPro-ItSubh-TLF-8t MinionPro-ItSubh " MinionPro-T1Encoding ReEncodeFont " <mn-tlf-t1.enc <MinionPro-ItSubh.pfb
MinionPro-Subh-TOSFSC-8t MinionPro-Subh " MinionPro-OSFSCT1Encoding ReEncodeFont " <mn-tosf-sc-t1.enc <MinionPro-Subh.pfb
MinionPro-Subh-TOSFSC-8c MinionPro-Subh " MinionPro-SCTS1Encoding ReEncodeFont " <mn-tosf-sc-ts1.enc <MinionPro-Subh.pfb
MinionPro-ItSubh-TLF-8c MinionPro-ItSubh " MinionPro-TS1Encoding ReEncodeFont " <mn-tlf-ts1.enc <MinionPro-ItSubh.pfb
MinionPro-Subh-TOSFSC-7t MinionPro-Subh " MinionPro-OSFSCOT1Encoding ReEncodeFont " <mn-tosf-sc-ot1.enc <MinionPro-Subh.pfb
MinionPro-ItSubh-TLF-7t MinionPro-ItSubh " MinionPro-OT1Encoding ReEncodeFont " <mn-tlf-ot1.enc <MinionPro-ItSubh.pfb
MinionPro-Subh-TOSF-6a MinionPro-Subh " MinionPro-T2AAdobeEncoding ReEncodeFont " <mn-tosf-t2a.enc <MinionPro-Subh.pfb
MinionPro-ItSubh-TLF-7m MinionPro-ItSubh " MinionPro-OMLEncoding ReEncodeFont " <mn-tlf-oml.enc <MinionPro-ItSubh.pfb
MinionPro-Subh-TOSF-6t MinionPro-Subh " MinionPro-T2BAdobeEncoding ReEncodeFont " <mn-tosf-t2b.enc <MinionPro-Subh.pfb
MinionPro-ItSubh-TLF-SC-8t MinionPro-ItSubh " MinionPro-SCT1Encoding ReEncodeFont " <mn-tlf-sc-t1.enc <MinionPro-ItSubh.pfb
MinionPro-Subh-TOSF-6c MinionPro-Subh " MinionPro-T2CAdobeEncoding ReEncodeFont " <mn-tosf-t2c.enc <MinionPro-Subh.pfb
MinionPro-ItSubh-TLF-SC-8c MinionPro-ItSubh " MinionPro-SCTS1Encoding ReEncodeFont " <mn-tlf-sc-ts1.enc <MinionPro-ItSubh.pfb
MinionPro-Subh-TOSF-6x MinionPro-Subh " MinionPro-X2AdobeEncoding ReEncodeFont " <mn-tosf-x2.enc <MinionPro-Subh.pfb
MinionPro-ItSubh-TLF-SC-7t MinionPro-ItSubh " MinionPro-SCOT1Encoding ReEncodeFont " <mn-tlf-sc-ot1.enc <MinionPro-ItSubh.pfb
MinionPro-ItSubh-TLF-6a MinionPro-ItSubh " MinionPro-T2AAdobeEncoding ReEncodeFont " <mn-tlf-t2a.enc <MinionPro-ItSubh.pfb
MinionPro-ItSubh-TLF-6t MinionPro-ItSubh " MinionPro-T2BAdobeEncoding ReEncodeFont " <mn-tlf-t2b.enc <MinionPro-ItSubh.pfb
MinionPro-ItSubh-TLF-6c MinionPro-ItSubh " MinionPro-T2CAdobeEncoding ReEncodeFont " <mn-tlf-t2c.enc <MinionPro-ItSubh.pfb
MinionPro-ItSubh-TLF-6x MinionPro-ItSubh " MinionPro-X2AdobeEncoding ReEncodeFont " <mn-tlf-x2.enc <MinionPro-ItSubh.pfb
MinionPro-ItSu