MinionPro-Regular-8t MinionPro-Regular " MinionPro-T1Encoding ReEncodeFont " <mn-lf-t1.enc <MinionPro-Regular.pfb
MinionPro-Regular-8c MinionPro-Regular " MinionPro-TS1Encoding ReEncodeFont " <mn-lf-ts1.enc <MinionPro-Regular.pfb
MinionPro-Regular-7t MinionPro-Regular " MinionPro-OT1Encoding ReEncodeFont " <mn-lf-ot1.enc <MinionPro-Regular.pfb
MinionPro-Regular-7m MinionPro-Regular " MinionPro-OMLEncoding ReEncodeFont " <mn-lf-oml.enc <MinionPro-Regular.pfb
MinionPro-Regular-SC-8t MinionPro-Regular " MinionPro-SCT1Encoding ReEncodeFont " <mn-lf-sc-t1.enc <MinionPro-Regular.pfb
MinionPro-Regular-SC-8c MinionPro-Regular " MinionPro-SCTS1Encoding ReEncodeFont " <mn-lf-sc-ts1.enc <MinionPro-Regular.pfb
MinionPro-Regular-SC-7t MinionPro-Regular " MinionPro-SCOT1Encoding ReEncodeFont " <mn-lf-sc-ot1.enc <MinionPro-Regular.pfb
MinionPro-Regular-6a MinionPro-Regular " MinionPro-T2AAdobeEncoding ReEncodeFont " <mn-lf-t2a.enc <MinionPro-Regular.pfb
MinionPro-Regular-6t MinionPro-Regular " MinionPro-T2BAdobeEncoding ReEncodeFont " <mn-lf-t2b.enc <MinionPro-Regular.pfb
MinionPro-Regular-6c MinionPro-Regular " MinionPro-T2CAdobeEncoding ReEncodeFont " <mn-lf-t2c.enc <MinionPro-Regular.pfb
MinionPro-Regular-6x MinionPro-Regular " MinionPro-X2AdobeEncoding ReEncodeFont " <mn-lf-x2.enc <MinionPro-Regular.pfb
MinionPro-Regular-OSF-8t MinionPro-Regular " MinionPro-OSFT1Encoding ReEncodeFont " <mn-osf-t1.enc <MinionPro-Regular.pfb
MinionPro-Regular-OSF-8c MinionPro-Regular " MinionPro-TS1Encoding ReEncodeFont " <mn-osf-ts1.enc <MinionPro-Regular.pfb
MinionPro-Regular-OSF-7t MinionPro-Regular " MinionPro-OT1Encoding ReEncodeFont " <mn-osf-ot1.enc <MinionPro-Regular.pfb
MinionPro-Regular-OSF-7m MinionPro-Regular " MinionPro-OSFOMLEncoding ReEncodeFont " <mn-osf-oml.enc <MinionPro-Regular.pfb
MinionPro-Regular-OSFSC-8t MinionPro-Regular " MinionPro-OSFSCT1Encoding ReEncodeFont " <mn-osf-sc-t1.enc <MinionPro-Regular.pfb
MinionPro-Regular-OSFSC-8c MinionPro-Regular " MinionPro-SCTS1Encoding ReEncodeFont " <mn-osf-sc-ts1.enc <MinionPro-Regular.pfb
MinionPro-Regular-OSFSC-7t MinionPro-Regular " MinionPro-OSFSCOT1Encoding ReEncodeFont " <mn-osf-sc-ot1.enc <MinionPro-Regular.pfb
MinionPro-Regular-OSF-6a MinionPro-Regular " MinionPro-T2AAdobeEncoding ReEncodeFont " <mn-osf-t2a.enc <MinionPro-Regular.pfb
MinionPro-Regular-OSF-6t MinionPro-Regular " MinionPro-T2BAdobeEncoding ReEncodeFont " <mn-osf-t2b.enc <MinionPro-Regular.pfb
MinionPro-Regular-OSF-6c MinionPro-Regular " MinionPro-T2CAdobeEncoding ReEncodeFont " <mn-osf-t2c.enc <MinionPro-Regular.pfb
MinionPro-Regular-OSF-6x MinionPro-Regular " MinionPro-X2AdobeEncoding ReEncodeFont " <mn-osf-x2.enc <MinionPro-Regular.pfb
MinionPro-Capt-8t MinionPro-Capt " MinionPro-T1Encoding ReEncodeFont " <mn-lf-t1.enc <MinionPro-Capt.pfb
MinionPro-Capt-8c MinionPro-Capt " MinionPro-TS1Encoding ReEncodeFont " <mn-lf-ts1.enc <MinionPro-Capt.pfb
MinionPro-Capt-7t MinionPro-Capt " MinionPro-OT1Encoding ReEncodeFont " <mn-lf-ot1.enc <MinionPro-Capt.pfb
MinionPro-Capt-7m MinionPro-Capt " MinionPro-OMLEncoding ReEncodeFont " <mn-lf-oml.enc <MinionPro-Capt.pfb
MinionPro-Capt-SC-8t MinionPro-Capt " MinionPro-SCT1Encoding ReEncodeFont " <mn-lf-sc-t1.enc <MinionPro-Capt.pfb
MinionPro-Capt-SC-8c MinionPro-Capt " MinionPro-SCTS1Encoding ReEncodeFont " <mn-lf-sc-ts1.enc <MinionPro-Capt.pfb
MinionPro-Capt-SC-7t MinionPro-Capt " MinionPro-SCOT1Encoding ReEncodeFont " <mn-lf-sc-ot1.enc <MinionPro-Capt.pfb
MinionPro-Capt-6a MinionPro-Capt " MinionPro-T2AAdobeEncoding ReEncodeFont " <mn-lf-t2a.enc <MinionPro-Capt.pfb
MinionPro-Capt-6t MinionPro-Capt " MinionPro-T2BAdobeEncoding ReEncodeFont " <mn-lf-t2b.enc <MinionPro-Capt.pfb
MinionPro-Capt-6c MinionPro-Capt " MinionPro-T2CAdobeEncoding ReEncodeFont " <mn-lf-t2c.enc <MinionPro-Capt.pfb
MinionPro-Capt-6x MinionPro-Capt " MinionPro-X2AdobeEncoding ReEncodeFont " <mn-lf-x2.enc <MinionPro-Capt.pfb
MinionPro-Capt-OSF-8t MinionPro-Capt " MinionPro-OSFT1Encoding ReEncodeFont " <mn-osf-t1.enc <MinionPro-Capt.pfb
MinionPro-Capt-OSF-8c MinionPro-Capt " MinionPro-TS1Encoding ReEncodeFont " <mn-osf-ts1.enc <MinionPro-Capt.pfb
MinionPro-Capt-OSF-7t MinionPro-Capt " MinionPro-OT1Encoding ReEncodeFont " <mn-osf-ot1.enc <MinionPro-Capt.pfb
MinionPro-Capt-OSF-7m MinionPro-Capt " MinionPro-OSFOMLEncoding ReEncodeFont " <mn-osf-oml.enc <MinionPro-Capt.pfb
MinionPro-Capt-OSFSC-8t MinionPro-Capt " MinionPro-OSFSCT1Encoding ReEncodeFont " <mn-osf-sc-t1.enc <MinionPro-Capt.pfb
MinionPro-Capt-OSFSC-8c MinionPro-Capt " MinionPro-SCTS1Encoding ReEncodeFont " <mn-osf-sc-ts1.enc <MinionPro-Capt.pfb
MinionPro-Capt-OSFSC-7t MinionPro-Capt " MinionPro-OSFSCOT1Encoding ReEncodeFont " <mn-osf-sc-ot1.enc <MinionPro-Capt.pfb
MinionPro-Capt-OSF-6a MinionPro-Capt " MinionPro-T2AAdobeEncoding ReEncodeFont " <mn-osf-t2a.enc <MinionPro-Capt.pfb
MinionPro-Capt-OSF-6t MinionPro-Capt " MinionPro-T2BAdobeEncoding ReEncodeFont " <mn-osf-t2b.enc <MinionPro-Capt.pfb
MinionPro-Capt-OSF-6c MinionPro-Capt " MinionPro-T2CAdobeEncoding ReEncodeFont " <mn-osf-t2c.enc <MinionPro-Capt.pfb
MinionPro-Capt-OSF-6x MinionPro-Capt " MinionPro-X2AdobeEncoding ReEncodeFont " <mn-osf-x2.enc <MinionPro-Capt.pfb
MinionPro-Disp-8t MinionPro-Disp " MinionPro-T1Encoding ReEncodeFont " <mn-lf-t1.enc <MinionPro-Disp.pfb
MinionPro-Disp-8c MinionPro-Disp " MinionPro-TS1Encoding ReEncodeFont " <mn-lf-ts1.enc <MinionPro-Disp.pfb
MinionPro-Disp-7t MinionPro-Disp " MinionPro-OT1Encoding ReEncodeFont " <mn-lf-ot1.enc <MinionPro-Disp.pfb
MinionPro-Disp-7m MinionPro-Disp " MinionPro-OMLEncoding ReEncodeFont " <mn-lf-oml.enc <MinionPro-Disp.pfb
MinionPro-Disp-SC-8t MinionPro-Disp " MinionPro-SCT1Encoding ReEncodeFont " <mn-lf-sc-t1.enc <MinionPro-Disp.pfb
MinionPro-Disp-SC-8c MinionPro-Disp " MinionPro-SCTS1Encoding ReEncodeFont " <mn-lf-sc-ts1.enc <MinionPro-Disp.pfb
MinionPro-Disp-SC-7t MinionPro-Disp " MinionPro-SCOT1Encoding ReEncodeFont " <mn-lf-sc-ot1.enc <MinionPro-Disp.pfb
MinionPro-Disp-6a MinionPro-Disp " MinionPro-T2AAdobeEncoding ReEncodeFont " <mn-lf-t2a.enc <MinionPro-Disp.pfb
MinionPro-Disp-6t MinionPro-Disp " MinionPro-T2BAdobeEncoding ReEncodeFont " <mn-lf-t2b.enc <MinionPro-Disp.pfb
MinionPro-Disp-6c MinionPro-Disp " MinionPro-T2CAdobeEncoding ReEncodeFont " <mn-lf-t2c.enc <MinionPro-Disp.pfb
MinionPro-Disp-6x MinionPro-Disp " MinionPro-X2AdobeEncoding ReEncodeFont " <mn-lf-x2.enc <MinionPro-Disp.pfb
MinionPro-Disp-OSF-8t MinionPro-Disp " MinionPro-OSFT1Encoding ReEncodeFont " <mn-osf-t1.enc <MinionPro-Disp.pfb
MinionPro-Disp-OSF-8c MinionPro-Disp " MinionPro-TS1Encoding ReEncodeFont " <mn-osf-ts1.enc <MinionPro-Disp.pfb
MinionPro-Disp-OSF-7t MinionPro-Disp " MinionPro-OT1Encoding ReEncodeFont " <mn-osf-ot1.enc <MinionPro-Disp.pfb
MinionPro-Disp-OSF-7m MinionPro-Disp " MinionPro-OSFOMLEncoding ReEncodeFont " <mn-osf-oml.enc <MinionPro-Disp.pfb
MinionPro-Disp-OSFSC-8t MinionPro-Disp " MinionPro-OSFSCT1Encoding ReEncodeFont " <mn-osf-sc-t1.enc <MinionPro-Disp.pfb
MinionPro-Disp-OSFSC-8c MinionPro-Disp " MinionPro-SCTS1Encoding ReEncodeFont " <mn-osf-sc-ts1.enc <MinionPro-Disp.pfb
MinionPro-Disp-OSFSC-7t MinionPro-Disp " MinionPro-OSFSCOT1Encoding ReEncodeFont " <mn-osf-sc-ot1.enc <MinionPro-Disp.pfb
MinionPro-Disp-OSF-6a MinionPro-Disp " MinionPro-T2AAdobeEncoding ReEncodeFont " <mn-osf-t2a.enc <MinionPro-Disp.pfb
MinionPro-Disp-OSF-6t MinionPro-Disp " MinionPro-T2BAdobeEncoding ReEncodeFont " <mn-osf-t2b.enc <MinionPro-Disp.pfb
MinionPro-Disp-OSF-6c MinionPro-Disp " MinionPro-T2CAdobeEncoding ReEncodeFont " <mn-osf-t2c.enc <MinionPro-Disp.pfb
MinionPro-Disp-OSF-6x MinionPro-Disp " MinionPro-X2AdobeEncoding ReEncodeFont " <mn-osf-x2.enc <MinionPro-Disp.pfb
MinionPro-Subh-8t MinionPro-Subh " MinionPro-T1Encoding ReEncodeFont " <mn-lf-t1.enc <MinionPro-Subh.pfb
MinionPro-Subh-8c MinionPro-Subh " MinionPro-TS1Encoding ReEncodeFont " <mn-lf-ts1.enc <MinionPro-Subh.pfb
MinionPro-Subh-7t MinionPro-Subh " MinionPro-OT1Encoding ReEncodeFont " <mn-lf-ot1.enc <MinionPro-Subh.pfb
MinionPro-Subh-7m MinionPro-Subh " MinionPro-OMLEncoding ReEncodeFont " <mn-lf-oml.enc <MinionPro-Subh.pfb
MinionPro-Subh-SC-8t MinionPro-Subh " MinionPro-SCT1Encoding ReEncodeFont " <mn-lf-sc-t1.enc <MinionPro-Subh.pfb
MinionPro-Subh-SC-8c MinionPro-Subh " MinionPro-SCTS1Encoding ReEncodeFont " <mn-lf-sc-ts1.enc <MinionPro-Subh.pfb
MinionPro-Subh-SC-7t MinionPro-Subh " MinionPro-SCOT1Encoding ReEncodeFont " <mn-lf-sc-ot1.enc <MinionPro-Subh.pfb
MinionPro-Subh-6a MinionPro-Subh " MinionPro-T2AAdobeEncoding ReEncodeFont " <mn-lf-t2a.enc <MinionPro-Subh.pfb
MinionPro-Subh-6t MinionPro-Subh " MinionPro-T2BAdobeEncoding ReEncodeFont " <mn-lf-t2b.enc <MinionPro-Subh.pfb
MinionPro-Subh-6c MinionPro-Subh " MinionPro-T2CAdobeEncoding ReEncodeFont " <mn-lf-t2c.enc <MinionPro-Subh.pfb
MinionPro-Subh-6x MinionPro-Subh " MinionPro-X2AdobeEncoding ReEncodeFont " <mn-lf-x2.enc <MinionPro-Subh.pfb
MinionPro-Subh-OSF-8t MinionPro-Subh " MinionPro-OSFT1Encoding ReEncodeFont " <mn-osf-t1.enc <MinionPro-Subh.pfb
MinionPro-Subh-OSF-8c MinionPro-Subh " MinionPro-TS1Encoding ReEncodeFont " <mn-osf-ts1.enc <MinionPro-Subh.pfb
MinionPro-Subh-OSF-7t MinionPro-Subh " MinionPro-OT1Encoding ReEncodeFont " <mn-osf-ot1.enc <MinionPro-Subh.pfb
MinionPro-Subh-OSF-7m MinionPro-Subh " MinionPro-OSFOMLEncoding ReEncodeFont " <mn-osf-oml.enc <MinionPro-Subh.pfb
MinionPro-Subh-OSFSC-8t MinionPro-Subh " MinionPro-OSFSCT1Encoding ReEncodeFont " <mn-osf-sc-t1.enc <MinionPro-Subh.pfb
MinionPro-Subh-OSFSC-8c MinionPro-Subh " MinionPro-SCTS1Encoding ReEncodeFont " <mn-osf-sc-ts1.enc <MinionPro-Subh.pfb
MinionPro-Subh-OSFSC-7t MinionPro-Subh " MinionPro-OSFSCOT1Encoding ReEncodeFont " <mn-osf-sc-ot1.enc <MinionPro-Subh.pfb
MinionPro-Subh-OSF-6a MinionPro-Subh " MinionPro-T2AAdobeEncoding ReEncodeFont " <mn-osf-t2a.enc <MinionPro-Subh.pfb
MinionPro-Subh-OSF-6t MinionPro-Subh " MinionPro-T2BAdobeEncoding ReEncodeFont " <mn-osf-t2b.enc <MinionPro-Subh.pfb
MinionPro-Subh-OSF-6c MinionPro-Subh " MinionPro-T2CAdobeEncoding ReEncodeFont " <mn-osf-t2c.enc <MinionPro-Subh.pfb
MinionPro-Subh-OSF-6x MinionPro-Subh " MinionPro-X2AdobeEncoding ReEncodeFont " <mn-osf-x2.enc <MinionPro-Subh.pfb
MinionPro-It-8t MinionPro-It " MinionPro-T1Encoding ReEncodeFont " <mn-lf-t1.enc <MinionPro-It.pfb
MinionPro-It-8c MinionPro-It " MinionPro-TS1Encoding ReEncodeFont " <mn-lf-ts1.enc <MinionPro-It.pfb
MinionPro-It-7t MinionPro-It " MinionPro-OT1Encoding ReEncodeFont " <mn-lf-ot1.enc <MinionPro-It.pfb
MinionPro-It-7m MinionPro-It " MinionPro-OMLEncoding ReEncodeFont " <mn-lf-oml.enc <MinionPro-It.pfb
MinionPro-It-SC-8t MinionPro-It " MinionPro-SCT1Encoding ReEncodeFont " <mn-lf-sc-t1.enc <MinionPro-It.pfb
MinionPro-It-SC-8c MinionPro-It " MinionPro-SCTS1Encoding ReEncodeFont " <mn-lf-sc-ts1.enc <MinionPro-It.pfb
MinionPro-It-SC-7t MinionPro-It " MinionPro-SCOT1Encoding ReEncodeFont " <mn-lf-sc-ot1.enc <MinionPro-It.pfb
MinionPro-It-6a MinionPro-It " MinionPro-T2AAdobeEncoding ReEncodeFont " <mn-lf-t2a.enc <MinionPro-It.pfb
MinionPro-It-6t MinionPro-It " MinionPro-T2BAdobeEncoding ReEncodeFont " <mn-lf-t2b.enc <MinionPro-It.pfb
MinionPro-It-6c MinionPro-It " MinionPro-T2CAdobeEncoding ReEncodeFont " <mn-lf-t2c.enc <MinionPro-It.pfb
MinionPro-It-6x MinionPro-It " MinionPro-X2AdobeEncoding ReEncodeFont " <mn-lf-x2.enc <MinionPro-It.pfb
MinionPro-It-OSF-8t MinionPro-It " MinionPro-OSFT1Encoding ReEncodeFont " <mn-osf-t1.enc <MinionPro-It.pfb
MinionPro-It-OSF-8c MinionPro-It " MinionPro-TS1Encoding ReEncodeFont " <mn-osf-ts1.enc <MinionPro-It.pfb
MinionPro-It-OSF-7t MinionPro-It " MinionPro-OT1Encoding ReEncodeFont " <mn-osf-ot1.enc <MinionPro-It.pfb
MinionPro-It-OSF-7m MinionPro-It " MinionPro-OSFOMLEncoding ReEncodeFont " <mn-osf-oml.enc <MinionPro-It.pfb
MinionPro-It-OSFSC-8t MinionPro-It " MinionPro-OSFSCT1Encoding ReEncodeFont " <mn-osf-sc-t1.enc <MinionPro-It.pfb
MinionPro-It-OSFSC-8c MinionPro-It " MinionPro-SCTS1Encoding ReEncodeFont " <mn-osf-sc-ts1.enc <MinionPro-It.pfb
MinionPro-It-OSFSC-7t MinionPro-It " MinionPro-OSFSCOT1Encoding ReEncodeFont " <mn-osf-sc-ot1.enc <MinionPro-It.pfb
MinionPro-It-OSF-6a MinionPro-It " MinionPro-T2AAdobeEncoding ReEncodeFont " <mn-osf-t2a.enc <MinionPro-It.pfb
MinionPro-It-OSF-6t MinionPro-It " MinionPro-T2BAdobeEncoding ReEncodeFont " <mn-osf-t2b.enc <MinionPro-It.pfb
MinionPro-It-OSF-6c MinionPro-It " MinionPro-T2CAdobeEncoding ReEncodeFont " <mn-osf-t2c.enc <MinionPro-It.pfb
MinionPro-It-OSF-6x MinionPro-It " MinionPro-X2AdobeEncoding ReEncodeFont " <mn-osf-x2.enc <MinionPro-It.pfb
MinionPro-ItCapt-8t MinionPro-ItCapt " MinionPro-T1Encoding ReEncodeFont " <mn-lf-t1.enc <MinionPro-ItCapt.pfb
MinionPro-ItCapt-8c MinionPro-ItCapt " MinionPro-TS1Encoding ReEncodeFont " <mn-lf-ts1.enc <MinionPro-ItCapt.pfb
MinionPro-ItCapt-7t MinionPro-ItCapt " MinionPro-OT1Encoding ReEncodeFont " <mn-lf-ot1.enc <MinionPro-ItCapt.pfb
MinionPro-ItCapt-7m MinionPro-ItCapt " MinionPro-OMLEncoding ReEncodeFont " <mn-lf-oml.enc <MinionPro-ItCapt.pfb
MinionPro-ItCapt-SC-8t MinionPro-ItCapt " MinionPro-SCT1Encoding ReEncodeFont " <mn-lf-sc-t1.enc <MinionPro-ItCapt.pfb
MinionPro-ItCapt-SC-8c MinionPro-ItCapt " MinionPro-SCTS1Encoding ReEncodeFont " <mn-lf-sc-ts1.enc <MinionPro-ItCapt.pfb
MinionPro-ItCapt-SC-7t MinionPro-ItCapt " MinionPro-SCOT1Encoding ReEncodeFont " <mn-lf-sc-ot1.enc <MinionPro-ItCapt.pfb
MinionPro-ItCapt-6a MinionPro-ItCapt " MinionPro-T2AAdobeEncoding ReEncodeFont " <mn-lf-t2a.enc <MinionPro-ItCapt.pfb
MinionPro-ItCapt-6t MinionPro-ItCapt " MinionPro-T2BAdobeEncoding ReEncodeFont " <mn-lf-t2b.enc <MinionPro-ItCapt.pfb
MinionPro-ItCapt-6c MinionPro-ItCapt " MinionPro-T2CAdobeEncoding ReEncodeFont " <mn-lf-t2c.enc <MinionPro-ItCapt.pfb
MinionPro-ItCapt-6x MinionPro-ItCapt " MinionPro-X2AdobeEncoding ReEncodeFont " <mn-lf-x2.enc <MinionPro-ItCapt.pfb
MinionPro-ItCapt-OSF-8t MinionPro-ItCapt " MinionPro-OSFT1Encoding ReEncodeFont " <mn-osf-t1.enc <MinionPro-ItCapt.pfb
MinionPro-ItCapt-OSF-8c MinionPro-ItCapt " MinionPro-TS1Encoding ReEncodeFont " <mn-osf-ts1.enc <MinionPro-ItCapt.pfb
MinionPro-ItCapt-OSF-7t MinionPro-ItCapt " MinionPro-OT1Encoding ReEncodeFont " <mn-osf-ot1.enc <MinionPro-ItCapt.pfb
MinionPro-ItCapt-OSF-7m MinionPro-ItCapt " MinionPro-OSFOMLEncoding ReEncodeFont " <mn-osf-oml.enc <MinionPro-ItCapt.pfb
MinionPro-ItCapt-OSFSC-8t MinionPro-ItCapt " MinionPro-OSFSCT1Encoding ReEncodeFont " <mn-osf-sc-t1.enc <MinionPro-ItCapt.pfb
MinionPro-ItCapt-OSFSC-8c MinionPro-ItCapt " MinionPro-SCTS1Encoding ReEncodeFont " <mn-osf-sc-ts1.enc <MinionPro-ItCapt.pfb
MinionPro-ItCapt-OSFSC-7t MinionPro-ItCapt " MinionPro-OSFSCOT1Encoding ReEncodeFont " <mn-osf-sc-ot1.enc <MinionPro-ItCapt.pfb
MinionPro-ItCapt-OSF-6a MinionPro-ItCapt " MinionPro-T2AAdobeEncoding ReEncodeFont " <mn-osf-t2a.enc <MinionPro-ItCapt.pfb
MinionPro-ItCapt-OSF-6t MinionPro-ItCapt " MinionPro-T2BAdobeEncoding ReEncodeFont " <mn-osf-t2b.enc <MinionPro-ItCapt.pfb
MinionPro-ItCapt-OSF-6c MinionPro-ItCapt " MinionPro-T2CAdobeEncoding ReEncodeFont " <mn-osf-t2c.enc <MinionPro-ItCapt.pfb
MinionPro-ItCapt-OSF-6x MinionPro-ItCapt " MinionPro-X2AdobeEncoding ReEncodeFont " <mn-osf-x2.enc <MinionPro-ItCapt.pfb
MinionPro-ItDisp-8t MinionPro-ItDisp " MinionPro-T1Encoding ReEncodeFont " <mn-lf-t1.enc <MinionPro-ItDisp.pfb
MinionPro-ItDisp-8c MinionPro-ItDisp " MinionPro-TS1Encoding ReEncodeFont " <mn-lf-ts1.enc <MinionPro-ItDisp.pfb
MinionPro-ItDisp-7t MinionPro-ItDisp " MinionPro-OT1Encoding ReEncodeFont " <mn-lf-ot1.enc <MinionPro-ItDisp.pfb
MinionPro-ItDisp-7m MinionPro-ItDisp " MinionPro-OMLEncoding ReEncodeFont " <mn-lf-oml.enc <MinionPro-ItDisp.pfb
MinionPro-ItDisp-SC-8t MinionPro-ItDisp " MinionPro-SCT1Encoding ReEncodeFont " <mn-lf-sc-t1.enc <MinionPro-ItDisp.pfb
MinionPro-ItDisp-SC-8c MinionPro-ItDisp " MinionPro-SCTS1Encoding ReEncodeFont " <mn-lf-sc-ts1.enc <MinionPro-ItDisp.pfb
MinionPro-ItDisp-SC-7t MinionPro-ItDisp " MinionPro-SCOT1Encoding ReEncodeFont " <mn-lf-sc-ot1.enc <MinionPro-ItDisp.pfb
MinionPro-ItDisp-6a MinionPro-ItDisp " MinionPro-T2AAdobeEncoding ReEncodeFont " <mn-lf-t2a.enc <MinionPro-ItDisp.pfb
MinionPro-ItDisp-6t MinionPro-ItDisp " MinionPro-T2BAdobeEncoding ReEncodeFont " <mn-lf-t2b.enc <MinionPro-ItDisp.pfb
MinionPro-ItDisp-6c MinionPro-ItDisp " MinionPro-T2CAdobeEncoding ReEncodeFont " <mn-lf-t2c.enc <MinionPro-ItDisp.pfb
MinionPro-ItDisp-6x MinionPro-ItDisp " MinionPro-X2AdobeEncoding ReEncodeFont " <mn-lf-x2.enc <MinionPro-ItDisp.pfb
MinionPro-ItDisp-OSF-8t MinionPro-ItDisp " MinionPro-OSFT1Encoding ReEncodeFont " <mn-osf-t1.enc <MinionPro-ItDisp.pfb
MinionPro-ItDisp-OSF-8c MinionPro-ItDisp " MinionPro-TS1Encoding ReEncodeFont " <mn-osf-ts1.enc <MinionPro-ItDisp.pfb
MinionPro-ItDisp-OSF-7t MinionPro-ItDisp " MinionPro-OT1Encoding ReEncodeFont " <mn-osf-ot1.enc <MinionPro-ItDisp.pfb
MinionPro-ItDisp-OSF-7m MinionPro-ItDisp " MinionPro-OSFOMLEncoding ReEncodeFont " <mn-osf-oml.enc <MinionPro-ItDisp.pfb
MinionPro-ItDisp-OSFSC-8t MinionPro-ItDisp " MinionPro-OSFSCT1Encoding ReEncodeFont " <mn-osf-sc-t1.enc <MinionPro-ItDisp.pfb
MinionPro-ItDisp-OSFSC-8c MinionPro-ItDisp " MinionPro-SCTS1Encoding ReEncodeFont " <mn-osf-sc-ts1.enc <MinionPro-ItDisp.pfb
MinionPro-ItDisp-OSFSC-7t MinionPro-ItDisp " MinionPro-OSFSCOT1Encoding ReEncodeFont " <mn-osf-sc-ot1.enc <MinionPro-ItDisp.pfb
MinionPro-ItDisp-OSF-6a MinionPro-ItDisp " MinionPro-T2AAdobeEncoding ReEncodeFont " <mn-osf-t2a.enc <MinionPro-ItDisp.pfb
MinionPro-ItDisp-OSF-6t MinionPro-ItDisp " MinionPro-T2BAdobeEncoding ReEncodeFont " <mn-osf-t2b.enc <MinionPro-ItDisp.pfb
MinionPro-ItDisp-OSF-6c MinionPro-ItDisp " MinionPro-T2CAdobeEncoding ReEncodeFont " <mn-osf-t2c.enc <MinionPro-ItDisp.pfb
MinionPro-ItDisp-OSF-6x MinionPro-ItDisp " MinionPro-X2AdobeEncoding ReEncodeFont " <mn-osf-x2.enc <MinionPro-ItDisp.pfb
MinionPro-ItSubh-8t MinionPro-ItSubh " MinionPro-T1Encoding ReEncodeFont " <mn-lf-t1.enc <MinionPro-ItSubh.pfb
MinionPro-ItSubh-8c MinionPro-ItSubh " MinionPro-TS1Encoding ReEncodeFont " <mn-lf-ts1.enc <MinionPro-ItSubh.pfb
MinionPro-ItSubh-7t MinionPro-ItSubh " MinionPro-OT1Encoding ReEncodeFont " <mn-lf-ot1.enc <MinionPro-ItSubh.pfb
MinionPro-ItSubh-7m MinionPro-ItSubh " MinionPro-OMLEncoding ReEncodeFont " <mn-lf-oml.enc <MinionPro-ItSubh.pfb
MinionPro-ItSubh-SC-8t MinionPro-ItSubh " MinionPro-SCT1Encoding ReEncodeFont " <mn-lf-sc-t1.enc <MinionPro-ItSubh.pfb
MinionPro-ItSubh-SC-8c MinionPro-ItSubh " MinionPro-SCTS1Encoding ReEncodeFont " <mn-lf-sc-ts1.enc <MinionPro-ItSubh.pfb
MinionPro-ItSubh-SC-7t MinionPro-ItSubh " MinionPro-SCOT1Encoding ReEncodeFont " <mn-lf-sc-ot1.enc <MinionPro-ItSubh.pfb
MinionPro-ItSubh-6a MinionPro-ItSubh " MinionPro-T2AAdobeEncoding ReEncodeFont " <mn-lf-t2a.enc <MinionPro-ItSubh.pfb
MinionPro-ItSubh-6t MinionPro-ItSubh " MinionPro-T2BAdobeEncoding ReEncodeFont " <mn-lf-t2b.enc <MinionPro-ItSubh.pfb
MinionPro-ItSubh-6c MinionPro-ItSubh " MinionPro-T2CAdobeEncoding ReEncodeFont " <mn-lf-t2c.enc <MinionPro-ItSubh.pfb
MinionPro-ItSubh-6x MinionPro-ItSubh " MinionPro-X2AdobeEncoding ReEncodeFont " <mn-lf-x2.enc <MinionPro-ItSubh.pfb
MinionPro-ItSubh-OSF-8t MinionPro-ItSubh " MinionPro-OSFT1Encoding ReEncodeFont " <mn-osf-t1.enc <MinionPro-ItSubh.pfb
MinionPro-ItSubh-OSF-8c MinionPro-ItSubh " MinionPro-TS1Encoding ReEncodeFont " <mn-osf-ts1.enc <MinionPro-ItSubh.pfb
MinionPro-ItSubh-OSF-7t MinionPro-ItSubh " MinionPro-OT1Encoding ReEncodeFont " <mn-osf-ot1.enc <MinionPro-ItSubh.pfb
MinionPro-ItSubh-OSF-7m MinionPro-ItSubh " MinionPro-OSFOMLEncoding ReEncodeFont " <mn-osf-oml.enc <MinionPro-ItSubh.pfb
MinionPro-ItSubh-OSFSC-8t MinionPro-ItSubh " MinionPro-OSFSCT1Encoding ReEncodeFont " <mn-osf-sc-t1.enc <MinionPro-ItSubh.pfb
MinionPro-ItSubh-OSFSC-8c MinionPro-ItSubh " MinionPro-SCTS1Encoding ReEncodeFont " <mn-osf-sc-ts1.enc <MinionPro-ItSubh.pfb
MinionPro-ItSubh-OSFSC-7t MinionPro-ItSubh " MinionPro-OSFSCOT1Encoding ReEncodeFont " <mn-osf-sc-ot1.enc <MinionPro-ItSubh.pfb
MinionPro-ItSubh-OSF-6a MinionPro-ItSubh " MinionPro-T2AAdobeEncoding ReEncodeFont " <mn-osf-t2a.enc <MinionPro-ItSubh.pfb
MinionPro-ItSubh-OSF-6t MinionPro-ItSubh " MinionPro-T2BAdobeEncoding ReEncodeFont " <mn-osf-t2b.enc <MinionPro-ItSubh.pfb
MinionPro-ItSubh-OSF-6c MinionPro-ItSubh " MinionPro-T2CAdobeEncoding ReEncodeFont " <mn-osf-t2c.enc <MinionPro-ItSubh.pfb
MinionPro-ItSubh-OSF-6x MinionPro-ItSubh " MinionPro-X2AdobeEncoding ReEncodeFont " <mn-osf-x2.enc <MinionPro-ItSubh.pfb
MinionPro-It-Swash-8t MinionPro-It " MinionPro-SwashT1Encoding ReEncodeFont " <mn-lf-swash-t1.enc <MinionPro-It.pfb
MinionPro-It-Swash-7t MinionPro-It " MinionPro-SwashOT1Encoding ReEncodeFont " <mn-lf-swash-ot1.enc <MinionPro-It.pfb
MinionPro-It-OSF-Swash-8t MinionPro-It " MinionPro-SwashOSFT1Encoding ReEncodeFont " <mn-osf-swash-t1.enc <MinionPro-It.pfb
MinionPro-It-OSF-Swash-7t MinionPro-It " MinionPro-SwashOT1Encoding ReEncodeFont " <mn-osf-swash-ot1.enc <MinionPro-It.pfb
MinionPro-It-Cn-7m MinionPro-It-Cn " MinionPro-OMLEncoding ReEncodeFont " <mn-lf-oml.enc <MinionPro-It-Cn.pfb
MinionPro-It-Cn-OSF-7m MinionPro-It-Cn " MinionPro-OSFOMLEncoding ReEncodeFont " <mn-osf-oml.enc <MinionPro-It-Cn.pfb
MinionPro-ItCapt-Swash-8t MinionPro-ItCapt " MinionPro-SwashT1Encoding ReEncodeFont " <mn-lf-swash-t1.enc <MinionPro-ItCapt.pfb
MinionPro-ItCapt-Swash-7t MinionPro-ItCapt " MinionPro-SwashOT1Encoding ReEncodeFont " <mn-lf-swash-ot1.enc <MinionPro-ItCapt.pfb
MinionPro-ItCapt-OSF-Swash-8t MinionPro-ItCapt " MinionPro-SwashOSFT1Encoding ReEncodeFont " <mn-osf-swash-t1.enc <MinionPro-ItCapt.pfb
MinionPro-ItCapt-OSF-Swash-7t MinionPro-ItCapt " MinionPro-SwashOT1Encoding ReEncodeFont " <mn-osf-swash-ot1.enc <MinionPro-ItCapt.pfb
MinionPro-ItCapt-Cn-7m MinionPro-ItCapt-Cn " MinionPro-OMLEncoding ReEncodeFont " <mn-lf-oml.enc <MinionPro-ItCapt-Cn.pfb
MinionPro-ItCapt-Cn-OSF-7m MinionPro-ItCapt-Cn " MinionPro-OSFOMLEncoding ReEncodeFont " <mn-osf-oml.enc <MinionPro-ItCapt-Cn.pfb
MinionPro-ItDisp-Swash-8t MinionPro-ItDisp " MinionPro-SwashT1Encoding ReEncodeFont " <mn-lf-swash-t1.enc <MinionPro-ItDisp.pfb
MinionPro-ItDisp-Swash-7t MinionPro-ItDisp " MinionPro-SwashOT1Encoding ReEncodeFont " <mn-lf-swash-ot1.enc <MinionPro-ItDisp.pfb
MinionPro-ItDisp-OSF-Swash-8t MinionPro-ItDisp " MinionPro-SwashOSFT1Encoding ReEncodeFont " <mn-osf-swash-t1.enc <MinionPro-ItDisp.pfb
MinionPro-ItDisp-OSF-Swash-7t MinionPro-ItDisp " MinionPro-SwashOT1Encoding ReEncodeFont " <mn-osf-swash-ot1.enc <MinionPro-ItDisp.pfb
MinionPro-ItDisp-Cn-7m MinionPro-ItDisp-Cn " MinionPro-OMLEncoding ReEncodeFont " <mn-lf-oml.enc <MinionPro-ItDisp-Cn.pfb
MinionPro-ItDisp-Cn-OSF-7m MinionPro-ItDisp-Cn " MinionPro-OSFOMLEncoding ReEncodeFont " <mn-osf-oml.enc <MinionPro-ItDisp-Cn.pfb
MinionPro-ItSubh-Swash-8t MinionPro-ItSubh " MinionPro-SwashT1Encoding ReEncodeFont " <mn-lf-swash-t1.enc <MinionPro-ItSubh.pfb
MinionPro-ItSubh-Swash-7t MinionPro-ItSubh " MinionPro-SwashOT1Encoding ReEncodeFont " <mn-lf-swash-ot1.enc <MinionPro-ItSubh.pfb
MinionPro-ItSubh-OSF-Swash-8t MinionPro-ItSubh " MinionPro-SwashOSFT1Encoding ReEncodeFont " <mn-osf-swash-t1.enc <MinionPro-ItSubh.pfb
MinionPro-ItSubh-OSF-Swash-7t MinionPro-ItSubh " MinionPro-SwashOT1Encoding ReEncodeFont " <mn-osf-swash-ot1.enc <MinionPro-ItSubh.pfb
MinionPro-ItSubh-Cn-7m MinionPro-ItSubh-Cn " MinionPro-OMLEncoding ReEncodeFont " <mn-lf-oml.enc <MinionPro-ItSubh-Cn.pfb
MinionPro-ItSubh-Cn-OSF-7m MinionPro-ItSubh-Cn " MinionPro-OSFOMLEncoding ReEncodeFont " <mn-osf-oml.enc <MinionPro-ItSubh-Cn.pfb
MinionPro-Semibold-8t MinionPro-Semibold " MinionPro-T1Encoding ReEncodeFont " <mn-lf-t1.enc <MinionPro-Semibold.pfb
MinionPro-Semibold-8c MinionPro-Semibold " MinionPro-TS1Encoding ReEncodeFont " <mn-lf-ts1.enc <MinionPro-Semibold.pfb
MinionPro-Semibold-7t MinionPro-Semibold " MinionPro-OT1Encoding ReEncodeFont " <mn-lf-ot1.enc <MinionPro-Semibold.pfb
MinionPro-Semibold-7m MinionPro-Semibold " MinionPro-OMLEncoding ReEncodeFont " <mn-lf-oml.enc <MinionPro-Semibold.pfb
MinionPro-Semibold-SC-8t MinionPro-Semibold " MinionPro-SCT1Encoding ReEncodeFont " <mn-lf-sc-t1.enc <MinionPro-Semibold.pfb
MinionPro-Semibold-SC-8c MinionPro-Semibold " MinionPro-SCTS1Encoding ReEncodeFont " <mn-lf-sc-ts1.enc <MinionPro-Semibold.pfb
MinionPro-Semibold-SC-7t MinionPro-Semibold " MinionPro-SCOT1Encoding ReEncodeFont " <mn-lf-sc-ot1.enc <MinionPro-Semibold.pfb
MinionPro-Semibold-6a MinionPro-Semibold " MinionPro-T2AAdobeEncoding ReEncodeFont " <mn-lf-t2a.enc <MinionPro-Semibold.pfb
MinionPro-Semibold-6t MinionPro-Semibold " MinionPro-T2BAdobeEncoding ReEncodeFont " <mn-lf-t2b.enc <MinionPro-Semibold.pfb
MinionPro-Semibold-6c MinionPro-Semibold " MinionPro-T2CAdobeEncoding ReEncodeFont " <mn-lf-t2c.enc <MinionPro-Semibold.pfb
MinionPro-Semibold-6x MinionPro-Semibold " MinionPro-X2AdobeEncoding ReEncodeFont " <mn-lf-x2.enc <MinionPro-Semibold.pfb
MinionPro-Semibold-OSF-8t MinionPro-Semibold " MinionPro-OSFT1Encoding ReEncodeFont " <mn-osf-t1.enc <MinionPro-Semibold.pfb
MinionPro-Semibold-OSF-8c MinionPro-Semibold " MinionPro-TS1Encoding ReEncodeFont " <mn-osf-ts1.enc <MinionPro-Semibold.pfb
MinionPro-Semibold-OSF-7t MinionPro-Semibold " MinionPro-OT1Encoding ReEncodeFont " <mn-osf-ot1.enc <MinionPro-Semibold.pfb
MinionPro-Semibold-OSF-7m MinionPro-Semibold " MinionPro-OSFOMLEncoding ReEncodeFont " <mn-osf-oml.enc <MinionPro-Semibold.pfb
MinionPro-Semibold-OSFSC-8t MinionPro-Semibold " MinionPro-OSFSCT1Encoding ReEncodeFont " <mn-osf-sc-t1.enc <MinionPro-Semibold.pfb
MinionPro-Semibold-OSFSC-8c MinionPro-Semibold " MinionPro-SCTS1Encoding ReEncodeFont " <mn-osf-sc-ts1.enc <MinionPro-Semibold.pfb
MinionPro-Semibold-OSFSC-7t MinionPro-Semibold " MinionPro-OSFSCOT1Encoding ReEncodeFont " <mn-osf-sc-ot1.enc <MinionPro-Semibold.pfb
MinionPro-Semibold-OSF-6a MinionPro-Semibold " MinionPro-T2AAdobeEncoding ReEncodeFont " <mn-osf-t2a.enc <MinionPro-Semibold.pfb
MinionPro-Semibold-OSF-6t MinionPro-Semibold " MinionPro-T2BAdobeEncoding ReEncodeFont " <mn-osf-t2b.enc <MinionPro-Semibold.pfb
MinionPro-Semibold-OSF-6c MinionPro-Semibold " MinionPro-T2CAdobeEncoding ReEncodeFont " <mn-osf-t2c.enc <MinionPro-Semibold.pfb
MinionPro-Semibold-OSF-6x MinionPro-Semibold " MinionPro-X2AdobeEncoding ReEncodeFont " <mn-osf-x2.enc <MinionPro-Semibold.pfb
MinionPro-SemiboldCapt-8t MinionPro-SemiboldCapt " MinionPro-T1Encoding ReEncodeFont " <mn-lf-t1.enc <MinionPro-SemiboldCapt.pfb
MinionPro-SemiboldCapt-8c MinionPro-SemiboldCapt " MinionPro-TS1Encoding ReEncodeFont " <mn-lf-ts1.enc <MinionPro-SemiboldCapt.pfb
MinionPro-SemiboldCapt-7t MinionPro-SemiboldCapt " MinionPro-OT1Encoding ReEncodeFont " <mn-lf-ot1.enc <MinionPro-SemiboldCapt.pfb
MinionPro-SemiboldCapt-7m MinionPro-SemiboldCapt " MinionPro-OMLEncoding ReEncodeFont " <mn-lf-oml.enc <MinionPro-SemiboldCapt.pfb
MinionPro-SemiboldCapt-SC-8t MinionPro-SemiboldCapt " MinionPro-SCT1Encoding ReEncodeFont " <mn-lf-sc-t1.enc <MinionPro-SemiboldCapt.pfb
MinionPro-SemiboldCapt-SC-8c MinionPro-SemiboldCapt " MinionPro-SCTS1Encoding ReEncodeFont " <mn-lf-sc-ts1.enc <MinionPro-SemiboldCapt.pfb
MinionPro-SemiboldCapt-SC-7t MinionPro-SemiboldCapt " MinionPro-SCOT1Encoding ReEncodeFont " <mn-lf-sc-ot1.enc <MinionPro-SemiboldCapt.pfb
MinionPro-SemiboldCapt-6a MinionPro-SemiboldCapt " MinionPro-T2AAdobeEncoding ReEncodeFont " <mn-lf-t2a.enc <MinionPro-SemiboldCapt.pfb
MinionPro-SemiboldCapt-6t MinionPro-SemiboldCapt " MinionPro-T2BAdobeEncoding ReEncodeFont " <mn-lf-t2b.enc <MinionPro-SemiboldCapt.pfb
MinionPro-SemiboldCapt-6c MinionPro-SemiboldCapt " MinionPro-T2CAdobeEncoding ReEncodeFont " <mn-lf-t2c.enc <MinionPro-SemiboldCapt.pfb
MinionPro-SemiboldCapt-6x MinionPro-SemiboldCapt " MinionPro-X2AdobeEncoding ReEncodeFont " <mn-lf-x2.enc <MinionPro-SemiboldCapt.pfb
MinionPro-SemiboldCapt-OSF-8t MinionPro-SemiboldCapt " MinionPro-OSFT1Encoding ReEncodeFont " <mn-osf-t1.enc <MinionPro-SemiboldCapt.pfb
MinionPro-SemiboldCapt-OSF-8c MinionPro-SemiboldCapt " MinionPro-TS1Encoding ReEncodeFont " <mn-osf-ts1.enc <MinionPro-SemiboldCapt.pfb
MinionPro-SemiboldCapt-OSF-7t MinionPro-SemiboldCapt " MinionPro-OT1Encoding ReEncodeFont " <mn-osf-ot1.enc <MinionPro-SemiboldCapt.pfb
MinionPro-SemiboldCapt-OSF-7m MinionPro-SemiboldCapt " MinionPro-OSFOMLEncoding ReEncodeFont " <mn-osf-oml.enc <MinionPro-SemiboldCapt.pfb
MinionPro-SemiboldCapt-OSFSC-8t MinionPro-SemiboldCapt " MinionPro-OSFSCT1Encoding ReEncodeFont " <mn-osf-sc-t1.enc <MinionPro-SemiboldCapt.pfb
MinionPro-SemiboldCapt-OSFSC-8c MinionPro-SemiboldCapt " MinionPro-SCTS1Encoding ReEncodeFont " <mn-osf-sc-ts1.enc <MinionPro-SemiboldCapt.pfb
MinionPro-SemiboldCapt-OSFSC-7t MinionPro-SemiboldCapt " MinionPro-OSFSCOT1Encoding ReEncodeFont " <mn-osf-sc-ot1.enc <MinionPro-SemiboldCapt.pfb
MinionPro-SemiboldCapt-OSF-6a MinionPro-SemiboldCapt " MinionPro-T2AAdobeEncoding ReEncodeFont " <mn-osf-t2a.enc <MinionPro-SemiboldCapt.pfb
MinionPro-SemiboldCapt-OSF-6t MinionPro-SemiboldCapt " MinionPro-T2BAdobeEncoding ReEncodeFont " <mn-osf-t2b.enc <MinionPro-SemiboldCapt.pfb
MinionPro-SemiboldCapt-OSF-6c MinionPro-SemiboldCapt " MinionPro-T2CAdobeEncoding ReEncodeFont " <mn-osf-t2c.enc <MinionPro-SemiboldCapt.pfb
MinionPro-SemiboldCapt-OSF-6x MinionPro-SemiboldCapt " MinionPro-X2AdobeEncoding ReEncodeFont " <mn-osf-x2.enc <MinionPro-SemiboldCapt.pfb
MinionPro-SemiboldDisp-8t MinionPro-SemiboldDisp " MinionPro-T1Encoding ReEncodeFont " <mn-lf-t1.enc <MinionPro-SemiboldDisp.pfb
MinionPro-SemiboldDisp-8c MinionPro-SemiboldDisp " MinionPro-TS1Encoding ReEncodeFont " <mn-lf-ts1.enc <MinionPro-SemiboldDisp.pfb
MinionPro-SemiboldDisp-7t MinionPro-SemiboldDisp " MinionPro-OT1Encoding ReEncodeFont " <mn-lf-ot1.enc <MinionPro-SemiboldDisp.pfb
MinionPro-SemiboldDisp-7m MinionPro-SemiboldDisp " MinionPro-OMLEncoding ReEncodeFont " <mn-lf-oml.enc <MinionPro-SemiboldDisp.pfb
MinionPro-SemiboldDisp-SC-8t MinionPro-SemiboldDisp " MinionPro-SCT1Encoding ReEncodeFont " <mn-lf-sc-t1.enc <MinionPro-SemiboldDisp.pfb
MinionPro-SemiboldDisp-SC-8c MinionPro-SemiboldDisp " MinionPro-SCTS1Encoding ReEncodeFont " <mn-lf-sc-ts1.enc <MinionPro-SemiboldDisp.pfb
MinionPro-SemiboldDisp-SC-7t MinionPro-SemiboldDisp " MinionPro-SCOT1Encoding ReEncodeFont " <mn-lf-sc-ot1.enc <MinionPro-SemiboldDisp.pfb
MinionPro-SemiboldDisp-6a MinionPro-SemiboldDisp " MinionPro-T2AAdobeEncoding ReEncodeFont " <mn-lf-t2a.enc <MinionPro-SemiboldDisp.pfb
MinionPro-SemiboldDisp-6t MinionPro-SemiboldDisp " MinionPro-T2BAdobeEncoding ReEncodeFont " <mn-lf-t2b.enc <MinionPro-SemiboldDisp.pfb
MinionPro-SemiboldDisp-6c MinionPro-SemiboldDisp " MinionPro-T2CAdobeEncoding ReEncodeFont " <mn-lf-t2c.enc <MinionPro-SemiboldDisp.pfb
MinionPro-SemiboldDisp-6x MinionPro-SemiboldDisp " MinionPro-X2AdobeEncoding ReEncodeFont " <mn-lf-x2.enc <MinionPro-SemiboldDisp.pfb
MinionPro-SemiboldDisp-OSF-8t MinionPro-SemiboldDisp " MinionPro-OSFT1Encoding ReEncodeFont " <mn-osf-t1.enc <MinionPro-SemiboldDisp.pfb
MinionPro-SemiboldDisp-OSF-8c MinionPro-SemiboldDisp " MinionPro-TS1Encoding ReEncodeFont " <mn-osf-ts1.enc <MinionPro-SemiboldDisp.pfb
MinionPro-SemiboldDisp-OSF-7t MinionPro-SemiboldDisp " MinionPro-OT1Encoding ReEncodeFont " <mn-osf-ot1.enc <MinionPro-SemiboldDisp.pfb
MinionPro-SemiboldDisp-OSF-7m MinionPro-SemiboldDisp " MinionPro-OSFOMLEncoding ReEncodeFont " <mn-osf-oml.enc <MinionPro-SemiboldDisp.pfb
MinionPro-SemiboldDisp-OSFSC-8t MinionPro-SemiboldDisp " MinionPro-OSFSCT1Encoding ReEncodeFont " <mn-osf-sc-t1.enc <MinionPro-SemiboldDisp.pfb
MinionPro-SemiboldDisp-OSFSC-8c MinionPro-SemiboldDisp " MinionPro-SCTS1Encoding ReEncodeFont " <mn-osf-sc-ts1.enc <MinionPro-SemiboldDisp.pfb
MinionPro-SemiboldDisp-OSFSC-7t MinionPro-SemiboldDisp " MinionPro-OSFSCOT1Encoding ReEncodeFont " <mn-osf-sc-ot1.enc <MinionPro-SemiboldDisp.pfb
MinionPro-SemiboldDisp-OSF-6a MinionPro-SemiboldDisp " MinionPro-T2AAdobeEncoding ReEncodeFont " <mn-osf-t2a.enc <MinionPro-SemiboldDisp.pfb
MinionPro-SemiboldDisp-OSF-6t MinionPro-SemiboldDisp " MinionPro-T2BAdobeEncoding ReEncodeFont " <mn-osf-t2b.enc <MinionPro-SemiboldDisp.pfb
MinionPro-SemiboldDisp-OSF-6c MinionPro-SemiboldDisp " MinionPro-T2CAdobeEncoding ReEncodeFont " <mn-osf-t2c.enc <MinionPro-SemiboldDisp.pfb
MinionPro-SemiboldDisp-OSF-6x MinionPro-SemiboldDisp " MinionPro-X2AdobeEncoding ReEncodeFont " <mn-osf-x2.enc <MinionPro-SemiboldDisp.pfb
MinionPro-SemiboldSubh-8t MinionPro-SemiboldSubh " MinionPro-T1Encoding ReEncodeFont " <mn-lf-t1.enc <MinionPro-SemiboldSubh.pfb
MinionPro-SemiboldSubh-8c MinionPro-SemiboldSubh " MinionPro-TS1Encoding ReEncodeFont " <mn-lf-ts1.enc <MinionPro-SemiboldSubh.pfb
MinionPro-SemiboldSubh-7t MinionPro-SemiboldSubh " MinionPro-OT1Encoding ReEncodeFont " <mn-lf-ot1.enc <MinionPro-SemiboldSubh.pfb
MinionPro-SemiboldSubh-7m MinionPro-SemiboldSubh " MinionPro-OMLEncoding ReEncodeFont " <mn-lf-oml.enc <MinionPro-SemiboldSubh.pfb
MinionPro-SemiboldSubh-SC-8t MinionPro-SemiboldSubh " MinionPro-SCT1Encoding ReEncodeFont " <mn-lf-sc-t1.enc <MinionPro-SemiboldSubh.pfb
MinionPro-SemiboldSubh-SC-8c MinionPro-SemiboldSubh " MinionPro-SCTS1Encoding ReEncodeFont " <mn-lf-sc-ts1.enc <MinionPro-SemiboldSubh.pfb
MinionPro-SemiboldSubh-SC-7t MinionPro-SemiboldSubh " MinionPro-SCOT1Encoding ReEncodeFont " <mn-lf-sc-ot1.enc <MinionPro-SemiboldSubh.pfb
MinionPro-SemiboldSubh-6a MinionPro-SemiboldSubh " MinionPro-T2AAdobeEncoding ReEncodeFont " <mn-lf-t2a.enc <MinionPro-SemiboldSubh.pfb
MinionPro-SemiboldSubh-6t MinionPro-SemiboldSubh " MinionPro-T2BAdobeEncoding ReEncodeFont " <mn-lf-t2b.enc <MinionPro-SemiboldSubh.pfb
MinionPro-SemiboldSubh-6c MinionPro-SemiboldSubh " MinionPro-T2CAdobeEncoding ReEncodeFont " <mn-lf-t2c.enc <MinionPro-SemiboldSubh.pfb
MinionPro-SemiboldSubh-6x MinionPro-SemiboldSubh " MinionPro-X2AdobeEncoding ReEncodeFont " <mn-lf-x2.enc <MinionPro-SemiboldSubh.pfb
MinionPro-SemiboldSubh-OSF-8t MinionPro-SemiboldSubh " MinionPro-OSFT1Encoding ReEncodeFont " <mn-osf-t1.enc <MinionPro-SemiboldSubh.pfb
MinionPro-SemiboldSubh-OSF-8c MinionPro-SemiboldSubh " MinionPro-TS1Encoding ReEncodeFont " <mn-osf-ts1.enc <MinionPro-SemiboldSubh.pfb
MinionPro-SemiboldSubh-OSF-7t MinionPro-SemiboldSubh " MinionPro-OT1Encoding ReEncodeFont " <mn-osf-ot1.enc <MinionPro-SemiboldSubh.pfb
MinionPro-SemiboldSubh-OSF-7m MinionPro-SemiboldSubh " MinionPro-OSFOMLEncoding ReEncodeFont " <mn-osf-oml.enc <MinionPro-SemiboldSubh.pfb
MinionPro-SemiboldSubh-OSFSC-8t MinionPro-SemiboldSubh " MinionPro-OSFSCT1Encoding ReEncodeFont " <mn-osf-sc-t1.enc <MinionPro-SemiboldSubh.pfb
MinionPro-SemiboldSubh-OSFSC-8c MinionPro-SemiboldSubh " MinionPro-SCTS1Encoding ReEncodeFont " <mn-osf-sc-ts1.enc <MinionPro-SemiboldSubh.pfb
MinionPro-SemiboldSubh-OSFSC-7t MinionPro-SemiboldSubh " MinionPro-OSFSCOT1Encoding ReEncodeFont " <mn-osf-sc-ot1.enc <MinionPro-SemiboldSubh.pfb
MinionPro-SemiboldSubh-OSF-6a MinionPro-SemiboldSubh " MinionPro-T2AAdobeEncoding ReEncodeFont " <mn-osf-t2a.enc <MinionPro-SemiboldSubh.pfb
MinionPro-SemiboldSubh-OSF-6t MinionPro-SemiboldSubh " MinionPro-T2BAdobeEncoding ReEncodeFont " <mn-osf-t2b.enc <MinionPro-SemiboldSubh.pfb
MinionPro-SemiboldSubh-OSF-6c MinionPro-SemiboldSubh " MinionPro-T2CAdobeEncoding ReEncodeFont " <mn-osf-t2c.enc <MinionPro-SemiboldSubh.pfb
MinionPro-SemiboldSubh-OSF-6x MinionPro-SemiboldSubh " MinionPro-X2AdobeEncoding ReEncodeFont " <mn-osf-x2.enc <MinionPro-SemiboldSubh.pfb
MinionPro-SemiboldIt-8t MinionPro-SemiboldIt " MinionPro-T1Encoding ReEncodeFont " <mn-lf-t1.enc <MinionPro-SemiboldIt.pfb
MinionPro-SemiboldIt-8c MinionPro-SemiboldIt " MinionPro-TS1Encoding ReEncodeFont " <mn-lf-ts1.enc <MinionPro-SemiboldIt.pfb
MinionPro-SemiboldIt-7t MinionPro-SemiboldIt " MinionPro-OT1Encoding ReEncodeFont " <mn-lf-ot1.enc <MinionPro-SemiboldIt.pfb
MinionPro-SemiboldIt-7m MinionPro-SemiboldIt " MinionPro-OMLEncoding ReEncodeFont " <mn-lf-oml.enc <MinionPro-SemiboldIt.pfb
MinionPro-SemiboldIt-SC-8t MinionPro-SemiboldIt " MinionPro-SCT1Encoding ReEncodeFont " <mn-lf-sc-t1.enc <MinionPro-SemiboldIt.pfb
MinionPro-SemiboldIt-SC-8c MinionPro-SemiboldIt " MinionPro-SCTS1Encoding ReEncodeFont " <mn-lf-sc-ts1.enc <MinionPro-SemiboldIt.pfb
MinionPro-SemiboldIt-SC-7t MinionPro-SemiboldIt " MinionPro-SCOT1Encoding ReEncodeFont " <mn-lf-sc-ot1.enc <MinionPro-SemiboldIt.pfb
MinionPro-SemiboldIt-6a MinionPro-SemiboldIt " MinionPro-T2AAdobeEncoding ReEncodeFont " <mn-lf-t2a.enc <MinionPro-SemiboldIt.pfb
MinionPro-SemiboldIt-6t MinionPro-SemiboldIt " MinionPro-T2BAdobeEncoding ReEncodeFont " <mn-lf-t2b.enc <MinionPro-SemiboldIt.pfb
MinionPro-SemiboldIt-6c MinionPro-SemiboldIt " MinionPro-T2CAdobeEncoding ReEncodeFont " <mn-lf-t2c.enc <MinionPro-SemiboldIt.pfb
MinionPro-SemiboldIt-6x MinionPro-SemiboldIt " MinionPro-X2AdobeEncoding ReEncodeFont " <mn-lf-x2.enc <MinionPro-SemiboldIt.pfb
MinionPro-SemiboldIt-OSF-8t MinionPro-SemiboldIt " MinionPro-OSFT1Encoding ReEncodeFont " <mn-osf-t1.enc <MinionPro-SemiboldIt.pfb
MinionPro-SemiboldIt-OSF-8c MinionPro-SemiboldIt " MinionPro-TS1Encoding ReEncodeFont " <mn-osf-ts1.enc <MinionPro-SemiboldIt.pfb
MinionPro-SemiboldIt-OSF-7t MinionPro-SemiboldIt " MinionPro-OT1Encoding ReEncodeFont " <mn-osf-ot1.enc <MinionPro-SemiboldIt.pfb
MinionPro-SemiboldIt-OSF-7m MinionPro-SemiboldIt " MinionPro-OSFOMLEncoding ReEncodeFont " <mn-osf-oml.enc <MinionPro-SemiboldIt.pfb
MinionPro-SemiboldIt-OSFSC-8t MinionPro-SemiboldIt " MinionPro-OSFSCT1Encoding ReEncodeFont " <mn-osf-sc-t1.enc <MinionPro-SemiboldIt.pfb
MinionPro-SemiboldIt-OSFSC-8c MinionPro-SemiboldIt " MinionPro-SCTS1Encoding ReEncodeFont " <mn-osf-sc-ts1.enc <MinionPro-SemiboldIt.pfb
MinionPro-SemiboldIt-OSFSC-7t MinionPro-SemiboldIt " MinionPro-OSFSCOT1Encoding ReEncodeFont " <mn-osf-sc-ot1.enc <MinionPro-SemiboldIt.pfb
MinionPro-SemiboldIt-OSF-6a MinionPro-SemiboldIt " MinionPro-T2AAdobeEncoding ReEncodeFont " <mn-osf-t2a.enc <MinionPro-SemiboldIt.pfb
MinionPro-SemiboldIt-OSF-6t MinionPro-SemiboldIt " MinionPro-T2BAdobeEncoding ReEncodeFont " <mn-osf-t2b.enc <MinionPro-SemiboldIt.pfb
MinionPro-SemiboldIt-OSF-6c MinionPro-SemiboldIt " MinionPro-T2CAdobeEncoding ReEncodeFont " <mn-osf-t2c.enc <MinionPro-SemiboldIt.pfb
MinionPro-SemiboldIt-OSF-6x MinionPro-SemiboldIt " MinionPro-X2AdobeEncoding ReEncodeFont " <mn-osf-x2.enc <MinionPro-SemiboldIt.pfb
MinionPro-SemiboldItCapt-8t MinionPro-SemiboldItCapt " MinionPro-T1Encoding ReEncodeFont " <mn-lf-t1.enc <MinionPro-SemiboldItCapt.pfb
MinionPro-SemiboldItCapt-8c MinionPro-SemiboldItCapt " MinionPro-TS1Encoding ReEncodeFont " <mn-lf-ts1.enc <MinionPro-SemiboldItCapt.pfb
MinionPro-SemiboldItCapt-7t MinionPro-SemiboldItCapt " MinionPro-OT1Encoding ReEncodeFont " <mn-lf-ot1.enc <MinionPro-SemiboldItCapt.pfb
MinionPro-SemiboldItCapt-7m MinionPro-SemiboldItCapt " MinionPro-OMLEncoding ReEncodeFont " <mn-lf-oml.enc <MinionPro-SemiboldItCapt.pfb
MinionPro-SemiboldItCapt-SC-8t MinionPro-SemiboldItCapt " MinionPro-SCT1Encoding ReEncodeFont " <mn-lf-sc-t1.enc <MinionPro-SemiboldItCapt.pfb
MinionPro-SemiboldItCapt-SC-8c MinionPro-SemiboldItCapt " MinionPro-SCTS1Encoding ReEncodeFont " <mn-lf-sc-ts1.enc <MinionPro-SemiboldItCapt.pfb
MinionPro-SemiboldItCapt-SC-7t MinionPro-SemiboldItCapt " MinionPro-SCOT1Encoding ReEncodeFont " <mn-lf-sc-ot1.enc <MinionPro-SemiboldItCapt.pfb
MinionPro-SemiboldItCapt-6a MinionPro-SemiboldItCapt " MinionPro-T2AAdobeEncoding ReEncodeFont " <mn-lf-t2a.enc <MinionPro-SemiboldItCapt.pfb
MinionPro-SemiboldItCapt-6t MinionPro-SemiboldItCapt " MinionPro-T2BAdobeEncoding ReEncodeFont " <mn-lf-t2b.enc <MinionPro-SemiboldItCapt.pfb
MinionPro-SemiboldItCapt-6c MinionPro-SemiboldItCapt " MinionPro-T2CAdobeEncoding ReEncodeFont " <mn-lf-t2c.enc <MinionPro-SemiboldItCapt.pfb
MinionPro-SemiboldItCapt-6x MinionPro-SemiboldItCapt " MinionPro-X2AdobeEncoding ReEncodeFont " <mn-lf-x2.enc <MinionPro-SemiboldItCapt.pfb
MinionPro-SemiboldItCapt-OSF-8t MinionPro-SemiboldItCapt " MinionPro-OSFT1Encoding ReEncodeFont " <mn-osf-t1.enc <MinionPro-SemiboldItCapt.pfb
MinionPro-SemiboldItCapt-OSF-8c MinionPro-SemiboldItCapt " MinionPro-TS1Encoding ReEncodeFont " <mn-osf-ts1.enc <MinionPro-SemiboldItCapt.pfb
MinionPro-SemiboldItCapt-OSF-7t MinionPro-SemiboldItCapt " MinionPro-OT1Encoding ReEncodeFont " <mn-osf-ot1.enc <MinionPro-SemiboldItCapt.pfb
MinionPro-SemiboldItCapt-OSF-7m MinionPro-SemiboldItCapt " MinionPro-OSFOMLEncoding ReEncodeFont " <mn-osf-oml.enc <MinionPro-SemiboldItCapt.pfb
MinionPro-SemiboldItCapt-OSFSC-8t MinionPro-SemiboldItCapt " MinionPro-OSFSCT1Encoding ReEncodeFont " <mn-osf-sc-t1.enc <MinionPro-SemiboldItCapt.pfb
MinionPro-SemiboldItCapt-OSFSC-8c MinionPro-SemiboldItCapt " MinionPro-SCTS1Encoding ReEncodeFont " <mn-osf-sc-ts1.enc <MinionPro-SemiboldItCapt.pfb
MinionPro-SemiboldItCapt-OSFSC-7t MinionPro-SemiboldItCapt " MinionPro-OSFSCOT1Encoding ReEncodeFont " <mn-osf-sc-ot1.enc <MinionPro-SemiboldItCapt.pfb
MinionPro-SemiboldItCapt-OSF-6a MinionPro-SemiboldItCapt " MinionPro-T2AAdobeEncoding ReEncodeFont " <mn-osf-t2a.enc <MinionPro-SemiboldItCapt.pfb
MinionPro-SemiboldItCapt-OSF-6t MinionPro-SemiboldItCapt " MinionPro-T2BAdobeEncoding ReEncodeFont " <mn-osf-t2b.enc <MinionPro-SemiboldItCapt.pfb
MinionPro-SemiboldItCapt-OSF-6c MinionPro-SemiboldItCapt " MinionPro-T2CAdobeEncoding ReEncodeFont " <mn-osf-t2c.enc <MinionPro-SemiboldItCapt.pfb
MinionPro-SemiboldItCapt-OSF-6x MinionPro-SemiboldItCapt " MinionPro-X2AdobeEncoding ReEncodeFont " <mn-osf-x2.enc <MinionPro-SemiboldItCapt.pfb
MinionPro-SemiboldItDisp-8t MinionPro-SemiboldItDisp " MinionPro-T1Encoding ReEncodeFont " <mn-lf-t1.enc <MinionPro-SemiboldItDisp.pfb
MinionPro-SemiboldItDisp-8c MinionPro-SemiboldItDisp " MinionPro-TS1Encoding ReEncodeFont " <mn-lf-ts1.enc <MinionPro-SemiboldItDisp.pfb
MinionPro-SemiboldItDisp-7t MinionPro-SemiboldItDisp " MinionPro-OT1Encoding ReEncodeFont " <mn-lf-ot1.enc <MinionPro-SemiboldItDisp.pfb
MinionPro-SemiboldItDisp-7m MinionPro-SemiboldItDisp " MinionPro-OMLEncoding ReEncodeFont " <mn-lf-oml.enc <MinionPro-SemiboldItDisp.pfb
MinionPro-SemiboldItDisp-SC-8t MinionPro-SemiboldItDisp " MinionPro-SCT1Encoding ReEncodeFont " <mn-lf-sc-t1.enc <MinionPro-SemiboldItDisp.pfb
MinionPro-SemiboldItDisp-SC-8c MinionPro-SemiboldItDisp " MinionPro-SCTS1Encoding ReEncodeFont " <mn-lf-sc-ts1.enc <MinionPro-SemiboldItDisp.pfb
MinionPro-SemiboldItDisp-SC-7t MinionPro-SemiboldItDisp " MinionPro-SCOT1Encoding ReEncodeFont " <mn-lf-sc-ot1.enc <MinionPro-SemiboldItDisp.pfb
MinionPro-SemiboldItDisp-6a MinionPro-SemiboldItDisp " MinionPro-T2AAdobeEncoding ReEncodeFont " <mn-lf-t2a.enc <MinionPro-SemiboldItDisp.pfb
MinionPro-SemiboldItDisp-6t MinionPro-SemiboldItDisp " MinionPro-T2BAdobeEncoding ReEncodeFont " <mn-lf-t2b.enc <MinionPro-SemiboldItDisp.pfb
MinionPro-SemiboldItDisp-6c MinionPro-SemiboldItDisp " MinionPro-T2CAdobeEncoding ReEncodeFont " <mn-lf-t2c.enc <MinionPro-SemiboldItDisp.pfb
MinionPro-SemiboldItDisp-6x MinionPro-SemiboldItDisp " MinionPro-X2AdobeEncoding ReEncodeFont " <mn-lf-x2.enc <MinionPro-SemiboldItDisp.pfb
MinionPro-SemiboldItDisp-OSF-8t MinionPro-SemiboldItDisp " MinionPro-OSFT1Encoding ReEncodeFont " <mn-osf-t1.enc <MinionPro-SemiboldItDisp.pfb
MinionPro-SemiboldItDisp-OSF-8c MinionPro-SemiboldItDisp " MinionPro-TS1Encoding ReEncodeFont " <mn-osf-ts1.enc <MinionPro-SemiboldItDisp.pfb
MinionPro-SemiboldItDisp-OSF-7t MinionPro-SemiboldItDisp " MinionPro-OT1Encoding ReEncodeFont " <mn-osf-ot1.enc <MinionPro-SemiboldItDisp.pfb
MinionPro-SemiboldItDisp-OSF-7m MinionPro-SemiboldItDisp " MinionPro-OSFOMLEncoding ReEncodeFont " <mn-osf-oml.enc <MinionPro-SemiboldItDisp.pfb
MinionPro-SemiboldItDisp-OSFSC-8t MinionPro-SemiboldItDisp " MinionPro-OSFSCT1Encoding ReEncodeFont " <mn-osf-sc-t1.enc <MinionPro-SemiboldItDisp.pfb
MinionPro-SemiboldItDisp-OSFSC-8c MinionPro-SemiboldItDisp " MinionPro-SCTS1Encoding ReEncodeFont " <mn-osf-sc-ts1.enc <MinionPro-SemiboldItDisp.pfb
MinionPro-SemiboldItDisp-OSFSC-7t MinionPro-SemiboldItDisp " MinionPro-OSFSCOT1Encoding ReEncodeFont " <mn-osf-sc-ot1.enc <MinionPro-SemiboldItDisp.pfb
MinionPro-SemiboldItDisp-OSF-6a MinionPro-SemiboldItDisp " MinionPro-T2AAdobeEncoding ReEncodeFont " <mn-osf-t2a.enc <MinionPro-SemiboldItDisp.pfb
MinionPro-SemiboldItDisp-OSF-6t MinionPro-SemiboldItDisp " MinionPro-T2BAdobeEncoding ReEncodeFont " <mn-osf-t2b.enc <MinionPro-SemiboldItDisp.pfb
MinionPro-SemiboldItDisp-OSF-6c MinionPro-SemiboldItDisp " MinionPro-T2CAdobeEncoding ReEncodeFont " <mn-osf-t2c.enc <MinionPro-SemiboldItDisp.pfb
MinionPro-SemiboldItDisp-OSF-6x MinionPro-SemiboldItDisp " MinionPro-X2AdobeEncoding ReEncodeFont " <mn-osf-x2.enc <MinionPro-SemiboldItDisp.pfb
MinionPro-SemiboldItSubh-8t MinionPro-SemiboldItSubh " MinionPro-T1Encoding ReEncodeFont " <mn-lf-t1.enc <MinionPro-SemiboldItSubh.pfb
MinionPro-SemiboldItSubh-8c MinionPro-SemiboldItSubh " MinionPro-TS1Encoding ReEncodeFont " <mn-lf-ts1.enc <MinionPro-SemiboldItSubh.pfb
MinionPro-SemiboldItSubh-7t MinionPro-SemiboldItSubh " MinionPro-OT1Encoding ReEncodeFont " <mn-lf-ot1.enc <MinionPro-SemiboldItSubh.pfb
MinionPro-SemiboldItSubh-7m MinionPro-SemiboldItSubh " MinionPro-OMLEncoding ReEncodeFont " <mn-lf-oml.enc <MinionPro-SemiboldItSubh.pfb
MinionPro-SemiboldItSubh-SC-8t MinionPro-SemiboldItSubh " MinionPro-SCT1Encoding ReEncodeFont " <mn-lf-sc-t1.enc <MinionPro-SemiboldItSubh.pfb
MinionPro-SemiboldItSubh-SC-8c MinionPro-SemiboldItSubh " MinionPro-SCTS1Encoding ReEncodeFont " <mn-lf-sc-ts1.enc <MinionPro-SemiboldItSubh.pfb
MinionPro-SemiboldItSubh-SC-7t MinionPro-SemiboldItSubh " MinionPro-SCOT1Encoding ReEncodeFont " <mn-lf-sc-ot1.enc <MinionPro-SemiboldItSubh.pfb
MinionPro-SemiboldItSubh-6a MinionPro-SemiboldItSubh " MinionPro-T2AAdobeEncoding ReEncodeFont " <mn-lf-t2a.enc <MinionPro-SemiboldItSubh.pfb
MinionPro-SemiboldItSubh-6t MinionPro-SemiboldItSubh " MinionPro-T2BAdobeEncoding ReEncodeFont " <mn-lf-t2b.enc <MinionPro-SemiboldItSubh.pfb
MinionPro-SemiboldItSubh-6c MinionPro-SemiboldItSubh " MinionPro-T2CAdobeEncoding ReEncodeFont " <mn-lf-t2c.enc <MinionPro-SemiboldItSubh.pfb
MinionPro-SemiboldItSubh-6x MinionPro-SemiboldItSubh " MinionPro-X2AdobeEncoding ReEncodeFont " <mn-lf-x2.enc <MinionPro-SemiboldItSubh.pfb
MinionPro-SemiboldItSubh-OSF-8t MinionPro-SemiboldItSubh " MinionPro-OSFT1Encoding ReEncodeFont " <mn-osf-t1.enc <MinionPro-SemiboldItSubh.pfb
MinionPro-SemiboldItSubh-OSF-8c MinionPro-SemiboldItSubh " MinionPro-TS1Encoding ReEncodeFont " <mn-osf-ts1.enc <MinionPro-SemiboldItSubh.pfb
MinionPro-SemiboldItSubh-OSF-7t MinionPro-SemiboldItSubh " MinionPro-OT1Encoding ReEncodeFont " <mn-osf-ot1.enc <MinionPro-SemiboldItSubh.pfb
MinionPro-SemiboldItSubh-OSF-7m MinionPro-SemiboldItSubh " MinionPro-OSFOMLEncoding ReEncodeFont " <mn-osf-oml.enc <MinionPro-SemiboldItSubh.pfb
MinionPro-SemiboldItSubh-OSFSC-8t MinionPro-SemiboldItSubh " MinionPro-OSFSCT1Encoding ReEncodeFont " <mn-osf-sc-t1.enc <MinionPro-SemiboldItSubh.pfb
MinionPro-SemiboldItSubh-OSFSC-8c MinionPro-SemiboldItSubh " MinionPro-SCTS1Encoding ReEncodeFont " <mn-osf-sc-ts1.enc <MinionPro-SemiboldItSubh.pfb
MinionPro-SemiboldItSubh-OSFSC-7t MinionPro-SemiboldItSubh " MinionPro-OSFSCOT1Encoding ReEncodeFont " <mn-osf-sc-ot1.enc <MinionPro-SemiboldItSubh.pfb
MinionPro-SemiboldItSubh-OSF-6a MinionPro-SemiboldItSubh " MinionPro-T2AAdobeEncoding ReEncodeFont " <mn-osf-t2a.enc <MinionPro-SemiboldItSubh.pfb
MinionPro-SemiboldItSubh-OSF-6t MinionPro-SemiboldItSubh " MinionPro-T2BAdobeEncoding ReEncodeFont " <mn-osf-t2b.enc <MinionPro-SemiboldItSubh.pfb
MinionPro-SemiboldItSubh-OSF-6c MinionPro-SemiboldItSubh " MinionPro-T2CAdobeEncoding ReEncodeFont " <mn-osf-t2c.enc <MinionPro-SemiboldItSubh.pfb
MinionPro-SemiboldItSubh-OSF-6x MinionPro-SemiboldItSubh " MinionPro-X2AdobeEncoding ReEncodeFont " <mn-osf-x2.enc <MinionPro-SemiboldItSubh.pfb
MinionPro-SemiboldIt-Swash-8t MinionPro-SemiboldIt " MinionPro-SwashT1Encoding ReEncodeFont " <mn-lf-swash-t1.enc <MinionPro-SemiboldIt.pfb
MinionPro-SemiboldIt-Swash-7t MinionPro-SemiboldIt " MinionPro-SwashOT1Encoding ReEncodeFont " <mn-lf-swash-ot1.enc <MinionPro-SemiboldIt.pfb
MinionPro-SemiboldIt-OSF-Swash-8t MinionPro-SemiboldIt " MinionPro-SwashOSFT1Encoding ReEncodeFont " <mn-osf-swash-t1.enc <MinionPro-SemiboldIt.pfb
MinionPro-SemiboldIt-OSF-Swash-7t MinionPro-SemiboldIt " MinionPro-SwashOT1Encoding ReEncodeFont " <mn-osf-swash-ot1.enc <MinionPro-SemiboldIt.pfb
MinionPro-SemiboldIt-Cn-7m MinionPro-SemiboldIt-Cn " MinionPro-OMLEncoding ReEncodeFont " <mn-lf-oml.enc <MinionPro-SemiboldIt-Cn.pfb
MinionPro-SemiboldIt-Cn-OSF-7m MinionPro-SemiboldIt-Cn " MinionPro-OSFOMLEncoding ReEncodeFont " <mn-osf-oml.enc <MinionPro-SemiboldIt-Cn.pfb
MinionPro-SemiboldItCapt-Swash-8t MinionPro-SemiboldItCapt " MinionPro-SwashT1Encoding ReEncodeFont " <mn-lf-swash-t1.enc <MinionPro-SemiboldItCapt.pfb
MinionPro-SemiboldItCapt-Swash-7t MinionPro-SemiboldItCapt " MinionPro-SwashOT1Encoding ReEncodeFont " <mn-lf-swash-ot1.enc <MinionPro-SemiboldItCapt.pfb
MinionPro-SemiboldItCapt-OSF-Swash-8t MinionPro-SemiboldItCapt " MinionPro-SwashOSFT1Encoding ReEncodeFont " <mn-osf-swash-t1.enc <MinionPro-SemiboldItCapt.pfb
MinionPro-SemiboldItCapt-OSF-Swash-7t MinionPro-SemiboldItCapt " MinionPro-SwashOT1Encoding ReEncodeFont " <mn-osf-swash-ot1.enc <MinionPro-SemiboldItCapt.pfb
MinionPro-SemiboldItCapt-Cn-7m MinionPro-SemiboldItCapt-Cn " MinionPro-OMLEncoding ReEncodeFont " <mn-lf-oml.enc <MinionPro-SemiboldItCapt-Cn.pfb
MinionPro-SemiboldItCapt-Cn-OSF-7m MinionPro-SemiboldItCapt-Cn " MinionPro-OSFOMLEncoding ReEncodeFont " <mn-osf-oml.enc <MinionPro-SemiboldItCapt-Cn.pfb
MinionPro-SemiboldItDisp-Swash-8t MinionPro-SemiboldItDisp " MinionPro-SwashT1Encoding ReEncodeFont " <mn-lf-swash-t1.enc <MinionPro-SemiboldItDisp.pfb
MinionPro-SemiboldItDisp-Swash-7t MinionPro-SemiboldItDisp " MinionPro-SwashOT1Encoding ReEncodeFont " <mn-lf-swash-ot1.enc <MinionPro-SemiboldItDisp.pfb
MinionPro-SemiboldItDisp-OSF-Swash-8t MinionPro-SemiboldItDisp " MinionPro-SwashOSFT1Encoding ReEncodeFont " <mn-osf-swash-t1.enc <MinionPro-SemiboldItDisp.pfb
MinionPro-SemiboldItDisp-OSF-Swash-7t MinionPro-SemiboldItDisp " MinionPro-SwashOT1Encoding ReEncodeFont " <mn-osf-swash-ot1.enc <MinionPro-SemiboldItDisp.pfb
MinionPro-SemiboldItDisp-Cn-7m MinionPro-SemiboldItDisp-Cn " MinionPro-OMLEncoding ReEncodeFont " <mn-lf-oml.enc <MinionPro-SemiboldItDisp-Cn.pfb
MinionPro-SemiboldItDisp-Cn-OSF-7m MinionPro-SemiboldItDisp-Cn " MinionPro-OSFOMLEncoding ReEncodeFont " <mn-osf-oml.enc <MinionPro-SemiboldItDisp-Cn.pfb
MinionPro-SemiboldItSubh-Swash-8t MinionPro-SemiboldItSubh " MinionPro-SwashT1Encoding ReEncodeFont " <mn-lf-swash-t1.enc <MinionPro-SemiboldItSubh.pfb
MinionPro-SemiboldItSubh-Swash-7t MinionPro-SemiboldItSubh " MinionPro-SwashOT1Encoding ReEncodeFont " <mn-lf-swash-ot1.enc <MinionPro-SemiboldItSubh.pfb
MinionPro-SemiboldItSubh-OSF-Swash-8t MinionPro-SemiboldItSubh " MinionPro-SwashOSFT1Encoding ReEncodeFont " <mn-osf-swash-t1.enc <MinionPro-SemiboldItSubh.pfb
MinionPro-SemiboldItSubh-OSF-Swash-7t MinionPro-SemiboldItSubh " MinionPro-SwashOT1Encoding ReEncodeFont " <mn-osf-swash-ot1.enc <MinionPro-SemiboldItSubh.pfb
MinionPro-SemiboldItSubh-Cn-7m MinionPro-SemiboldItSubh-Cn " MinionPro-OMLEncoding ReEncodeFont " <mn-lf-oml.enc <MinionPro-SemiboldItSubh-Cn.pfb
MinionPro-SemiboldItSubh-Cn-OSF-7m MinionPro-SemiboldItSubh-Cn " MinionPro-OSFOMLEncoding ReEncodeFont " <mn-osf-oml.enc <MinionPro-SemiboldItSubh-Cn.pfb
MinionPro-Bold-8t MinionPro-Bold " MinionPro-T1Encoding ReEncodeFont " <mn-lf-t1.enc <MinionPro-Bold.pfb
MinionPro-Bold-8c MinionPro-Bold " MinionPro-TS1Encoding ReEncodeFont " <mn-lf-ts1.enc <MinionPro-Bold.pfb
MinionPro-Bold-7t MinionPro-Bold " MinionPro-OT1Encoding ReEncodeFont " <mn-lf-ot1.enc <MinionPro-Bold.pfb
MinionPro-Bold-7m MinionPro-Bold " MinionPro-OMLEncoding ReEncodeFont " <mn-lf-oml.enc <MinionPro-Bold.pfb
MinionPro-Bold-SC-8t MinionPro-Bold " MinionPro-SCT1Encoding ReEncodeFont " <mn-lf-sc-t1.enc <MinionPro-Bold.pfb
MinionPro-Bold-SC-8c MinionPro-Bold " MinionPro-SCTS1Encoding ReEncodeFont " <mn-lf-sc-ts1.enc <MinionPro-Bold.pfb
MinionPro-Bold-SC-7t MinionPro-Bold " MinionPro-SCOT1Encoding ReEncodeFont " <mn-lf-sc-ot1.enc <MinionPro-Bold.pfb
MinionPro-Bold-6a MinionPro-Bold " MinionPro-T2AAdobeEncoding ReEncodeFont " <mn-lf-t2a.enc <MinionPro-Bold.pfb
MinionPro-Bold-6t MinionPro-Bold " MinionPro-T2BAdobeEncoding ReEncodeFont " <mn-lf-t2b.enc <MinionPro-Bold.pfb
MinionPro-Bold-6c MinionPro-Bold " MinionPro-T2CAdobeEncoding ReEncodeFont " <mn-lf-t2c.enc <MinionPro-Bold.pfb
MinionPro-Bold-6x MinionPro-Bold " MinionPro-X2AdobeEncoding ReEncodeFont " <mn-lf-x2.enc <MinionPro-Bold.pfb
MinionPro-Bold-OSF-8t MinionPro-Bold " MinionPro-OSFT1Encoding ReEncodeFont " <mn-osf-t1.enc <MinionPro-Bold.pfb
MinionPro-Bold-OSF-8c MinionPro-Bold " MinionPro-TS1Encoding ReEncodeFont " <mn-osf-ts1.enc <MinionPro-Bold.pfb
MinionPro-Bold-OSF-7t MinionPro-Bold " MinionPro-OT1Encoding ReEncodeFont " <mn-osf-ot1.enc <MinionPro-Bold.pfb
MinionPro-Bold-OSF-7m MinionPro-Bold " MinionPro-OSFOMLEncoding ReEncodeFont " <mn-osf-oml.enc <MinionPro-Bold.pfb
MinionPro-Bold-OSFSC-8t MinionPro-Bold " MinionPro-OSFSCT1Encoding ReEncodeFont " <mn-osf-sc-t1.enc <MinionPro-Bold.pfb
MinionPro-Bold-OSFSC-8c MinionPro-Bold " MinionPro-SCTS1Encoding ReEncodeFont " <mn-osf-sc-ts1.enc <MinionPro-Bold.pfb
MinionPro-Bold-OSFSC-7t MinionPro-Bold " MinionPro-OSFSCOT1Encoding ReEncodeFont " <mn-osf-sc-ot1.enc <MinionPro-Bold.pfb
MinionPro-Bold-OSF-6a MinionPro-Bold " MinionPro-T2AAdobeEncoding ReEncodeFont " <mn-osf-t2a.enc <MinionPro-Bold.pfb
MinionPro-Bold-OSF-6t MinionPro-Bold " MinionPro-T2BAdobeEncoding ReEncodeFont " <mn-osf-t2b.enc <MinionPro-Bold.pfb
MinionPro-Bold-OSF-6c MinionPro-Bold " MinionPro-T2CAdobeEncoding ReEncodeFont " <mn-osf-t2c.enc <MinionPro-Bold.pfb
MinionPro-Bold-OSF-6x MinionPro-Bold " MinionPro-X2AdobeEncoding ReEncodeFont " <mn-osf-x2.enc <MinionPro-Bold.pfb
MinionPro-BoldCapt-8t MinionPro-BoldCapt " MinionPro-T1Encoding ReEncodeFont " <mn-lf-t1.enc <MinionPro-BoldCapt.pfb
MinionPro-BoldCapt-8c MinionPro-BoldCapt " MinionPro-TS1Encoding ReEncodeFont " <mn-lf-ts1.enc <MinionPro-BoldCapt.pfb
MinionPro-BoldCapt-7t MinionPro-BoldCapt " MinionPro-OT1Encoding ReEncodeFont " <mn-lf-ot1.enc <MinionPro-BoldCapt.pfb
MinionPro-BoldCapt-7m MinionPro-BoldCapt " MinionPro-OMLEncoding ReEncodeFont " <mn-lf-oml.enc <MinionPro-BoldCapt.pfb
MinionPro-BoldCapt-SC-8t MinionPro-BoldCapt " MinionPro-SCT1Encoding ReEncodeFont " <mn-lf-sc-t1.enc <MinionPro-BoldCapt.pfb
MinionPro-BoldCapt-SC-8c MinionPro-BoldCapt " MinionPro-SCTS1Encoding ReEncodeFont " <mn-lf-sc-ts1.enc <MinionPro-BoldCapt.pfb
MinionPro-BoldCapt-SC-7t MinionPro-BoldCapt " MinionPro-SCOT1Encoding ReEncodeFont " <mn-lf-sc-ot1.enc <MinionPro-BoldCapt.pfb
MinionPro-BoldCapt-6a MinionPro-BoldCapt " MinionPro-T2AAdobeEncoding ReEncodeFont " <mn-lf-t2a.enc <MinionPro-BoldCapt.pfb
MinionPro-BoldCapt-6t MinionPro-BoldCapt " MinionPro-T2BAdobeEncoding ReEncodeFont " <mn-lf-t2b.enc <MinionPro-BoldCapt.pfb
MinionPro-BoldCapt-6c MinionPro-BoldCapt " MinionPro-T2CAdobeEncoding ReEncodeFont " <mn-lf-t2c.enc <MinionPro-BoldCapt.pfb
MinionPro-BoldCapt-6x MinionPro-BoldCapt " MinionPro-X2AdobeEncoding ReEncodeFont " <mn-lf-x2.enc <MinionPro-BoldCapt.pfb
MinionPro-BoldCapt-OSF-8t MinionPro-BoldCapt " MinionPro-OSFT1Encoding ReEncodeFont " <mn-osf-t1.enc <MinionPro-BoldCapt.pfb
MinionPro-BoldCapt-OSF-8c MinionPro-BoldCapt " MinionPro-TS1Encoding ReEncodeFont " <mn-osf-ts1.enc <MinionPro-BoldCapt.pfb
MinionPro-BoldCapt-OSF-7t MinionPro-BoldCapt " MinionPro-OT1Encoding ReEncodeFont " <mn-osf-ot1.enc <MinionPro-BoldCapt.pfb
MinionPro-BoldCapt-OSF-7m MinionPro-BoldCapt " MinionPro-OSFOMLEncoding ReEncodeFont " <mn-osf-oml.enc <MinionPro-BoldCapt.pfb
MinionPro-BoldCapt-OSFSC-8t MinionPro-BoldCapt " MinionPro-OSFSCT1Encoding ReEncodeFont " <mn-osf-sc-t1.enc <MinionPro-BoldCapt.pfb
MinionPro-BoldCapt-OSFSC-8c MinionPro-BoldCapt " MinionPro-SCTS1Encoding ReEncodeFont " <mn-osf-sc-ts1.enc <MinionPro-BoldCapt.pfb
MinionPro-BoldCapt-OSFSC-7t MinionPro-BoldCapt " MinionPro-OSFSCOT1Encoding ReEncodeFont " <mn-osf-sc-ot1.enc <MinionPro-BoldCapt.pfb
MinionPro-BoldCapt-OSF-6a MinionPro-BoldCapt " MinionPro-T2AAdobeEncoding ReEncodeFont " <mn-osf-t2a.enc <MinionPro-BoldCapt.pfb
MinionPro-BoldCapt-OSF-6t MinionPro-BoldCapt " MinionPro-T2BAdobeEncoding ReEncodeFont " <mn-osf-t2b.enc <MinionPro-BoldCapt.pfb
MinionPro-BoldCapt-OSF-6c MinionPro-BoldCapt " MinionPro-T2CAdobeEncoding ReEncodeFont " <mn-osf-t2c.enc <MinionPro-BoldCapt.pfb
MinionPro-BoldCapt-OSF-6x MinionPro-BoldCapt " MinionPro-X2AdobeEncoding ReEncodeFont " <mn-osf-x2.enc <MinionPro-BoldCapt.pfb
MinionPro-BoldDisp-8t MinionPro-BoldDisp " MinionPro-T1Encoding ReEncodeFont " <mn-lf-t1.enc <MinionPro-BoldDisp.pfb
MinionPro-BoldDisp-8c MinionPro-BoldDisp " MinionPro-TS1Encoding ReEncodeFont " <mn-lf-ts1.enc <MinionPro-BoldDisp.pfb
MinionPro-BoldDisp-7t MinionPro-BoldDisp " MinionPro-OT1Encoding ReEncodeFont " <mn-lf-ot1.enc <MinionPro-BoldDisp.pfb
MinionPro-BoldDisp-7m MinionPro-BoldDisp " MinionPro-OMLEncoding ReEncodeFont " <mn-lf-oml.enc <MinionPro-BoldDisp.pfb
MinionPro-BoldDisp-SC-8t MinionPro-BoldDisp " MinionPro-SCT1Encoding ReEncodeFont " <mn-lf-sc-t1.enc <MinionPro-BoldDisp.pfb
MinionPro-BoldDisp-SC-8c MinionPro-BoldDisp " MinionPro-SCTS1Encoding ReEncodeFont " <mn-lf-sc-ts1.enc <MinionPro-BoldDisp.pfb
MinionPro-BoldDisp-SC-7t MinionPro-BoldDisp " MinionPro-SCOT1Encoding ReEncodeFont " <mn-lf-sc-ot1.enc <MinionPro-BoldDisp.pfb
MinionPro-BoldDisp-6a MinionPro-BoldDisp " MinionPro-T2AAdobeEncoding ReEncodeFont " <mn-lf-t2a.enc <MinionPro-BoldDisp.pfb
MinionPro-BoldDisp-6t MinionPro-BoldDisp " MinionPro-T2BAdobeEncoding ReEncodeFont " <mn-lf-t2b.enc <MinionPro-BoldDisp.pfb
MinionPro-BoldDisp-6c MinionPro-BoldDisp " MinionPro-T2CAdobeEncoding ReEncodeFont " <mn-lf-t2c.enc <MinionPro-BoldDisp.pfb
MinionPro-BoldDisp-6x MinionPro-BoldDisp " MinionPro-X2AdobeEncoding ReEncodeFont " <mn-lf-x2.enc <MinionPro-BoldDisp.pfb
MinionPro-BoldDisp-OSF-8t MinionPro-BoldDisp " MinionPro-OSFT1Encoding ReEncodeFont " <mn-osf-t1.enc <MinionPro-BoldDisp.pfb
MinionPro-BoldDisp-OSF-8c MinionPro-BoldDisp " MinionPro-TS1Encoding ReEncodeFont " <mn-osf-ts1.enc <MinionPro-BoldDisp.pfb
MinionPro-BoldDisp-OSF-7t MinionPro-BoldDisp " MinionPro-OT1Encoding ReEncodeFont " <mn-osf-ot1.enc <MinionPro-BoldDisp.pfb
MinionPro-BoldDisp-OSF-7m MinionPro-BoldDisp " MinionPro-OSFOMLEncoding ReEncodeFont " <mn-osf-oml.enc <MinionPro-BoldDisp.pfb
MinionPro-BoldDisp-OSFSC-8t MinionPro-BoldDisp " MinionPro-OSFSCT1Encoding ReEncodeFont " <mn-osf-sc-t1.enc <MinionPro-BoldDisp.pfb
MinionPro-BoldDisp-OSFSC-8c MinionPro-BoldDisp " MinionPro-SCTS1Encoding ReEncodeFont " <mn-osf-sc-ts1.enc <MinionPro-BoldDisp.pfb
MinionPro-BoldDisp-OSFSC-7t MinionPro-BoldDisp " MinionPro-OSFSCOT1Encoding ReEncodeFont " <mn-osf-sc-ot1.enc <MinionPro-BoldDisp.pfb
MinionPro-BoldDisp-OSF-6a MinionPro-BoldDisp " MinionPro-T2AAdobeEncoding ReEncodeFont " <mn-osf-t2a.enc <MinionPro-BoldDisp.pfb
MinionPro-BoldDisp-OSF-6t MinionPro-BoldDisp " MinionPro-T2BAdobeEncoding ReEncodeFont " <mn-osf-t2b.enc <MinionPro-BoldDisp.pfb
MinionPro-BoldDisp-OSF-6c MinionPro-BoldDisp " MinionPro-T2CAdobeEncoding ReEncodeFont " <mn-osf-t2c.enc <MinionPro-BoldDisp.pfb
MinionPro-BoldDisp-OSF-6x MinionPro-BoldDisp " MinionPro-X2AdobeEncoding ReEncodeFont " <mn-osf-x2.enc <MinionPro-BoldDisp.pfb
MinionPro-BoldSubh-8t MinionPro-BoldSubh " MinionPro-T1Encoding ReEncodeFont " <mn-lf-t1.enc <MinionPro-BoldSubh.pfb
MinionPro-BoldSubh-8c MinionPro-BoldSubh " MinionPro-TS1Encoding ReEncodeFont " <mn-lf-ts1.enc <MinionPro-BoldSubh.pfb
MinionPro-BoldSubh-7t MinionPro-BoldSubh " MinionPro-OT1Encoding ReEncodeFont " <mn-lf-ot1.enc <MinionPro-BoldSubh.pfb
MinionPro-BoldSubh-7m MinionPro-BoldSubh " MinionPro-OMLEncoding ReEncodeFont " <mn-lf-oml.enc <MinionPro-BoldSubh.pfb
MinionPro-BoldSubh-SC-8t MinionPro-BoldSubh " MinionPro-SCT1Encoding ReEncodeFont " <mn-lf-sc-t1.enc <MinionPro-BoldSubh.pfb
MinionPro-BoldSubh-SC-8c MinionPro-BoldSubh " MinionPro-SCTS1Encoding ReEncodeFont " <mn-lf-sc-ts1.enc <MinionPro-BoldSubh.pfb
MinionPro-BoldSubh-SC-7t MinionPro-BoldSubh " MinionPro-SCOT1Encoding ReEncodeFont " <mn-lf-sc-ot1.enc <MinionPro-BoldSubh.pfb
MinionPro-BoldSubh-6a MinionPro-BoldSubh " MinionPro-T2AAdobeEncoding ReEncodeFont " <mn-lf-t2a.enc <MinionPro-BoldSubh.pfb
MinionPro-BoldSubh-6t MinionPro-BoldSubh " MinionPro-T2BAdobeEncoding ReEncodeFont " <mn-lf-t2b.enc <MinionPro-BoldSubh.pfb
MinionPro-BoldSubh-6c MinionPro-BoldSubh " MinionPro-T2CAdobeEncoding ReEncodeFont " <mn-lf-t2c.enc <MinionPro-BoldSubh.pfb
MinionPro-BoldSubh-6x MinionPro-BoldSubh " MinionPro-X2AdobeEncoding ReEncodeFont " <mn-lf-x2.enc <MinionPro-BoldSubh.pfb
MinionPro-BoldSubh-OSF-8t MinionPro-BoldSubh " MinionPro-OSFT1Encoding ReEncodeFont " <mn-osf-t1.enc <MinionPro-BoldSubh.pfb
MinionPro-BoldSubh-OSF-8c MinionPro-BoldSubh " MinionPro-TS1Encoding ReEncodeFont " <mn-osf-ts1.enc <MinionPro-BoldSubh.pfb
MinionPro-BoldSubh-OSF-7t MinionPro-BoldSubh " MinionPro-OT1Encoding ReEncodeFont " <mn-osf-ot1.enc <MinionPro-BoldSubh.pfb
MinionPro-BoldSubh-OSF-7m MinionPro-BoldSubh " MinionPro-OSFOMLEncoding ReEncodeFont " <mn-osf-oml.enc <MinionPro-BoldSubh.pfb
MinionPro-BoldSubh-OSFSC-8t MinionPro-BoldSubh " MinionPro-OSFSCT1Encoding ReEncodeFont " <mn-osf-sc-t1.enc <MinionPro-BoldSubh.pfb
MinionPro-BoldSubh-OSFSC-8c MinionPro-BoldSubh " MinionPro-SCTS1Encoding ReEncodeFont " <mn-osf-sc-ts1.enc <MinionPro-BoldSubh.pfb
MinionPro-BoldSubh-OSFSC-7t MinionPro-BoldSubh " MinionPro-OSFSCOT1Encoding ReEncodeFont " <mn-osf-sc-ot1.enc <MinionPro-BoldSubh.pfb
MinionPro-BoldSubh-OSF-6a MinionPro-BoldSubh " MinionPro-T2AAdobeEncoding ReEncodeFont " <mn-osf-t2a.enc <MinionPro-BoldSubh.pfb
MinionPro-BoldSubh-OSF-6t MinionPro-BoldSubh " MinionPro-T2BAdobeEncoding ReEncodeFont " <mn-osf-t2b.enc <MinionPro-BoldSubh.pfb
MinionPro-BoldSubh-OSF-6c MinionPro-BoldSubh " MinionPro-T2CAdobeEncoding ReEncodeFont " <mn-osf-t2c.enc <MinionPro-BoldSubh.pfb
MinionPro-BoldSubh-OSF-6x MinionPro-BoldSubh " MinionPro-X2AdobeEncoding ReEncodeFont " <mn-osf-x2.enc <MinionPro-BoldSubh.pfb
MinionPro-BoldIt-8t MinionPro-BoldIt " MinionPro-T1Encoding ReEncodeFont " <mn-lf-t1.enc <MinionPro-BoldIt.pfb
MinionPro-BoldIt-8c MinionPro-BoldIt " MinionPro-TS1Encoding ReEncodeFont " <mn-lf-ts1.enc <MinionPro-BoldIt.pfb
MinionPro-BoldIt-7t MinionPro-BoldIt " MinionPro-OT1Encoding ReEncodeFont " <mn-lf-ot1.enc <MinionPro-BoldIt.pfb
MinionPro-BoldIt-7m MinionPro-BoldIt " MinionPro-OMLEncoding ReEncodeFont " <mn-lf-oml.enc <MinionPro-BoldIt.pfb
MinionPro-BoldIt-SC-8t MinionPro-BoldIt " MinionPro-SCT1Encoding ReEncodeFont " <mn-lf-sc-t1.enc <MinionPro-BoldIt.pfb
MinionPro-BoldIt-SC-8c MinionPro-BoldIt " MinionPro-SCTS1Encoding ReEncodeFont " <mn-lf-sc-ts1.enc <MinionPro-BoldIt.pfb
MinionPro-BoldIt-SC-7t MinionPro-BoldIt " MinionPro-SCOT1Encoding ReEncodeFont " <mn-lf-sc-ot1.enc <MinionPro-BoldIt.pfb
MinionPro-BoldIt-6a MinionPro-BoldIt " MinionPro-T2AAdobeEncoding ReEncodeFont " <mn-lf-t2a.enc <MinionPro-BoldIt.pfb
MinionPro-BoldIt-6t MinionPro-BoldIt " MinionPro-T2BAdobeEncoding ReEncodeFont " <mn-lf-t2b.enc <MinionPro-BoldIt.pfb
MinionPro-BoldIt-6c MinionPro-BoldIt " MinionPro-T2CAdobeEncoding ReEncodeFont " <mn-lf-t2c.enc <MinionPro-BoldIt.pfb
MinionPro-BoldIt-6x MinionPro-BoldIt " MinionPro-X2AdobeEncoding ReEncodeFont " <mn-lf-x2.enc <MinionPro-BoldIt.pfb
MinionPro-BoldIt-OSF-8t MinionPro-BoldIt " MinionPro-OSFT1Encoding ReEncodeFont " <mn-osf-t1.enc <MinionPro-BoldIt.pfb
MinionPro-BoldIt-OSF-8c MinionPro-BoldIt " MinionPro-TS1Encoding ReEncodeFont " <mn-osf-ts1.enc <MinionPro-BoldIt.pfb
MinionPro-BoldIt-OSF-7t MinionPro-BoldIt " MinionPro-OT1Encoding ReEncodeFont " <mn-osf-ot1.enc <MinionPro-BoldIt.pfb
MinionPro-BoldIt-OSF-7m MinionPro-BoldIt " MinionPro-OSFOMLEncoding ReEncodeFont " <mn-osf-oml.enc <MinionPro-BoldIt.pfb
MinionPro-BoldIt-OSFSC-8t MinionPro-BoldIt " MinionPro-OSFSCT1Encoding ReEncodeFont " <mn-osf-sc-t1.enc <MinionPro-BoldIt.pfb
MinionPro-BoldIt-OSFSC-8c MinionPro-BoldIt " MinionPro-SCTS1Encoding ReEncodeFont " <mn-osf-sc-ts1.enc <MinionPro-BoldIt.pfb
MinionPro-BoldIt-OSFSC-7t MinionPro-BoldIt " MinionPro-OSFSCOT1Encoding ReEncodeFont " <mn-osf-sc-ot1.enc <MinionPro-BoldIt.pfb
MinionPro-BoldIt-OSF-6a MinionPro-BoldIt " MinionPro-T2AAdobeEncoding ReEncodeFont " <mn-osf-t2a.enc <MinionPro-BoldIt.pfb
MinionPro-BoldIt-OSF-6t MinionPro-BoldIt " MinionPro-T2BAdobeEncoding ReEncodeFont " <mn-osf-t2b.enc <MinionPro-BoldIt.pfb
MinionPro-BoldIt-OSF-6c MinionPro-BoldIt " MinionPro-T2CAdobeEncoding ReEncodeFont " <mn-osf-t2c.enc <MinionPro-BoldIt.pfb
MinionPro-BoldIt-OSF-6x MinionPro-BoldIt " MinionPro-X2AdobeEncoding ReEncodeFont " <mn-osf-x2.enc <MinionPro-BoldIt.pfb
MinionPro-BoldItCapt-8t MinionPro-BoldItCapt " MinionPro-T1Encoding ReEncodeFont " <mn-lf-t1.enc <MinionPro-BoldItCapt.pfb
MinionPro-BoldItCapt-8c MinionPro-BoldItCapt " MinionPro-TS1Encoding ReEncodeFont " <mn-lf-ts1.enc <MinionPro-BoldItCapt.pfb
MinionPro-BoldItCapt-7t MinionPro-BoldItCapt " MinionPro-OT1Encoding ReEncodeFont " <mn-lf-ot1.enc <MinionPro-BoldItCapt.pfb
MinionPro-BoldItCapt-7m MinionPro-BoldItCapt " MinionPro-OMLEncoding ReEncodeFont " <mn-lf-oml.enc <MinionPro-BoldItCapt.pfb
MinionPro-BoldItCapt-SC-8t MinionPro-BoldItCapt " MinionPro-SCT1Encoding ReEncodeFont " <mn-lf-sc-t1.enc <MinionPro-BoldItCapt.pfb
MinionPro-BoldItCapt-SC-8c MinionPro-BoldItCapt " MinionPro-SCTS1Encoding ReEncodeFont " <mn-lf-sc-ts1.enc <MinionPro-BoldItCapt.pfb
MinionPro-BoldItCapt-SC-7t MinionPro-BoldItCapt " MinionPro-SCOT1Encoding ReEncodeFont " <mn-lf-sc-ot1.enc <MinionPro-BoldItCapt.pfb
MinionPro-BoldItCapt-6a MinionPro-BoldItCapt " MinionPro-T2AAdobeEncoding ReEncodeFont " <mn-lf-t2a.enc <MinionPro-BoldItCapt.pfb
MinionPro-BoldItCapt-6t MinionPro-BoldItCapt " MinionPro-T2BAdobeEncoding ReEncodeFont " <mn-lf-t2b.enc <MinionPro-BoldItCapt.pfb
MinionPro-BoldItCapt-6c MinionPro-BoldItCapt " MinionPro-T2CAdobeEncoding ReEncodeFont " <mn-lf-t2c.enc <MinionPro-BoldItCapt.pfb
MinionPro-BoldItCapt-6x MinionPro-BoldItCapt " MinionPro-X2AdobeEncoding ReEncodeFont " <mn-lf-x2.enc <MinionPro-BoldItCapt.pfb
MinionPro-BoldItCapt-OSF-8t MinionPro-BoldItCapt " MinionPro-OSFT1Encoding ReEncodeFont " <mn-osf-t1.enc <MinionPro-BoldItCapt.pfb
MinionPro-BoldItCapt-OSF-8c MinionPro-BoldItCapt " MinionPro-TS1Encoding ReEncodeFont " <mn-osf-ts1.enc <MinionPro-BoldItCapt.pfb
MinionPro-BoldItCapt-OSF-7t MinionPro-BoldItCapt " MinionPro-OT1Encoding ReEncodeFont " <mn-osf-ot1.enc <MinionPro-BoldItCapt.pfb
MinionPro-BoldItCapt-OSF-7m MinionPro-BoldItCapt " MinionPro-OSFOMLEncoding ReEncodeFont " <mn-osf-oml.enc <MinionPro-BoldItCapt.pfb
MinionPro-BoldItCapt-OSFSC-8t MinionPro-BoldItCapt " MinionPro-OSFSCT1Encoding ReEncodeFont " <mn-osf-sc-t1.enc <MinionPro-BoldItCapt.pfb
MinionPro-BoldItCapt-OSFSC-8c MinionPro-BoldItCapt " MinionPro-SCTS1Encoding ReEncodeFont " <mn-osf-sc-ts1.enc <MinionPro-BoldItCapt.pfb
MinionPro-BoldItCapt-OSFSC-7t MinionPro-BoldItCapt " MinionPro-OSFSCOT1Encoding ReEncodeFont " <mn-osf-sc-ot1.enc <MinionPro-BoldItCapt.pfb
MinionPro-BoldItCapt-OSF-6a MinionPro-BoldItCapt " MinionPro-T2AAdobeEncoding ReEncodeFont " <mn-osf-t2a.enc <MinionPro-BoldItCapt.pfb
MinionPro-BoldItCapt-OSF-6t MinionPro-BoldItCapt " MinionPro-T2BAdobeEncoding ReEncodeFont " <mn-osf-t2b.enc <MinionPro-BoldItCapt.pfb
MinionPro-BoldItCapt-OSF-6c MinionPro-BoldItCapt " MinionPro-T2CAdobeEncoding ReEncodeFont " <mn-osf-t2c.enc <MinionPro-BoldItCapt.pfb
MinionPro-BoldItCapt-OSF-6x MinionPro-BoldItCapt " MinionPro-X2AdobeEncoding ReEncodeFont " <mn-osf-x2.enc <MinionPro-BoldItCapt.pfb
MinionPro-BoldItDisp-8t MinionPro-BoldItDisp " MinionPro-T1Encoding ReEncodeFont " <mn-lf-t1.enc <MinionPro-BoldItDisp.pfb
MinionPro-BoldItDisp-8c MinionPro-BoldItDisp " MinionPro-TS1Encoding ReEncodeFont " <mn-lf-ts1.enc <MinionPro-BoldItDisp.pfb
MinionPro-BoldItDisp-7t MinionPro-BoldItDisp " MinionPro-OT1Encoding ReEncodeFont " <mn-lf-ot1.enc <MinionPro-BoldItDisp.pfb
MinionPro-BoldItDisp-7m MinionPro-BoldItDisp " MinionPro-OMLEncoding ReEncodeFont " <mn-lf-oml.enc <MinionPro-BoldItDisp.pfb
MinionPro-BoldItDisp-SC-8t MinionPro-BoldItDisp " MinionPro-SCT1Encoding ReEncodeFont " <mn-lf-sc-t1.enc <MinionPro-BoldItDisp.pfb
MinionPro-BoldItDisp-SC-8c MinionPro-BoldItDisp " MinionPro-SCTS1Encoding ReEncodeFont " <mn-lf-sc-ts1.enc <MinionPro-BoldItDisp.pfb
MinionPro-BoldItDisp-SC-7t MinionPro-BoldItDisp " MinionPro-SCOT1Encoding ReEncodeFont " <mn-lf-sc-ot1.enc <MinionPro-BoldItDisp.pfb
MinionPro-BoldItDisp-6a MinionPro-BoldItDisp " MinionPro-T2AAdobeEncoding ReEncodeFont " <mn-lf-t2a.enc <MinionPro-BoldItDisp.pfb
MinionPro-BoldItDisp-6t MinionPro-BoldItDisp " MinionPro-T2BAdobeEncoding ReEncodeFont " <mn-lf-t2b.enc <MinionPro-BoldItDisp.pfb
MinionPro-BoldItDisp-6c MinionPro-BoldItDisp " MinionPro-T2CAdobeEncoding ReEncodeFont " <mn-lf-t2c.enc <MinionPro-BoldItDisp.pfb
MinionPro-BoldItDisp-6x MinionPro-BoldItDisp " MinionPro-X2AdobeEncoding ReEncodeFont " <mn-lf-x2.enc <MinionPro-BoldItDisp.pfb
MinionPro-BoldItDisp-OSF-8t MinionPro-BoldItDisp " MinionPro-OSFT1Encoding ReEncodeFont " <mn-osf-t1.enc <MinionPro-BoldItDisp.pfb
MinionPro-BoldItDisp-OSF-8c MinionPro-BoldItDisp " MinionPro-TS1Encoding ReEncodeFont " <mn-osf-ts1.enc <MinionPro-BoldItDisp.pfb
MinionPro-BoldItDisp-OSF-7t MinionPro-BoldItDisp " MinionPro-OT1Encoding ReEncodeFont " <mn-osf-ot1.enc <MinionPro-BoldItDisp.pfb
MinionPro-BoldItDisp-OSF-7m MinionPro-BoldItDisp " MinionPro-OSFOMLEncoding ReEncodeFont " <mn-osf-oml.enc <MinionPro-BoldItDisp.pfb
MinionPro-BoldItDisp-OSFSC-8t MinionPro-BoldItDisp " MinionPro-OSFSCT1Encoding ReEncodeFont " <mn-osf-sc-t1.enc <MinionPro-BoldItDisp.pfb
MinionPro-BoldItDisp-OSFSC-8c MinionPro-BoldItDisp " MinionPro-SCTS1Encoding ReEncodeFont " <mn-osf-sc-ts1.enc <MinionPro-BoldItDisp.pfb
MinionPro-BoldItDisp-OSFSC-7t MinionPro-BoldItDisp " MinionPro-OSFSCOT1Encoding ReEncodeFont " <mn-osf-sc-ot1.enc <MinionPro-BoldItDisp.pfb
MinionPro-BoldItDisp-OSF-6a MinionPro-BoldItDisp " MinionPro-T2AAdobeEncoding ReEncodeFont " <mn-osf-t2a.enc <MinionPro-BoldItDisp.pfb
MinionPro-BoldItDisp-OSF-6t MinionPro-BoldItDisp " MinionPro-T2BAdobeEncoding ReEncodeFont " <mn-osf-t2b.enc <MinionPro-BoldItDisp.pfb
MinionPro-BoldItDisp-OSF-6c MinionPro-BoldItDisp " MinionPro-T2CAdobeEncoding ReEncodeFont " <mn-osf-t2c.enc <MinionPro-BoldItDisp.pfb
MinionPro-BoldItDisp-OSF-6x MinionPro-BoldItDisp " MinionPro-X2AdobeEncoding ReEncodeFont " <mn-osf-x2.enc <MinionPro-BoldItDisp.pfb
MinionPro-BoldItSubh-8t MinionPro-BoldItSubh " MinionPro-T1Encoding ReEncodeFont " <mn-lf-t1.enc <MinionPro-BoldItSubh.pfb
MinionPro-BoldItSubh-8c MinionPro-BoldItSubh " MinionPro-TS1Encoding ReEncodeFont " <mn-lf-ts1.enc <MinionPro-BoldItSubh.pfb
MinionPro-BoldItSubh-7t MinionPro-BoldItSubh " MinionPro-OT1Encoding ReEncodeFont " <mn-lf-ot1.enc <MinionPro-BoldItSubh.pfb
MinionPro-BoldItSubh-7m MinionPro-BoldItSubh " MinionPro-OMLEncoding ReEncodeFont " <mn-lf-oml.enc <MinionPro-BoldItSubh.pfb
MinionPro-BoldItSubh-SC-8t MinionPro-BoldItSubh " MinionPro-SCT1Encoding ReEncodeFont " <mn-lf-sc-t1.enc <MinionPro-BoldItSubh.pfb
MinionPro-BoldItSubh-SC-8c MinionPro-BoldItSubh " MinionPro-SCTS1Encoding ReEncodeFont " <mn-lf-sc-ts1.enc <MinionPro-BoldItSubh.pfb
MinionPro-BoldItSubh-SC-7t MinionPro-BoldItSubh " MinionPro-SCOT1Encoding ReEncodeFont " <mn-lf-sc-ot1.enc <MinionPro-BoldItSubh.pfb
MinionPro-BoldItSubh-6a MinionPro-BoldItSubh " MinionPro-T2AAdobeEncoding ReEncodeFont " <mn-lf-t2a.enc <MinionPro-BoldItSubh.pfb
MinionPro-BoldItSubh-6t MinionPro-BoldItSubh " MinionPro-T2BAdobeEncoding ReEncodeFont " <mn-lf-t2b.enc <MinionPro-BoldItSubh.pfb
MinionPro-BoldItSubh-6c MinionPro-BoldItSubh " MinionPro-T2CAdobeEncoding ReEncodeFont " <mn-lf-t2c.enc <MinionPro-BoldItSubh.pfb
MinionPro-BoldItSubh-6x MinionPro-BoldItSubh " MinionPro-X2AdobeEncoding ReEncodeFont " <mn-lf-x2.enc <MinionPro-BoldItSubh.pfb
MinionPro-BoldItSubh-OSF-8t MinionPro-BoldItSubh " MinionPro-OSFT1Encoding ReEncodeFont " <mn-osf-t1.enc <MinionPro-BoldItSubh.pfb
MinionPro-BoldItSubh-OSF-8c MinionPro-BoldItSubh " MinionPro-TS1Encoding ReEncodeFont " <mn-osf-ts1.enc <MinionPro-BoldItSubh.pfb
MinionPro-BoldItSubh-OSF-7t MinionPro-BoldItSubh " MinionPro-OT1Encoding ReEncodeFont " <mn-osf-ot1.enc <MinionPro-BoldItSubh.pfb
MinionPro-BoldItSubh-OSF-7m MinionPro-BoldItSubh " MinionPro-OSFOMLEncoding ReEncodeFont " <mn-osf-oml.enc <MinionPro-BoldItSubh.pfb
MinionPro-BoldItSubh-OSFSC-8t MinionPro-BoldItSubh " MinionPro-OSFSCT1Encoding ReEncodeFont " <mn-osf-sc-t1.enc <MinionPro-BoldItSubh.pfb
MinionPro-BoldItSubh-OSFSC-8c MinionPro-BoldItSubh " MinionPro-SCTS1Encoding ReEncodeFont " <mn-osf-sc-ts1.enc <MinionPro-BoldItSubh.pfb
MinionPro-BoldItSubh-OSFSC-7t MinionPro-BoldItSubh " MinionPro-OSFSCOT1Encoding ReEncodeFont " <mn-osf-sc-ot1.enc <MinionPro-BoldItSubh.pfb
MinionPro-BoldItSubh-OSF-6a MinionPro-BoldItSubh " MinionPro-T2AAdobeEncoding ReEncodeFont " <mn-osf-t2a.enc <MinionPro-BoldItSubh.pfb
MinionPro-BoldItSubh-OSF-6t MinionPro-BoldItSubh " MinionPro-T2BAdobeEncoding ReEncodeFont " <mn-osf-t2b.enc <MinionPro-BoldItSubh.pfb
MinionPro-BoldItSubh-OSF-6c MinionPro-BoldItSubh " MinionPro-T2CAdobeEncoding ReEncodeFont " <mn-osf-t2c.enc <MinionPro-BoldItSubh.pfb
MinionPro-BoldItSubh-OSF-6x MinionPro-BoldItSubh " MinionPro-X2AdobeEncoding ReEncodeFont " <mn-osf-x2.enc <MinionPro-BoldItSubh.pfb
MinionPro-BoldIt-Swash-8t MinionPro-BoldIt " MinionPro-SwashT1Encoding ReEncodeFont " <mn-lf-swash-t1.enc <MinionPro-BoldIt.pfb
MinionPro-BoldIt-Swash-7t MinionPro-BoldIt " MinionPro-SwashOT1Encoding ReEncodeFont " <mn-lf-swash-ot1.enc <MinionPro-BoldIt.pfb
MinionPro-BoldIt-OSF-Swash-8t MinionPro-BoldIt " MinionPro-SwashOSFT1Encoding ReEncodeFont " <mn-osf-swash-t1.enc <MinionPro-BoldIt.pfb
MinionPro-BoldIt-OSF-Swash-7t MinionPro-BoldIt " MinionPro-SwashOT1Encoding ReEncodeFont " <mn-osf-swash-ot1.enc <MinionPro-BoldIt.pfb
MinionPro-BoldIt-Cn-7m MinionPro-BoldIt-Cn " MinionPro-OMLEncoding ReEncodeFont " <mn-lf-oml.enc <MinionPro-BoldIt-Cn.pfb
MinionPro-BoldIt-Cn-OSF-7m MinionPro-BoldIt-Cn " MinionPro-OSFOMLEncoding ReEncodeFont " <mn-osf-oml.enc <MinionPro-BoldIt-Cn.pfb
MinionPro-BoldItCapt-Swash-8t MinionPro-BoldItCapt " MinionPro-SwashT1Encoding ReEncodeFont " <mn-lf-swash-t1.enc <MinionPro-BoldItCapt.pfb
MinionPro-BoldItCapt-Swash-7t MinionPro-BoldItCapt " MinionPro-SwashOT1Encoding ReEncodeFont " <mn-lf-swash-ot1.enc <MinionPro-BoldItCapt.pfb
MinionPro-BoldItCapt-OSF-Swash-8t MinionPro-BoldItCapt " MinionPro-SwashOSFT1Encoding ReEncodeFont " <mn-osf-swash-t1.enc <MinionPro-BoldItCapt.pfb
MinionPro-BoldItCapt-OSF-Swash-7t MinionPro-BoldItCapt " MinionPro-SwashOT1Encoding ReEncodeFont " <mn-osf-swash-ot1.enc <MinionPro-BoldItCapt.pfb
MinionPro-BoldItCapt-Cn-7m MinionPro-BoldItCapt-Cn " MinionPro-OMLEncoding ReEncodeFont " <mn-lf-oml.enc <MinionPro-BoldItCapt-Cn.pfb
MinionPro-BoldItCapt-Cn-OSF-7m MinionPro-BoldItCapt-Cn " MinionPro-OSFOMLEncoding ReEncodeFont " <mn-osf-oml.enc <MinionPro-BoldItCapt-Cn.pfb
MinionPro-BoldItDisp-Swash-8t MinionPro-BoldItDisp " MinionPro-SwashT1Encoding ReEncodeFont " <mn-lf-swash-t1.enc <MinionPro-BoldItDisp.pfb
MinionPro-BoldItDisp-Swash-7t MinionPro-BoldItDisp " MinionPro-SwashOT1Encoding ReEncodeFont " <mn-lf-swash-ot1.enc <MinionPro-BoldItDisp.pfb
MinionPro-BoldItDisp-OSF-Swash-8t MinionPro-BoldItDisp " MinionPro-SwashOSFT1Encoding ReEncodeFont " <mn-osf-swash-t1.enc <MinionPro-BoldItDisp.pfb
MinionPro-BoldItDisp-OSF-Swash-7t MinionPro-BoldItDisp " MinionPro-SwashOT1Encoding ReEncodeFont " <mn-osf-swash-ot1.enc <MinionPro-BoldItDisp.pfb
MinionPro-BoldItDisp-Cn-7m MinionPro-BoldItDisp-Cn " MinionPro-OMLEncoding ReEncodeFont " <mn-lf-oml.enc <MinionPro-BoldItDisp-Cn.pfb
MinionPro-BoldItDisp-Cn-OSF-7m MinionPro-BoldItDisp-Cn " MinionPro-OSFOMLEncoding ReEncodeFont " <mn-osf-oml.enc <MinionPro-BoldItDisp-Cn.pfb
MinionPro-BoldItSubh-Swash-8t MinionPro-BoldItSubh " MinionPro-SwashT1Encoding ReEncodeFont " <mn-lf-swash-t1.enc <MinionPro-BoldItSubh.pfb
MinionPro-BoldItSubh-Swash-7t MinionPro-BoldItSubh " MinionPro-SwashOT1Encoding ReEncodeFont " <mn-lf-swash-ot1.enc <MinionPro-BoldItSubh.pfb
MinionPro-BoldItSubh-OSF-Swash-8t MinionPro-BoldItSubh " MinionPro-SwashOSFT1Encoding ReEncodeFont " <mn-osf-swash-t1.enc <MinionPro-BoldItSubh.pfb
MinionPro-BoldItSubh-OSF-Swash-7t MinionPro-BoldItSubh " MinionPro-SwashOT1Encoding ReEncodeFont " <mn-osf-swash-ot1.enc <MinionPro-BoldItSubh.pfb
MinionPro-BoldItSubh-Cn-7m MinionPro-BoldItSubh-Cn " MinionPro-OMLEncoding ReEncodeFont " <mn-lf-oml.enc <MinionPro-BoldItSubh-Cn.pfb
MinionPro-BoldItSubh-Cn-OSF-7m MinionPro-BoldItSubh-Cn " MinionPro-OSFOMLEncoding ReEncodeFont " <mn-osf-oml.enc <MinionPro-BoldItSubh-Cn.pfb
