MinionPro-Regular-8t MinionPro-Regular " T1Encoding ReEncodeFont " <mn-tlf-t1.enc <MinionPro-Regular.pfb
MinionPro-Regular-8c MinionPro-Regular " TS1Encoding ReEncodeFont " <mn-tlf-ts1.enc <MinionPro-Regular.pfb
MinionPro-Regular-7t MinionPro-Regular " OT1Encoding ReEncodeFont " <mn-tlf-ot1.enc <MinionPro-Regular.pfb
MinionPro-Regular-7m MinionPro-Regular " OMLEncoding ReEncodeFont " <mn-tlf-oml.enc <MinionPro-Regular.pfb
MinionPro-Regular-SC-8t MinionPro-Regular " SCT1Encoding ReEncodeFont " <mn-tlf-sc-t1.enc <MinionPro-Regular.pfb
MinionPro-Regular-SC-7t MinionPro-Regular " SCOT1Encoding ReEncodeFont " <mn-tlf-sc-ot1.enc <MinionPro-Regular.pfb
MinionPro-Regular-OSF-8t MinionPro-Regular " OSFT1Encoding ReEncodeFont " <mn-osf-t1.enc <MinionPro-Regular.pfb
MinionPro-Regular-OSF-8c MinionPro-Regular " TS1Encoding ReEncodeFont " <mn-osf-ts1.enc <MinionPro-Regular.pfb
MinionPro-Regular-OSF-7t MinionPro-Regular " OT1Encoding ReEncodeFont " <mn-osf-ot1.enc <MinionPro-Regular.pfb
MinionPro-Regular-OSF-7m MinionPro-Regular " OSFOMLEncoding ReEncodeFont " <mn-osf-oml.enc <MinionPro-Regular.pfb
MinionPro-Regular-OSFSC-8t MinionPro-Regular " OSFSCT1Encoding ReEncodeFont " <mn-osf-sc-t1.enc <MinionPro-Regular.pfb
MinionPro-Regular-OSFSC-7t MinionPro-Regular " OSFSCOT1Encoding ReEncodeFont " <mn-osf-sc-ot1.enc <MinionPro-Regular.pfb
MinionPro-Regular-TOSF-8t MinionPro-Regular " TOSFT1Encoding ReEncodeFont " <mn-tosf-t1.enc <MinionPro-Regular.pfb
MinionPro-Regular-6a MinionPro-Regular " T2AAdobeEncoding ReEncodeFont " <mn-tlf-t2a.enc <MinionPro-Regular.pfb
MinionPro-Regular-6t MinionPro-Regular " T2BAdobeEncoding ReEncodeFont " <mn-tlf-t2b.enc <MinionPro-Regular.pfb
MinionPro-Regular-6c MinionPro-Regular " T2CAdobeEncoding ReEncodeFont " <mn-tlf-t2c.enc <MinionPro-Regular.pfb
MinionPro-Regular-6x MinionPro-Regular " X2AdobeEncoding ReEncodeFont " <mn-tlf-x2.enc <MinionPro-Regular.pfb
MinionPro-Regular-OSF-6a MinionPro-Regular " T2AAdobeEncoding ReEncodeFont " <mn-osf-t2a.enc <MinionPro-Regular.pfb
MinionPro-Regular-OSF-6t MinionPro-Regular " T2BAdobeEncoding ReEncodeFont " <mn-osf-t2b.enc <MinionPro-Regular.pfb
MinionPro-Regular-OSF-6c MinionPro-Regular " T2CAdobeEncoding ReEncodeFont " <mn-osf-t2c.enc <MinionPro-Regular.pfb
MinionPro-Regular-OSF-6x MinionPro-Regular " X2AdobeEncoding ReEncodeFont " <mn-osf-x2.enc <MinionPro-Regular.pfb
MinionPro-Capt-8t MinionPro-Capt " T1Encoding ReEncodeFont " <mn-tlf-t1.enc <MinionPro-Capt.pfb
MinionPro-Capt-8c MinionPro-Capt " TS1Encoding ReEncodeFont " <mn-tlf-ts1.enc <MinionPro-Capt.pfb
MinionPro-Capt-7t MinionPro-Capt " OT1Encoding ReEncodeFont " <mn-tlf-ot1.enc <MinionPro-Capt.pfb
MinionPro-Capt-7m MinionPro-Capt " OMLEncoding ReEncodeFont " <mn-tlf-oml.enc <MinionPro-Capt.pfb
MinionPro-Capt-SC-8t MinionPro-Capt " SCT1Encoding ReEncodeFont " <mn-tlf-sc-t1.enc <MinionPro-Capt.pfb
MinionPro-Capt-SC-7t MinionPro-Capt " SCOT1Encoding ReEncodeFont " <mn-tlf-sc-ot1.enc <MinionPro-Capt.pfb
MinionPro-Capt-OSF-8t MinionPro-Capt " OSFT1Encoding ReEncodeFont " <mn-osf-t1.enc <MinionPro-Capt.pfb
MinionPro-Capt-OSF-8c MinionPro-Capt " TS1Encoding ReEncodeFont " <mn-osf-ts1.enc <MinionPro-Capt.pfb
MinionPro-Capt-OSF-7t MinionPro-Capt " OT1Encoding ReEncodeFont " <mn-osf-ot1.enc <MinionPro-Capt.pfb
MinionPro-Capt-OSF-7m MinionPro-Capt " OSFOMLEncoding ReEncodeFont " <mn-osf-oml.enc <MinionPro-Capt.pfb
MinionPro-Capt-OSFSC-8t MinionPro-Capt " OSFSCT1Encoding ReEncodeFont " <mn-osf-sc-t1.enc <MinionPro-Capt.pfb
MinionPro-Capt-OSFSC-7t MinionPro-Capt " OSFSCOT1Encoding ReEncodeFont " <mn-osf-sc-ot1.enc <MinionPro-Capt.pfb
MinionPro-Capt-TOSF-8t MinionPro-Capt " TOSFT1Encoding ReEncodeFont " <mn-tosf-t1.enc <MinionPro-Capt.pfb
MinionPro-Capt-6a MinionPro-Capt " T2AAdobeEncoding ReEncodeFont " <mn-tlf-t2a.enc <MinionPro-Capt.pfb
MinionPro-Capt-6t MinionPro-Capt " T2BAdobeEncoding ReEncodeFont " <mn-tlf-t2b.enc <MinionPro-Capt.pfb
MinionPro-Capt-6c MinionPro-Capt " T2CAdobeEncoding ReEncodeFont " <mn-tlf-t2c.enc <MinionPro-Capt.pfb
MinionPro-Capt-6x MinionPro-Capt " X2AdobeEncoding ReEncodeFont " <mn-tlf-x2.enc <MinionPro-Capt.pfb
MinionPro-Capt-OSF-6a MinionPro-Capt " T2AAdobeEncoding ReEncodeFont " <mn-osf-t2a.enc <MinionPro-Capt.pfb
MinionPro-Capt-OSF-6t MinionPro-Capt " T2BAdobeEncoding ReEncodeFont " <mn-osf-t2b.enc <MinionPro-Capt.pfb
MinionPro-Capt-OSF-6c MinionPro-Capt " T2CAdobeEncoding ReEncodeFont " <mn-osf-t2c.enc <MinionPro-Capt.pfb
MinionPro-Capt-OSF-6x MinionPro-Capt " X2AdobeEncoding ReEncodeFont " <mn-osf-x2.enc <MinionPro-Capt.pfb
MinionPro-Disp-8t MinionPro-Disp " T1Encoding ReEncodeFont " <mn-tlf-t1.enc <MinionPro-Disp.pfb
MinionPro-Disp-8c MinionPro-Disp " TS1Encoding ReEncodeFont " <mn-tlf-ts1.enc <MinionPro-Disp.pfb
MinionPro-Disp-7t MinionPro-Disp " OT1Encoding ReEncodeFont " <mn-tlf-ot1.enc <MinionPro-Disp.pfb
MinionPro-Disp-7m MinionPro-Disp " OMLEncoding ReEncodeFont " <mn-tlf-oml.enc <MinionPro-Disp.pfb
MinionPro-Disp-SC-8t MinionPro-Disp " SCT1Encoding ReEncodeFont " <mn-tlf-sc-t1.enc <MinionPro-Disp.pfb
MinionPro-Disp-SC-7t MinionPro-Disp " SCOT1Encoding ReEncodeFont " <mn-tlf-sc-ot1.enc <MinionPro-Disp.pfb
MinionPro-Disp-OSF-8t MinionPro-Disp " OSFT1Encoding ReEncodeFont " <mn-osf-t1.enc <MinionPro-Disp.pfb
MinionPro-Disp-OSF-8c MinionPro-Disp " TS1Encoding ReEncodeFont " <mn-osf-ts1.enc <MinionPro-Disp.pfb
MinionPro-Disp-OSF-7t MinionPro-Disp " OT1Encoding ReEncodeFont " <mn-osf-ot1.enc <MinionPro-Disp.pfb
MinionPro-Disp-OSF-7m MinionPro-Disp " OSFOMLEncoding ReEncodeFont " <mn-osf-oml.enc <MinionPro-Disp.pfb
MinionPro-Disp-OSFSC-8t MinionPro-Disp " OSFSCT1Encoding ReEncodeFont " <mn-osf-sc-t1.enc <MinionPro-Disp.pfb
MinionPro-Disp-OSFSC-7t MinionPro-Disp " OSFSCOT1Encoding ReEncodeFont " <mn-osf-sc-ot1.enc <MinionPro-Disp.pfb
MinionPro-Disp-TOSF-8t MinionPro-Disp " TOSFT1Encoding ReEncodeFont " <mn-tosf-t1.enc <MinionPro-Disp.pfb
MinionPro-Disp-6a MinionPro-Disp " T2AAdobeEncoding ReEncodeFont " <mn-tlf-t2a.enc <MinionPro-Disp.pfb
MinionPro-Disp-6t MinionPro-Disp " T2BAdobeEncoding ReEncodeFont " <mn-tlf-t2b.enc <MinionPro-Disp.pfb
MinionPro-Disp-6c MinionPro-Disp " T2CAdobeEncoding ReEncodeFont " <mn-tlf-t2c.enc <MinionPro-Disp.pfb
MinionPro-Disp-6x MinionPro-Disp " X2AdobeEncoding ReEncodeFont " <mn-tlf-x2.enc <MinionPro-Disp.pfb
MinionPro-Disp-OSF-6a MinionPro-Disp " T2AAdobeEncoding ReEncodeFont " <mn-osf-t2a.enc <MinionPro-Disp.pfb
MinionPro-Disp-OSF-6t MinionPro-Disp " T2BAdobeEncoding ReEncodeFont " <mn-osf-t2b.enc <MinionPro-Disp.pfb
MinionPro-Disp-OSF-6c MinionPro-Disp " T2CAdobeEncoding ReEncodeFont " <mn-osf-t2c.enc <MinionPro-Disp.pfb
MinionPro-Disp-OSF-6x MinionPro-Disp " X2AdobeEncoding ReEncodeFont " <mn-osf-x2.enc <MinionPro-Disp.pfb
MinionPro-Subh-8t MinionPro-Subh " T1Encoding ReEncodeFont " <mn-tlf-t1.enc <MinionPro-Subh.pfb
MinionPro-Subh-8c MinionPro-Subh " TS1Encoding ReEncodeFont " <mn-tlf-ts1.enc <MinionPro-Subh.pfb
MinionPro-Subh-7t MinionPro-Subh " OT1Encoding ReEncodeFont " <mn-tlf-ot1.enc <MinionPro-Subh.pfb
MinionPro-Subh-7m MinionPro-Subh " OMLEncoding ReEncodeFont " <mn-tlf-oml.enc <MinionPro-Subh.pfb
MinionPro-Subh-SC-8t MinionPro-Subh " SCT1Encoding ReEncodeFont " <mn-tlf-sc-t1.enc <MinionPro-Subh.pfb
MinionPro-Subh-SC-7t MinionPro-Subh " SCOT1Encoding ReEncodeFont " <mn-tlf-sc-ot1.enc <MinionPro-Subh.pfb
MinionPro-Subh-OSF-8t MinionPro-Subh " OSFT1Encoding ReEncodeFont " <mn-osf-t1.enc <MinionPro-Subh.pfb
MinionPro-Subh-OSF-8c MinionPro-Subh " TS1Encoding ReEncodeFont " <mn-osf-ts1.enc <MinionPro-Subh.pfb
MinionPro-Subh-OSF-7t MinionPro-Subh " OT1Encoding ReEncodeFont " <mn-osf-ot1.enc <MinionPro-Subh.pfb
MinionPro-Subh-OSF-7m MinionPro-Subh " OSFOMLEncoding ReEncodeFont " <mn-osf-oml.enc <MinionPro-Subh.pfb
MinionPro-Subh-OSFSC-8t MinionPro-Subh " OSFSCT1Encoding ReEncodeFont " <mn-osf-sc-t1.enc <MinionPro-Subh.pfb
MinionPro-Subh-OSFSC-7t MinionPro-Subh " OSFSCOT1Encoding ReEncodeFont " <mn-osf-sc-ot1.enc <MinionPro-Subh.pfb
MinionPro-Subh-TOSF-8t MinionPro-Subh " TOSFT1Encoding ReEncodeFont " <mn-tosf-t1.enc <MinionPro-Subh.pfb
MinionPro-Subh-6a MinionPro-Subh " T2AAdobeEncoding ReEncodeFont " <mn-tlf-t2a.enc <MinionPro-Subh.pfb
MinionPro-Subh-6t MinionPro-Subh " T2BAdobeEncoding ReEncodeFont " <mn-tlf-t2b.enc <MinionPro-Subh.pfb
MinionPro-Subh-6c MinionPro-Subh " T2CAdobeEncoding ReEncodeFont " <mn-tlf-t2c.enc <MinionPro-Subh.pfb
MinionPro-Subh-6x MinionPro-Subh " X2AdobeEncoding ReEncodeFont " <mn-tlf-x2.enc <MinionPro-Subh.pfb
MinionPro-Subh-OSF-6a MinionPro-Subh " T2AAdobeEncoding ReEncodeFont " <mn-osf-t2a.enc <MinionPro-Subh.pfb
MinionPro-Subh-OSF-6t MinionPro-Subh " T2BAdobeEncoding ReEncodeFont " <mn-osf-t2b.enc <MinionPro-Subh.pfb
MinionPro-Subh-OSF-6c MinionPro-Subh " T2CAdobeEncoding ReEncodeFont " <mn-osf-t2c.enc <MinionPro-Subh.pfb
MinionPro-Subh-OSF-6x MinionPro-Subh " X2AdobeEncoding ReEncodeFont " <mn-osf-x2.enc <MinionPro-Subh.pfb
MinionPro-It-8t MinionPro-It " T1Encoding ReEncodeFont " <mn-tlf-t1.enc <MinionPro-It.pfb
MinionPro-It-8c MinionPro-It " TS1Encoding ReEncodeFont " <mn-tlf-ts1.enc <MinionPro-It.pfb
MinionPro-It-7t MinionPro-It " OT1Encoding ReEncodeFont " <mn-tlf-ot1.enc <MinionPro-It.pfb
MinionPro-It-7m MinionPro-It " OMLEncoding ReEncodeFont " <mn-tlf-oml.enc <MinionPro-It.pfb
MinionPro-It-SC-8t MinionPro-It " SCT1Encoding ReEncodeFont " <mn-tlf-sc-t1.enc <MinionPro-It.pfb
MinionPro-It-SC-7t MinionPro-It " SCOT1Encoding ReEncodeFont " <mn-tlf-sc-ot1.enc <MinionPro-It.pfb
MinionPro-It-OSF-8t MinionPro-It " OSFT1Encoding ReEncodeFont " <mn-osf-t1.enc <MinionPro-It.pfb
MinionPro-It-OSF-8c MinionPro-It " TS1Encoding ReEncodeFont " <mn-osf-ts1.enc <MinionPro-It.pfb
MinionPro-It-OSF-7t MinionPro-It " OT1Encoding ReEncodeFont " <mn-osf-ot1.enc <MinionPro-It.pfb
MinionPro-It-OSF-7m MinionPro-It " OSFOMLEncoding ReEncodeFont " <mn-osf-oml.enc <MinionPro-It.pfb
MinionPro-It-OSFSC-8t MinionPro-It " OSFSCT1Encoding ReEncodeFont " <mn-osf-sc-t1.enc <MinionPro-It.pfb
MinionPro-It-OSFSC-7t MinionPro-It " OSFSCOT1Encoding ReEncodeFont " <mn-osf-sc-ot1.enc <MinionPro-It.pfb
MinionPro-It-TOSF-8t MinionPro-It " TOSFT1Encoding ReEncodeFont " <mn-tosf-t1.enc <MinionPro-It.pfb
MinionPro-It-6a MinionPro-It " T2AAdobeEncoding ReEncodeFont " <mn-tlf-t2a.enc <MinionPro-It.pfb
MinionPro-It-6t MinionPro-It " T2BAdobeEncoding ReEncodeFont " <mn-tlf-t2b.enc <MinionPro-It.pfb
MinionPro-It-6c MinionPro-It " T2CAdobeEncoding ReEncodeFont " <mn-tlf-t2c.enc <MinionPro-It.pfb
MinionPro-It-6x MinionPro-It " X2AdobeEncoding ReEncodeFont " <mn-tlf-x2.enc <MinionPro-It.pfb
MinionPro-It-OSF-6a MinionPro-It " T2AAdobeEncoding ReEncodeFont " <mn-osf-t2a.enc <MinionPro-It.pfb
MinionPro-It-OSF-6t MinionPro-It " T2BAdobeEncoding ReEncodeFont " <mn-osf-t2b.enc <MinionPro-It.pfb
MinionPro-It-OSF-6c MinionPro-It " T2CAdobeEncoding ReEncodeFont " <mn-osf-t2c.enc <MinionPro-It.pfb
MinionPro-It-OSF-6x MinionPro-It " X2AdobeEncoding ReEncodeFont " <mn-osf-x2.enc <MinionPro-It.pfb
MinionPro-ItCapt-8t MinionPro-ItCapt " T1Encoding ReEncodeFont " <mn-tlf-t1.enc <MinionPro-ItCapt.pfb
MinionPro-ItCapt-8c MinionPro-ItCapt " TS1Encoding ReEncodeFont " <mn-tlf-ts1.enc <MinionPro-ItCapt.pfb
MinionPro-ItCapt-7t MinionPro-ItCapt " OT1Encoding ReEncodeFont " <mn-tlf-ot1.enc <MinionPro-ItCapt.pfb
MinionPro-ItCapt-7m MinionPro-ItCapt " OMLEncoding ReEncodeFont " <mn-tlf-oml.enc <MinionPro-ItCapt.pfb
MinionPro-ItCapt-SC-8t MinionPro-ItCapt " SCT1Encoding ReEncodeFont " <mn-tlf-sc-t1.enc <MinionPro-ItCapt.pfb
MinionPro-ItCapt-SC-7t MinionPro-ItCapt " SCOT1Encoding ReEncodeFont " <mn-tlf-sc-ot1.enc <MinionPro-ItCapt.pfb
MinionPro-ItCapt-OSF-8t MinionPro-ItCapt " OSFT1Encoding ReEncodeFont " <mn-osf-t1.enc <MinionPro-ItCapt.pfb
MinionPro-ItCapt-OSF-8c MinionPro-ItCapt " TS1Encoding ReEncodeFont " <mn-osf-ts1.enc <MinionPro-ItCapt.pfb
MinionPro-ItCapt-OSF-7t MinionPro-ItCapt " OT1Encoding ReEncodeFont " <mn-osf-ot1.enc <MinionPro-ItCapt.pfb
MinionPro-ItCapt-OSF-7m MinionPro-ItCapt " OSFOMLEncoding ReEncodeFont " <mn-osf-oml.enc <MinionPro-ItCapt.pfb
MinionPro-ItCapt-OSFSC-8t MinionPro-ItCapt " OSFSCT1Encoding ReEncodeFont " <mn-osf-sc-t1.enc <MinionPro-ItCapt.pfb
MinionPro-ItCapt-OSFSC-7t MinionPro-ItCapt " OSFSCOT1Encoding ReEncodeFont " <mn-osf-sc-ot1.enc <MinionPro-ItCapt.pfb
MinionPro-ItCapt-TOSF-8t MinionPro-ItCapt " TOSFT1Encoding ReEncodeFont " <mn-tosf-t1.enc <MinionPro-ItCapt.pfb
MinionPro-ItCapt-6a MinionPro-ItCapt " T2AAdobeEncoding ReEncodeFont " <mn-tlf-t2a.enc <MinionPro-ItCapt.pfb
MinionPro-ItCapt-6t MinionPro-ItCapt " T2BAdobeEncoding ReEncodeFont " <mn-tlf-t2b.enc <MinionPro-ItCapt.pfb
MinionPro-ItCapt-6c MinionPro-ItCapt " T2CAdobeEncoding ReEncodeFont " <mn-tlf-t2c.enc <MinionPro-ItCapt.pfb
MinionPro-ItCapt-6x MinionPro-ItCapt " X2AdobeEncoding ReEncodeFont " <mn-tlf-x2.enc <MinionPro-ItCapt.pfb
MinionPro-ItCapt-OSF-6a MinionPro-ItCapt " T2AAdobeEncoding ReEncodeFont " <mn-osf-t2a.enc <MinionPro-ItCapt.pfb
MinionPro-ItCapt-OSF-6t MinionPro-ItCapt " T2BAdobeEncoding ReEncodeFont " <mn-osf-t2b.enc <MinionPro-ItCapt.pfb
MinionPro-ItCapt-OSF-6c MinionPro-ItCapt " T2CAdobeEncoding ReEncodeFont " <mn-osf-t2c.enc <MinionPro-ItCapt.pfb
MinionPro-ItCapt-OSF-6x MinionPro-ItCapt " X2AdobeEncoding ReEncodeFont " <mn-osf-x2.enc <MinionPro-ItCapt.pfb
MinionPro-ItDisp-8t MinionPro-ItDisp " T1Encoding ReEncodeFont " <mn-tlf-t1.enc <MinionPro-ItDisp.pfb
MinionPro-ItDisp-8c MinionPro-ItDisp " TS1Encoding ReEncodeFont " <mn-tlf-ts1.enc <MinionPro-ItDisp.pfb
MinionPro-ItDisp-7t MinionPro-ItDisp " OT1Encoding ReEncodeFont " <mn-tlf-ot1.enc <MinionPro-ItDisp.pfb
MinionPro-ItDisp-7m MinionPro-ItDisp " OMLEncoding ReEncodeFont " <mn-tlf-oml.enc <MinionPro-ItDisp.pfb
MinionPro-ItDisp-SC-8t MinionPro-ItDisp " SCT1Encoding ReEncodeFont " <mn-tlf-sc-t1.enc <MinionPro-ItDisp.pfb
MinionPro-ItDisp-SC-7t MinionPro-ItDisp " SCOT1Encoding ReEncodeFont " <mn-tlf-sc-ot1.enc <MinionPro-ItDisp.pfb
MinionPro-ItDisp-OSF-8t MinionPro-ItDisp " OSFT1Encoding ReEncodeFont " <mn-osf-t1.enc <MinionPro-ItDisp.pfb
MinionPro-ItDisp-OSF-8c MinionPro-ItDisp " TS1Encoding ReEncodeFont " <mn-osf-ts1.enc <MinionPro-ItDisp.pfb
MinionPro-ItDisp-OSF-7t MinionPro-ItDisp " OT1Encoding ReEncodeFont " <mn-osf-ot1.enc <MinionPro-ItDisp.pfb
MinionPro-ItDisp-OSF-7m MinionPro-ItDisp " OSFOMLEncoding ReEncodeFont " <mn-osf-oml.enc <MinionPro-ItDisp.pfb
MinionPro-ItDisp-OSFSC-8t MinionPro-ItDisp " OSFSCT1Encoding ReEncodeFont " <mn-osf-sc-t1.enc <MinionPro-ItDisp.pfb
MinionPro-ItDisp-OSFSC-7t MinionPro-ItDisp " OSFSCOT1Encoding ReEncodeFont " <mn-osf-sc-ot1.enc <MinionPro-ItDisp.pfb
MinionPro-ItDisp-TOSF-8t MinionPro-ItDisp " TOSFT1Encoding ReEncodeFont " <mn-tosf-t1.enc <MinionPro-ItDisp.pfb
MinionPro-ItDisp-6a MinionPro-ItDisp " T2AAdobeEncoding ReEncodeFont " <mn-tlf-t2a.enc <MinionPro-ItDisp.pfb
MinionPro-ItDisp-6t MinionPro-ItDisp " T2BAdobeEncoding ReEncodeFont " <mn-tlf-t2b.enc <MinionPro-ItDisp.pfb
MinionPro-ItDisp-6c MinionPro-ItDisp " T2CAdobeEncoding ReEncodeFont " <mn-tlf-t2c.enc <MinionPro-ItDisp.pfb
MinionPro-ItDisp-6x MinionPro-ItDisp " X2AdobeEncoding ReEncodeFont " <mn-tlf-x2.enc <MinionPro-ItDisp.pfb
MinionPro-ItDisp-OSF-6a MinionPro-ItDisp " T2AAdobeEncoding ReEncodeFont " <mn-osf-t2a.enc <MinionPro-ItDisp.pfb
MinionPro-ItDisp-OSF-6t MinionPro-ItDisp " T2BAdobeEncoding ReEncodeFont " <mn-osf-t2b.enc <MinionPro-ItDisp.pfb
MinionPro-ItDisp-OSF-6c MinionPro-ItDisp " T2CAdobeEncoding ReEncodeFont " <mn-osf-t2c.enc <MinionPro-ItDisp.pfb
MinionPro-ItDisp-OSF-6x MinionPro-ItDisp " X2AdobeEncoding ReEncodeFont " <mn-osf-x2.enc <MinionPro-ItDisp.pfb
MinionPro-ItSubh-8t MinionPro-ItSubh " T1Encoding ReEncodeFont " <mn-tlf-t1.enc <MinionPro-ItSubh.pfb
MinionPro-ItSubh-8c MinionPro-ItSubh " TS1Encoding ReEncodeFont " <mn-tlf-ts1.enc <MinionPro-ItSubh.pfb
MinionPro-ItSubh-7t MinionPro-ItSubh " OT1Encoding ReEncodeFont " <mn-tlf-ot1.enc <MinionPro-ItSubh.pfb
MinionPro-ItSubh-7m MinionPro-ItSubh " OMLEncoding ReEncodeFont " <mn-tlf-oml.enc <MinionPro-ItSubh.pfb
MinionPro-ItSubh-SC-8t MinionPro-ItSubh " SCT1Encoding ReEncodeFont " <mn-tlf-sc-t1.enc <MinionPro-ItSubh.pfb
MinionPro-ItSubh-SC-7t MinionPro-ItSubh " SCOT1Encoding ReEncodeFont " <mn-tlf-sc-ot1.enc <MinionPro-ItSubh.pfb
MinionPro-ItSubh-OSF-8t MinionPro-ItSubh " OSFT1Encoding ReEncodeFont " <mn-osf-t1.enc <MinionPro-ItSubh.pfb
MinionPro-ItSubh-OSF-8c MinionPro-ItSubh " TS1Encoding ReEncodeFont " <mn-osf-ts1.enc <MinionPro-ItSubh.pfb
MinionPro-ItSubh-OSF-7t MinionPro-ItSubh " OT1Encoding ReEncodeFont " <mn-osf-ot1.enc <MinionPro-ItSubh.pfb
MinionPro-ItSubh-OSF-7m MinionPro-ItSubh " OSFOMLEncoding ReEncodeFont " <mn-osf-oml.enc <MinionPro-ItSubh.pfb
MinionPro-ItSubh-OSFSC-8t MinionPro-ItSubh " OSFSCT1Encoding ReEncodeFont " <mn-osf-sc-t1.enc <MinionPro-ItSubh.pfb
MinionPro-ItSubh-OSFSC-7t MinionPro-ItSubh " OSFSCOT1Encoding ReEncodeFont " <mn-osf-sc-ot1.enc <MinionPro-ItSubh.pfb
MinionPro-ItSubh-TOSF-8t MinionPro-ItSubh " TOSFT1Encoding ReEncodeFont " <mn-tosf-t1.enc <MinionPro-ItSubh.pfb
MinionPro-ItSubh-6a MinionPro-ItSubh " T2AAdobeEncoding ReEncodeFont " <mn-tlf-t2a.enc <MinionPro-ItSubh.pfb
MinionPro-ItSubh-6t MinionPro-ItSubh " T2BAdobeEncoding ReEncodeFont " <mn-tlf-t2b.enc <MinionPro-ItSubh.pfb
MinionPro-ItSubh-6c MinionPro-ItSubh " T2CAdobeEncoding ReEncodeFont " <mn-tlf-t2c.enc <MinionPro-ItSubh.pfb
MinionPro-ItSubh-6x MinionPro-ItSubh " X2AdobeEncoding ReEncodeFont " <mn-tlf-x2.enc <MinionPro-ItSubh.pfb
MinionPro-ItSubh-OSF-6a MinionPro-ItSubh " T2AAdobeEncoding ReEncodeFont " <mn-osf-t2a.enc <MinionPro-ItSubh.pfb
MinionPro-ItSubh-OSF-6t MinionPro-ItSubh " T2BAdobeEncoding ReEncodeFont " <mn-osf-t2b.enc <MinionPro-ItSubh.pfb
MinionPro-ItSubh-OSF-6c MinionPro-ItSubh " T2CAdobeEncoding ReEncodeFont " <mn-osf-t2c.enc <MinionPro-ItSubh.pfb
MinionPro-ItSubh-OSF-6x MinionPro-ItSubh " X2AdobeEncoding ReEncodeFont " <mn-osf-x2.enc <MinionPro-ItSubh.pfb
MinionPro-It-Swash-8t MinionPro-It " SwashT1Encoding ReEncodeFont " <mn-tlf-swash-t1.enc <MinionPro-It.pfb
MinionPro-It-Swash-7t MinionPro-It " SwashOT1Encoding ReEncodeFont " <mn-tlf-swash-ot1.enc <MinionPro-It.pfb
MinionPro-It-OSF-Swash-8t MinionPro-It " SwashOSFT1Encoding ReEncodeFont " <mn-osf-swash-t1.enc <MinionPro-It.pfb
MinionPro-It-OSF-Swash-7t MinionPro-It " SwashOT1Encoding ReEncodeFont " <mn-osf-swash-ot1.enc <MinionPro-It.pfb
MinionPro-ItCapt-Swash-8t MinionPro-ItCapt " SwashT1Encoding ReEncodeFont " <mn-tlf-swash-t1.enc <MinionPro-ItCapt.pfb
MinionPro-ItCapt-Swash-7t MinionPro-ItCapt " SwashOT1Encoding ReEncodeFont " <mn-tlf-swash-ot1.enc <MinionPro-ItCapt.pfb
MinionPro-ItCapt-OSF-Swash-8t MinionPro-ItCapt " SwashOSFT1Encoding ReEncodeFont " <mn-osf-swash-t1.enc <MinionPro-ItCapt.pfb
MinionPro-ItCapt-OSF-Swash-7t MinionPro-ItCapt " SwashOT1Encoding ReEncodeFont " <mn-osf-swash-ot1.enc <MinionPro-ItCapt.pfb
MinionPro-ItDisp-Swash-8t MinionPro-ItDisp " SwashT1Encoding ReEncodeFont " <mn-tlf-swash-t1.enc <MinionPro-ItDisp.pfb
MinionPro-ItDisp-Swash-7t MinionPro-ItDisp " SwashOT1Encoding ReEncodeFont " <mn-tlf-swash-ot1.enc <MinionPro-ItDisp.pfb
MinionPro-ItDisp-OSF-Swash-8t MinionPro-ItDisp " SwashOSFT1Encoding ReEncodeFont " <mn-osf-swash-t1.enc <MinionPro-ItDisp.pfb
MinionPro-ItDisp-OSF-Swash-7t MinionPro-ItDisp " SwashOT1Encoding ReEncodeFont " <mn-osf-swash-ot1.enc <MinionPro-ItDisp.pfb
MinionPro-ItSubh-Swash-8t MinionPro-ItSubh " SwashT1Encoding ReEncodeFont " <mn-tlf-swash-t1.enc <MinionPro-ItSubh.pfb
MinionPro-ItSubh-Swash-7t MinionPro-ItSubh " SwashOT1Encoding ReEncodeFont " <mn-tlf-swash-ot1.enc <MinionPro-ItSubh.pfb
MinionPro-ItSubh-OSF-Swash-8t MinionPro-ItSubh " SwashOSFT1Encoding ReEncodeFont " <mn-osf-swash-t1.enc <MinionPro-ItSubh.pfb
MinionPro-ItSubh-OSF-Swash-7t MinionPro-ItSubh " SwashOT1Encoding ReEncodeFont " <mn-osf-swash-ot1.enc <MinionPro-ItSubh.pfb
MinionPro-Semibold-8t MinionPro-Semibold " T1Encoding ReEncodeFont " <mn-tlf-t1.enc <MinionPro-Semibold.pfb
MinionPro-Semibold-8c MinionPro-Semibold " TS1Encoding ReEncodeFont " <mn-tlf-ts1.enc <MinionPro-Semibold.pfb
MinionPro-Semibold-7t MinionPro-Semibold " OT1Encoding ReEncodeFont " <mn-tlf-ot1.enc <MinionPro-Semibold.pfb
MinionPro-Semibold-7m MinionPro-Semibold " OMLEncoding ReEncodeFont " <mn-tlf-oml.enc <MinionPro-Semibold.pfb
MinionPro-Semibold-SC-8t MinionPro-Semibold " SCT1Encoding ReEncodeFont " <mn-tlf-sc-t1.enc <MinionPro-Semibold.pfb
MinionPro-Semibold-SC-7t MinionPro-Semibold " SCOT1Encoding ReEncodeFont " <mn-tlf-sc-ot1.enc <MinionPro-Semibold.pfb
MinionPro-Semibold-OSF-8t MinionPro-Semibold " OSFT1Encoding ReEncodeFont " <mn-osf-t1.enc <MinionPro-Semibold.pfb
MinionPro-Semibold-OSF-8c MinionPro-Semibold " TS1Encoding ReEncodeFont " <mn-osf-ts1.enc <MinionPro-Semibold.pfb
MinionPro-Semibold-OSF-7t MinionPro-Semibold " OT1Encoding ReEncodeFont " <mn-osf-ot1.enc <MinionPro-Semibold.pfb
MinionPro-Semibold-OSF-7m MinionPro-Semibold " OSFOMLEncoding ReEncodeFont " <mn-osf-oml.enc <MinionPro-Semibold.pfb
MinionPro-Semibold-OSFSC-8t MinionPro-Semibold " OSFSCT1Encoding ReEncodeFont " <mn-osf-sc-t1.enc <MinionPro-Semibold.pfb
MinionPro-Semibold-OSFSC-7t MinionPro-Semibold " OSFSCOT1Encoding ReEncodeFont " <mn-osf-sc-ot1.enc <MinionPro-Semibold.pfb
MinionPro-Semibold-TOSF-8t MinionPro-Semibold " TOSFT1Encoding ReEncodeFont " <mn-tosf-t1.enc <MinionPro-Semibold.pfb
MinionPro-Semibold-6a MinionPro-Semibold " T2AAdobeEncoding ReEncodeFont " <mn-tlf-t2a.enc <MinionPro-Semibold.pfb
MinionPro-Semibold-6t MinionPro-Semibold " T2BAdobeEncoding ReEncodeFont " <mn-tlf-t2b.enc <MinionPro-Semibold.pfb
MinionPro-Semibold-6c MinionPro-Semibold " T2CAdobeEncoding ReEncodeFont " <mn-tlf-t2c.enc <MinionPro-Semibold.pfb
MinionPro-Semibold-6x MinionPro-Semibold " X2AdobeEncoding ReEncodeFont " <mn-tlf-x2.enc <MinionPro-Semibold.pfb
MinionPro-Semibold-OSF-6a MinionPro-Semibold " T2AAdobeEncoding ReEncodeFont " <mn-osf-t2a.enc <MinionPro-Semibold.pfb
MinionPro-Semibold-OSF-6t MinionPro-Semibold " T2BAdobeEncoding ReEncodeFont " <mn-osf-t2b.enc <MinionPro-Semibold.pfb
MinionPro-Semibold-OSF-6c MinionPro-Semibold " T2CAdobeEncoding ReEncodeFont " <mn-osf-t2c.enc <MinionPro-Semibold.pfb
MinionPro-Semibold-OSF-6x MinionPro-Semibold " X2AdobeEncoding ReEncodeFont " <mn-osf-x2.enc <MinionPro-Semibold.pfb
MinionPro-SemiboldCapt-8t MinionPro-SemiboldCapt " T1Encoding ReEncodeFont " <mn-tlf-t1.enc <MinionPro-SemiboldCapt.pfb
MinionPro-SemiboldCapt-8c MinionPro-SemiboldCapt " TS1Encoding ReEncodeFont " <mn-tlf-ts1.enc <MinionPro-SemiboldCapt.pfb
MinionPro-SemiboldCapt-7t MinionPro-SemiboldCapt " OT1Encoding ReEncodeFont " <mn-tlf-ot1.enc <MinionPro-SemiboldCapt.pfb
MinionPro-SemiboldCapt-7m MinionPro-SemiboldCapt " OMLEncoding ReEncodeFont " <mn-tlf-oml.enc <MinionPro-SemiboldCapt.pfb
MinionPro-SemiboldCapt-SC-8t MinionPro-SemiboldCapt " SCT1Encoding ReEncodeFont " <mn-tlf-sc-t1.enc <MinionPro-SemiboldCapt.pfb
MinionPro-SemiboldCapt-SC-7t MinionPro-SemiboldCapt " SCOT1Encoding ReEncodeFont " <mn-tlf-sc-ot1.enc <MinionPro-SemiboldCapt.pfb
MinionPro-SemiboldCapt-OSF-8t MinionPro-SemiboldCapt " OSFT1Encoding ReEncodeFont " <mn-osf-t1.enc <MinionPro-SemiboldCapt.pfb
MinionPro-SemiboldCapt-OSF-8c MinionPro-SemiboldCapt " TS1Encoding ReEncodeFont " <mn-osf-ts1.enc <MinionPro-SemiboldCapt.pfb
MinionPro-SemiboldCapt-OSF-7t MinionPro-SemiboldCapt " OT1Encoding ReEncodeFont " <mn-osf-ot1.enc <MinionPro-SemiboldCapt.pfb
MinionPro-SemiboldCapt-OSF-7m MinionPro-SemiboldCapt " OSFOMLEncoding ReEncodeFont " <mn-osf-oml.enc <MinionPro-SemiboldCapt.pfb
MinionPro-SemiboldCapt-OSFSC-8t MinionPro-SemiboldCapt " OSFSCT1Encoding ReEncodeFont " <mn-osf-sc-t1.enc <MinionPro-SemiboldCapt.pfb
MinionPro-SemiboldCapt-OSFSC-7t MinionPro-SemiboldCapt " OSFSCOT1Encoding ReEncodeFont " <mn-osf-sc-ot1.enc <MinionPro-SemiboldCapt.pfb
MinionPro-SemiboldCapt-TOSF-8t MinionPro-SemiboldCapt " TOSFT1Encoding ReEncodeFont " <mn-tosf-t1.enc <MinionPro-SemiboldCapt.pfb
MinionPro-SemiboldCapt-6a MinionPro-SemiboldCapt " T2AAdobeEncoding ReEncodeFont " <mn-tlf-t2a.enc <MinionPro-SemiboldCapt.pfb
MinionPro-SemiboldCapt-6t MinionPro-SemiboldCapt " T2BAdobeEncoding ReEncodeFont " <mn-tlf-t2b.enc <MinionPro-SemiboldCapt.pfb
MinionPro-SemiboldCapt-6c MinionPro-SemiboldCapt " T2CAdobeEncoding ReEncodeFont " <mn-tlf-t2c.enc <MinionPro-SemiboldCapt.pfb
MinionPro-SemiboldCapt-6x MinionPro-SemiboldCapt " X2AdobeEncoding ReEncodeFont " <mn-tlf-x2.enc <MinionPro-SemiboldCapt.pfb
MinionPro-SemiboldCapt-OSF-6a MinionPro-SemiboldCapt " T2AAdobeEncoding ReEncodeFont " <mn-osf-t2a.enc <MinionPro-SemiboldCapt.pfb
MinionPro-SemiboldCapt-OSF-6t MinionPro-SemiboldCapt " T2BAdobeEncoding ReEncodeFont " <mn-osf-t2b.enc <MinionPro-SemiboldCapt.pfb
MinionPro-SemiboldCapt-OSF-6c MinionPro-SemiboldCapt " T2CAdobeEncoding ReEncodeFont " <mn-osf-t2c.enc <MinionPro-SemiboldCapt.pfb
MinionPro-SemiboldCapt-OSF-6x MinionPro-SemiboldCapt " X2AdobeEncoding ReEncodeFont " <mn-osf-x2.enc <MinionPro-SemiboldCapt.pfb
MinionPro-SemiboldDisp-8t MinionPro-SemiboldDisp " T1Encoding ReEncodeFont " <mn-tlf-t1.enc <MinionPro-SemiboldDisp.pfb
MinionPro-SemiboldDisp-8c MinionPro-SemiboldDisp " TS1Encoding ReEncodeFont " <mn-tlf-ts1.enc <MinionPro-SemiboldDisp.pfb
MinionPro-SemiboldDisp-7t MinionPro-SemiboldDisp " OT1Encoding ReEncodeFont " <mn-tlf-ot1.enc <MinionPro-SemiboldDisp.pfb
MinionPro-SemiboldDisp-7m MinionPro-SemiboldDisp " OMLEncoding ReEncodeFont " <mn-tlf-oml.enc <MinionPro-SemiboldDisp.pfb
MinionPro-SemiboldDisp-SC-8t MinionPro-SemiboldDisp " SCT1Encoding ReEncodeFont " <mn-tlf-sc-t1.enc <MinionPro-SemiboldDisp.pfb
MinionPro-SemiboldDisp-SC-7t MinionPro-SemiboldDisp " SCOT1Encoding ReEncodeFont " <mn-tlf-sc-ot1.enc <MinionPro-SemiboldDisp.pfb
MinionPro-SemiboldDisp-OSF-8t MinionPro-SemiboldDisp " OSFT1Encoding ReEncodeFont " <mn-osf-t1.enc <MinionPro-SemiboldDisp.pfb
MinionPro-SemiboldDisp-OSF-8c MinionPro-SemiboldDisp " TS1Encoding ReEncodeFont " <mn-osf-ts1.enc <MinionPro-SemiboldDisp.pfb
MinionPro-SemiboldDisp-OSF-7t MinionPro-SemiboldDisp " OT1Encoding ReEncodeFont " <mn-osf-ot1.enc <MinionPro-SemiboldDisp.pfb
MinionPro-SemiboldDisp-OSF-7m MinionPro-SemiboldDisp " OSFOMLEncoding ReEncodeFont " <mn-osf-oml.enc <MinionPro-SemiboldDisp.pfb
MinionPro-SemiboldDisp-OSFSC-8t MinionPro-SemiboldDisp " OSFSCT1Encoding ReEncodeFont " <mn-osf-sc-t1.enc <MinionPro-SemiboldDisp.pfb
MinionPro-SemiboldDisp-OSFSC-7t MinionPro-SemiboldDisp " OSFSCOT1Encoding ReEncodeFont " <mn-osf-sc-ot1.enc <MinionPro-SemiboldDisp.pfb
MinionPro-SemiboldDisp-TOSF-8t MinionPro-SemiboldDisp " TOSFT1Encoding ReEncodeFont " <mn-tosf-t1.enc <MinionPro-SemiboldDisp.pfb
MinionPro-SemiboldDisp-6a MinionPro-SemiboldDisp " T2AAdobeEncoding ReEncodeFont " <mn-tlf-t2a.enc <MinionPro-SemiboldDisp.pfb
MinionPro-SemiboldDisp-6t MinionPro-SemiboldDisp " T2BAdobeEncoding ReEncodeFont " <mn-tlf-t2b.enc <MinionPro-SemiboldDisp.pfb
MinionPro-SemiboldDisp-6c MinionPro-SemiboldDisp " T2CAdobeEncoding ReEncodeFont " <mn-tlf-t2c.enc <MinionPro-SemiboldDisp.pfb
MinionPro-SemiboldDisp-6x MinionPro-SemiboldDisp " X2AdobeEncoding ReEncodeFont " <mn-tlf-x2.enc <MinionPro-SemiboldDisp.pfb
MinionPro-SemiboldDisp-OSF-6a MinionPro-SemiboldDisp " T2AAdobeEncoding ReEncodeFont " <mn-osf-t2a.enc <MinionPro-SemiboldDisp.pfb
MinionPro-SemiboldDisp-OSF-6t MinionPro-SemiboldDisp " T2BAdobeEncoding ReEncodeFont " <mn-osf-t2b.enc <MinionPro-SemiboldDisp.pfb
MinionPro-SemiboldDisp-OSF-6c MinionPro-SemiboldDisp " T2CAdobeEncoding ReEncodeFont " <mn-osf-t2c.enc <MinionPro-SemiboldDisp.pfb
MinionPro-SemiboldDisp-OSF-6x MinionPro-SemiboldDisp " X2AdobeEncoding ReEncodeFont " <mn-osf-x2.enc <MinionPro-SemiboldDisp.pfb
MinionPro-SemiboldSubh-8t MinionPro-SemiboldSubh " T1Encoding ReEncodeFont " <mn-tlf-t1.enc <MinionPro-SemiboldSubh.pfb
MinionPro-SemiboldSubh-8c MinionPro-SemiboldSubh " TS1Encoding ReEncodeFont " <mn-tlf-ts1.enc <MinionPro-SemiboldSubh.pfb
MinionPro-SemiboldSubh-7t MinionPro-SemiboldSubh " OT1Encoding ReEncodeFont " <mn-tlf-ot1.enc <MinionPro-SemiboldSubh.pfb
MinionPro-SemiboldSubh-7m MinionPro-SemiboldSubh " OMLEncoding ReEncodeFont " <mn-tlf-oml.enc <MinionPro-SemiboldSubh.pfb
MinionPro-SemiboldSubh-SC-8t MinionPro-SemiboldSubh " SCT1Encoding ReEncodeFont " <mn-tlf-sc-t1.enc <MinionPro-SemiboldSubh.pfb
MinionPro-SemiboldSubh-SC-7t MinionPro-SemiboldSubh " SCOT1Encoding ReEncodeFont " <mn-tlf-sc-ot1.enc <MinionPro-SemiboldSubh.pfb
MinionPro-SemiboldSubh-OSF-8t MinionPro-SemiboldSubh " OSFT1Encoding ReEncodeFont " <mn-osf-t1.enc <MinionPro-SemiboldSubh.pfb
MinionPro-SemiboldSubh-OSF-8c MinionPro-SemiboldSubh " TS1Encoding ReEncodeFont " <mn-osf-ts1.enc <MinionPro-SemiboldSubh.pfb
MinionPro-SemiboldSubh-OSF-7t MinionPro-SemiboldSubh " OT1Encoding ReEncodeFont " <mn-osf-ot1.enc <MinionPro-SemiboldSubh.pfb
MinionPro-SemiboldSubh-OSF-7m MinionPro-SemiboldSubh " OSFOMLEncoding ReEncodeFont " <mn-osf-oml.enc <MinionPro-SemiboldSubh.pfb
MinionPro-SemiboldSubh-OSFSC-8t MinionPro-SemiboldSubh " OSFSCT1Encoding ReEncodeFont " <mn-osf-sc-t1.enc <MinionPro-SemiboldSubh.pfb
MinionPro-SemiboldSubh-OSFSC-7t MinionPro-SemiboldSubh " OSFSCOT1Encoding ReEncodeFont " <mn-osf-sc-ot1.enc <MinionPro-SemiboldSubh.pfb
MinionPro-SemiboldSubh-TOSF-8t MinionPro-SemiboldSubh " TOSFT1Encoding ReEncodeFont " <mn-tosf-t1.enc <MinionPro-SemiboldSubh.pfb
MinionPro-SemiboldSubh-6a MinionPro-SemiboldSubh " T2AAdobeEncoding ReEncodeFont " <mn-tlf-t2a.enc <MinionPro-SemiboldSubh.pfb
MinionPro-SemiboldSubh-6t MinionPro-SemiboldSubh " T2BAdobeEncoding ReEncodeFont " <mn-tlf-t2b.enc <MinionPro-SemiboldSubh.pfb
MinionPro-SemiboldSubh-6c MinionPro-SemiboldSubh " T2CAdobeEncoding ReEncodeFont " <mn-tlf-t2c.enc <MinionPro-SemiboldSubh.pfb
MinionPro-SemiboldSubh-6x MinionPro-SemiboldSubh " X2AdobeEncoding ReEncodeFont " <mn-tlf-x2.enc <MinionPro-SemiboldSubh.pfb
MinionPro-SemiboldSubh-OSF-6a MinionPro-SemiboldSubh " T2AAdobeEncoding ReEncodeFont " <mn-osf-t2a.enc <MinionPro-SemiboldSubh.pfb
MinionPro-SemiboldSubh-OSF-6t MinionPro-SemiboldSubh " T2BAdobeEncoding ReEncodeFont " <mn-osf-t2b.enc <MinionPro-SemiboldSubh.pfb
MinionPro-SemiboldSubh-OSF-6c MinionPro-SemiboldSubh " T2CAdobeEncoding ReEncodeFont " <mn-osf-t2c.enc <MinionPro-SemiboldSubh.pfb
MinionPro-SemiboldSubh-OSF-6x MinionPro-SemiboldSubh " X2AdobeEncoding ReEncodeFont " <mn-osf-x2.enc <MinionPro-SemiboldSubh.pfb
MinionPro-SemiboldIt-8t MinionPro-SemiboldIt " T1Encoding ReEncodeFont " <mn-tlf-t1.enc <MinionPro-SemiboldIt.pfb
MinionPro-SemiboldIt-8c MinionPro-SemiboldIt " TS1Encoding ReEncodeFont " <mn-tlf-ts1.enc <MinionPro-SemiboldIt.pfb
MinionPro-SemiboldIt-7t MinionPro-SemiboldIt " OT1Encoding ReEncodeFont " <mn-tlf-ot1.enc <MinionPro-SemiboldIt.pfb
MinionPro-SemiboldIt-7m MinionPro-SemiboldIt " OMLEncoding ReEncodeFont " <mn-tlf-oml.enc <MinionPro-SemiboldIt.pfb
MinionPro-SemiboldIt-SC-8t MinionPro-SemiboldIt " SCT1Encoding ReEncodeFont " <mn-tlf-sc-t1.enc <MinionPro-SemiboldIt.pfb
MinionPro-SemiboldIt-SC-7t MinionPro-SemiboldIt " SCOT1Encoding ReEncodeFont " <mn-tlf-sc-ot1.enc <MinionPro-SemiboldIt.pfb
MinionPro-SemiboldIt-OSF-8t MinionPro-SemiboldIt " OSFT1Encoding ReEncodeFont " <mn-osf-t1.enc <MinionPro-SemiboldIt.pfb
MinionPro-SemiboldIt-OSF-8c MinionPro-SemiboldIt " TS1Encoding ReEncodeFont " <mn-osf-ts1.enc <MinionPro-SemiboldIt.pfb
MinionPro-SemiboldIt-OSF-7t MinionPro-SemiboldIt " OT1Encoding ReEncodeFont " <mn-osf-ot1.enc <MinionPro-SemiboldIt.pfb
MinionPro-SemiboldIt-OSF-7m MinionPro-SemiboldIt " OSFOMLEncoding ReEncodeFont " <mn-osf-oml.enc <MinionPro-SemiboldIt.pfb
MinionPro-SemiboldIt-OSFSC-8t MinionPro-SemiboldIt " OSFSCT1Encoding ReEncodeFont " <mn-osf-sc-t1.enc <MinionPro-SemiboldIt.pfb
MinionPro-SemiboldIt-OSFSC-7t MinionPro-SemiboldIt " OSFSCOT1Encoding ReEncodeFont " <mn-osf-sc-ot1.enc <MinionPro-SemiboldIt.pfb
MinionPro-SemiboldIt-TOSF-8t MinionPro-SemiboldIt " TOSFT1Encoding ReEncodeFont " <mn-tosf-t1.enc <MinionPro-SemiboldIt.pfb
MinionPro-SemiboldIt-6a MinionPro-SemiboldIt " T2AAdobeEncoding ReEncodeFont " <mn-tlf-t2a.enc <MinionPro-SemiboldIt.pfb
MinionPro-SemiboldIt-6t MinionPro-SemiboldIt " T2BAdobeEncoding ReEncodeFont " <mn-tlf-t2b.enc <MinionPro-SemiboldIt.pfb
MinionPro-SemiboldIt-6c MinionPro-SemiboldIt " T2CAdobeEncoding ReEncodeFont " <mn-tlf-t2c.enc <MinionPro-SemiboldIt.pfb
MinionPro-SemiboldIt-6x MinionPro-SemiboldIt " X2AdobeEncoding ReEncodeFont " <mn-tlf-x2.enc <MinionPro-SemiboldIt.pfb
MinionPro-SemiboldIt-OSF-6a MinionPro-SemiboldIt " T2AAdobeEncoding ReEncodeFont " <mn-osf-t2a.enc <MinionPro-SemiboldIt.pfb
MinionPro-SemiboldIt-OSF-6t MinionPro-SemiboldIt " T2BAdobeEncoding ReEncodeFont " <mn-osf-t2b.enc <MinionPro-SemiboldIt.pfb
MinionPro-SemiboldIt-OSF-6c MinionPro-SemiboldIt " T2CAdobeEncoding ReEncodeFont " <mn-osf-t2c.enc <MinionPro-SemiboldIt.pfb
MinionPro-SemiboldIt-OSF-6x MinionPro-SemiboldIt " X2AdobeEncoding ReEncodeFont " <mn-osf-x2.enc <MinionPro-SemiboldIt.pfb
MinionPro-SemiboldItCapt-8t MinionPro-SemiboldItCapt " T1Encoding ReEncodeFont " <mn-tlf-t1.enc <MinionPro-SemiboldItCapt.pfb
MinionPro-SemiboldItCapt-8c MinionPro-SemiboldItCapt " TS1Encoding ReEncodeFont " <mn-tlf-ts1.enc <MinionPro-SemiboldItCapt.pfb
MinionPro-SemiboldItCapt-7t MinionPro-SemiboldItCapt " OT1Encoding ReEncodeFont " <mn-tlf-ot1.enc <MinionPro-SemiboldItCapt.pfb
MinionPro-SemiboldItCapt-7m MinionPro-SemiboldItCapt " OMLEncoding ReEncodeFont " <mn-tlf-oml.enc <MinionPro-SemiboldItCapt.pfb
MinionPro-SemiboldItCapt-SC-8t MinionPro-SemiboldItCapt " SCT1Encoding ReEncodeFont " <mn-tlf-sc-t1.enc <MinionPro-SemiboldItCapt.pfb
MinionPro-SemiboldItCapt-SC-7t MinionPro-SemiboldItCapt " SCOT1Encoding ReEncodeFont " <mn-tlf-sc-ot1.enc <MinionPro-SemiboldItCapt.pfb
MinionPro-SemiboldItCapt-OSF-8t MinionPro-SemiboldItCapt " OSFT1Encoding ReEncodeFont " <mn-osf-t1.enc <MinionPro-SemiboldItCapt.pfb
MinionPro-SemiboldItCapt-OSF-8c MinionPro-SemiboldItCapt " TS1Encoding ReEncodeFont " <mn-osf-ts1.enc <MinionPro-SemiboldItCapt.pfb
MinionPro-SemiboldItCapt-OSF-7t MinionPro-SemiboldItCapt " OT1Encoding ReEncodeFont " <mn-osf-ot1.enc <MinionPro-SemiboldItCapt.pfb
MinionPro-SemiboldItCapt-OSF-7m MinionPro-SemiboldItCapt " OSFOMLEncoding ReEncodeFont " <mn-osf-oml.enc <MinionPro-SemiboldItCapt.pfb
MinionPro-SemiboldItCapt-OSFSC-8t MinionPro-SemiboldItCapt " OSFSCT1Encoding ReEncodeFont " <mn-osf-sc-t1.enc <MinionPro-SemiboldItCapt.pfb
MinionPro-SemiboldItCapt-OSFSC-7t MinionPro-SemiboldItCapt " OSFSCOT1Encoding ReEncodeFont " <mn-osf-sc-ot1.enc <MinionPro-SemiboldItCapt.pfb
MinionPro-SemiboldItCapt-TOSF-8t MinionPro-SemiboldItCapt " TOSFT1Encoding ReEncodeFont " <mn-tosf-t1.enc <MinionPro-SemiboldItCapt.pfb
MinionPro-SemiboldItCapt-6a MinionPro-SemiboldItCapt " T2AAdobeEncoding ReEncodeFont " <mn-tlf-t2a.enc <MinionPro-SemiboldItCapt.pfb
MinionPro-SemiboldItCapt-6t MinionPro-SemiboldItCapt " T2BAdobeEncoding ReEncodeFont " <mn-tlf-t2b.enc <MinionPro-SemiboldItCapt.pfb
MinionPro-SemiboldItCapt-6c MinionPro-SemiboldItCapt " T2CAdobeEncoding ReEncodeFont " <mn-tlf-t2c.enc <MinionPro-SemiboldItCapt.pfb
MinionPro-SemiboldItCapt-6x MinionPro-SemiboldItCapt " X2AdobeEncoding ReEncodeFont " <mn-tlf-x2.enc <MinionPro-SemiboldItCapt.pfb
MinionPro-SemiboldItCapt-OSF-6a MinionPro-SemiboldItCapt " T2AAdobeEncoding ReEncodeFont " <mn-osf-t2a.enc <MinionPro-SemiboldItCapt.pfb
MinionPro-SemiboldItCapt-OSF-6t MinionPro-SemiboldItCapt " T2BAdobeEncoding ReEncodeFont " <mn-osf-t2b.enc <MinionPro-SemiboldItCapt.pfb
MinionPro-SemiboldItCapt-OSF-6c MinionPro-SemiboldItCapt " T2CAdobeEncoding ReEncodeFont " <mn-osf-t2c.enc <MinionPro-SemiboldItCapt.pfb
MinionPro-SemiboldItCapt-OSF-6x MinionPro-SemiboldItCapt " X2AdobeEncoding ReEncodeFont " <mn-osf-x2.enc <MinionPro-SemiboldItCapt.pfb
MinionPro-SemiboldItDisp-8t MinionPro-SemiboldItDisp " T1Encoding ReEncodeFont " <mn-tlf-t1.enc <MinionPro-SemiboldItDisp.pfb
MinionPro-SemiboldItDisp-8c MinionPro-SemiboldItDisp " TS1Encoding ReEncodeFont " <mn-tlf-ts1.enc <MinionPro-SemiboldItDisp.pfb
MinionPro-SemiboldItDisp-7t MinionPro-SemiboldItDisp " OT1Encoding ReEncodeFont " <mn-tlf-ot1.enc <MinionPro-SemiboldItDisp.pfb
MinionPro-SemiboldItDisp-7m MinionPro-SemiboldItDisp " OMLEncoding ReEncodeFont " <mn-tlf-oml.enc <MinionPro-SemiboldItDisp.pfb
MinionPro-SemiboldItDisp-SC-8t MinionPro-SemiboldItDisp " SCT1Encoding ReEncodeFont " <mn-tlf-sc-t1.enc <MinionPro-SemiboldItDisp.pfb
MinionPro-SemiboldItDisp-SC-7t MinionPro-SemiboldItDisp " SCOT1Encoding ReEncodeFont " <mn-tlf-sc-ot1.enc <MinionPro-SemiboldItDisp.pfb
MinionPro-SemiboldItDisp-OSF-8t MinionPro-SemiboldItDisp " OSFT1Encoding ReEncodeFont " <mn-osf-t1.enc <MinionPro-SemiboldItDisp.pfb
MinionPro-SemiboldItDisp-OSF-8c MinionPro-SemiboldItDisp " TS1Encoding ReEncodeFont " <mn-osf-ts1.enc <MinionPro-SemiboldItDisp.pfb
MinionPro-SemiboldItDisp-OSF-7t MinionPro-SemiboldItDisp " OT1Encoding ReEncodeFont " <mn-osf-ot1.enc <MinionPro-SemiboldItDisp.pfb
MinionPro-SemiboldItDisp-OSF-7m MinionPro-SemiboldItDisp " OSFOMLEncoding ReEncodeFont " <mn-osf-oml.enc <MinionPro-SemiboldItDisp.pfb
MinionPro-SemiboldItDisp-OSFSC-8t MinionPro-SemiboldItDisp " OSFSCT1Encoding ReEncodeFont " <mn-osf-sc-t1.enc <MinionPro-SemiboldItDisp.pfb
MinionPro-SemiboldItDisp-OSFSC-7t MinionPro-SemiboldItDisp " OSFSCOT1Encoding ReEncodeFont " <mn-osf-sc-ot1.enc <MinionPro-SemiboldItDisp.pfb
MinionPro-SemiboldItDisp-TOSF-8t MinionPro-SemiboldItDisp " TOSFT1Encoding ReEncodeFont " <mn-tosf-t1.enc <MinionPro-SemiboldItDisp.pfb
MinionPro-SemiboldItDisp-6a MinionPro-SemiboldItDisp " T2AAdobeEncoding ReEncodeFont " <mn-tlf-t2a.enc <MinionPro-SemiboldItDisp.pfb
MinionPro-SemiboldItDisp-6t MinionPro-SemiboldItDisp " T2BAdobeEncoding ReEncodeFont " <mn-tlf-t2b.enc <MinionPro-SemiboldItDisp.pfb
MinionPro-SemiboldItDisp-6c MinionPro-SemiboldItDisp " T2CAdobeEncoding ReEncodeFont " <mn-tlf-t2c.enc <MinionPro-SemiboldItDisp.pfb
MinionPro-SemiboldItDisp-6x MinionPro-SemiboldItDisp " X2AdobeEncoding ReEncodeFont " <mn-tlf-x2.enc <MinionPro-SemiboldItDisp.pfb
MinionPro-SemiboldItDisp-OSF-6a MinionPro-SemiboldItDisp " T2AAdobeEncoding ReEncodeFont " <mn-osf-t2a.enc <MinionPro-SemiboldItDisp.pfb
MinionPro-SemiboldItDisp-OSF-6t MinionPro-SemiboldItDisp " T2BAdobeEncoding ReEncodeFont " <mn-osf-t2b.enc <MinionPro-SemiboldItDisp.pfb
MinionPro-SemiboldItDisp-OSF-6c MinionPro-SemiboldItDisp " T2CAdobeEncoding ReEncodeFont " <mn-osf-t2c.enc <MinionPro-SemiboldItDisp.pfb
MinionPro-SemiboldItDisp-OSF-6x MinionPro-SemiboldItDisp " X2AdobeEncoding ReEncodeFont " <mn-osf-x2.enc <MinionPro-SemiboldItDisp.pfb
MinionPro-SemiboldItSubh-8t MinionPro-SemiboldItSubh " T1Encoding ReEncodeFont " <mn-tlf-t1.enc <MinionPro-SemiboldItSubh.pfb
MinionPro-SemiboldItSubh-8c MinionPro-SemiboldItSubh " TS1Encoding ReEncodeFont " <mn-tlf-ts1.enc <MinionPro-SemiboldItSubh.pfb
MinionPro-SemiboldItSubh-7t MinionPro-SemiboldItSubh " OT1Encoding ReEncodeFont " <mn-tlf-ot1.enc <MinionPro-SemiboldItSubh.pfb
MinionPro-SemiboldItSubh-7m MinionPro-SemiboldItSubh " OMLEncoding ReEncodeFont " <mn-tlf-oml.enc <MinionPro-SemiboldItSubh.pfb
MinionPro-SemiboldItSubh-SC-8t MinionPro-SemiboldItSubh " SCT1Encoding ReEncodeFont " <mn-tlf-sc-t1.enc <MinionPro-SemiboldItSubh.pfb
MinionPro-SemiboldItSubh-SC-7t MinionPro-SemiboldItSubh " SCOT1Encoding ReEncodeFont " <mn-tlf-sc-ot1.enc <MinionPro-SemiboldItSubh.pfb
MinionPro-SemiboldItSubh-OSF-8t MinionPro-SemiboldItSubh " OSFT1Encoding ReEncodeFont " <mn-osf-t1.enc <MinionPro-SemiboldItSubh.pfb
MinionPro-SemiboldItSubh-OSF-8c MinionPro-SemiboldItSubh " TS1Encoding ReEncodeFont " <mn-osf-ts1.enc <MinionPro-SemiboldItSubh.pfb
MinionPro-SemiboldItSubh-OSF-7t MinionPro-SemiboldItSubh " OT1Encoding ReEncodeFont " <mn-osf-ot1.enc <MinionPro-SemiboldItSubh.pfb
MinionPro-SemiboldItSubh-OSF-7m MinionPro-SemiboldItSubh " OSFOMLEncoding ReEncodeFont " <mn-osf-oml.enc <MinionPro-SemiboldItSubh.pfb
MinionPro-SemiboldItSubh-OSFSC-8t MinionPro-SemiboldItSubh " OSFSCT1Encoding ReEncodeFont " <mn-osf-sc-t1.enc <MinionPro-SemiboldItSubh.pfb
MinionPro-SemiboldItSubh-OSFSC-7t MinionPro-SemiboldItSubh " OSFSCOT1Encoding ReEncodeFont " <mn-osf-sc-ot1.enc <MinionPro-SemiboldItSubh.pfb
MinionPro-SemiboldItSubh-TOSF-8t MinionPro-SemiboldItSubh " TOSFT1Encoding ReEncodeFont " <mn-tosf-t1.enc <MinionPro-SemiboldItSubh.pfb
MinionPro-SemiboldItSubh-6a MinionPro-SemiboldItSubh " T2AAdobeEncoding ReEncodeFont " <mn-tlf-t2a.enc <MinionPro-SemiboldItSubh.pfb
MinionPro-SemiboldItSubh-6t MinionPro-SemiboldItSubh " T2BAdobeEncoding ReEncodeFont " <mn-tlf-t2b.enc <MinionPro-SemiboldItSubh.pfb
MinionPro-SemiboldItSubh-6c MinionPro-SemiboldItSubh " T2CAdobeEncoding ReEncodeFont " <mn-tlf-t2c.enc <MinionPro-SemiboldItSubh.pfb
MinionPro-SemiboldItSubh-6x MinionPro-SemiboldItSubh " X2AdobeEncoding ReEncodeFont " <mn-tlf-x2.enc <MinionPro-SemiboldItSubh.pfb
MinionPro-SemiboldItSubh-OSF-6a MinionPro-SemiboldItSubh " T2AAdobeEncoding ReEncodeFont " <mn-osf-t2a.enc <MinionPro-SemiboldItSubh.pfb
MinionPro-SemiboldItSubh-OSF-6t MinionPro-SemiboldItSubh " T2BAdobeEncoding ReEncodeFont " <mn-osf-t2b.enc <MinionPro-SemiboldItSubh.pfb
MinionPro-SemiboldItSubh-OSF-6c MinionPro-SemiboldItSubh " T2CAdobeEncoding ReEncodeFont " <mn-osf-t2c.enc <MinionPro-SemiboldItSubh.pfb
MinionPro-SemiboldItSubh-OSF-6x MinionPro-SemiboldItSubh " X2AdobeEncoding ReEncodeFont " <mn-osf-x2.enc <MinionPro-SemiboldItSubh.pfb
MinionPro-SemiboldIt-Swash-8t MinionPro-SemiboldIt " SwashT1Encoding ReEncodeFont " <mn-tlf-swash-t1.enc <MinionPro-SemiboldIt.pfb
MinionPro-SemiboldIt-Swash-7t MinionPro-SemiboldIt " SwashOT1Encoding ReEncodeFont " <mn-tlf-swash-ot1.enc <MinionPro-SemiboldIt.pfb
MinionPro-SemiboldIt-OSF-Swash-8t MinionPro-SemiboldIt " SwashOSFT1Encoding ReEncodeFont " <mn-osf-swash-t1.enc <MinionPro-SemiboldIt.pfb
MinionPro-SemiboldIt-OSF-Swash-7t MinionPro-SemiboldIt " SwashOT1Encoding ReEncodeFont " <mn-osf-swash-ot1.enc <MinionPro-SemiboldIt.pfb
MinionPro-SemiboldItCapt-Swash-8t MinionPro-SemiboldItCapt " SwashT1Encoding ReEncodeFont " <mn-tlf-swash-t1.enc <MinionPro-SemiboldItCapt.pfb
MinionPro-SemiboldItCapt-Swash-7t MinionPro-SemiboldItCapt " SwashOT1Encoding ReEncodeFont " <mn-tlf-swash-ot1.enc <MinionPro-SemiboldItCapt.pfb
MinionPro-SemiboldItCapt-OSF-Swash-8t MinionPro-SemiboldItCapt " SwashOSFT1Encoding ReEncodeFont " <mn-osf-swash-t1.enc <MinionPro-SemiboldItCapt.pfb
MinionPro-SemiboldItCapt-OSF-Swash-7t MinionPro-SemiboldItCapt " SwashOT1Encoding ReEncodeFont " <mn-osf-swash-ot1.enc <MinionPro-SemiboldItCapt.pfb
MinionPro-SemiboldItDisp-Swash-8t MinionPro-SemiboldItDisp " SwashT1Encoding ReEncodeFont " <mn-tlf-swash-t1.enc <MinionPro-SemiboldItDisp.pfb
MinionPro-SemiboldItDisp-Swash-7t MinionPro-SemiboldItDisp " SwashOT1Encoding ReEncodeFont " <mn-tlf-swash-ot1.enc <MinionPro-SemiboldItDisp.pfb
MinionPro-SemiboldItDisp-OSF-Swash-8t MinionPro-SemiboldItDisp " SwashOSFT1Encoding ReEncodeFont " <mn-osf-swash-t1.enc <MinionPro-SemiboldItDisp.pfb
MinionPro-SemiboldItDisp-OSF-Swash-7t MinionPro-SemiboldItDisp " SwashOT1Encoding ReEncodeFont " <mn-osf-swash-ot1.enc <MinionPro-SemiboldItDisp.pfb
MinionPro-SemiboldItSubh-Swash-8t MinionPro-SemiboldItSubh " SwashT1Encoding ReEncodeFont " <mn-tlf-swash-t1.enc <MinionPro-SemiboldItSubh.pfb
MinionPro-SemiboldItSubh-Swash-7t MinionPro-SemiboldItSubh " SwashOT1Encoding ReEncodeFont " <mn-tlf-swash-ot1.enc <MinionPro-SemiboldItSubh.pfb
MinionPro-SemiboldItSubh-OSF-Swash-8t MinionPro-SemiboldItSubh " SwashOSFT1Encoding ReEncodeFont " <mn-osf-swash-t1.enc <MinionPro-SemiboldItSubh.pfb
MinionPro-SemiboldItSubh-OSF-Swash-7t MinionPro-SemiboldItSubh " SwashOT1Encoding ReEncodeFont " <mn-osf-swash-ot1.enc <MinionPro-SemiboldItSubh.pfb
MinionPro-Bold-8t MinionPro-Bold " T1Encoding ReEncodeFont " <mn-tlf-t1.enc <MinionPro-Bold.pfb
MinionPro-Bold-8c MinionPro-Bold " TS1Encoding ReEncodeFont " <mn-tlf-ts1.enc <MinionPro-Bold.pfb
MinionPro-Bold-7t MinionPro-Bold " OT1Encoding ReEncodeFont " <mn-tlf-ot1.enc <MinionPro-Bold.pfb
MinionPro-Bold-7m MinionPro-Bold " OMLEncoding ReEncodeFont " <mn-tlf-oml.enc <MinionPro-Bold.pfb
MinionPro-Bold-SC-8t MinionPro-Bold " SCT1Encoding ReEncodeFont " <mn-tlf-sc-t1.enc <MinionPro-Bold.pfb
MinionPro-Bold-SC-7t MinionPro-Bold " SCOT1Encoding ReEncodeFont " <mn-tlf-sc-ot1.enc <MinionPro-Bold.pfb
MinionPro-Bold-OSF-8t MinionPro-Bold " OSFT1Encoding ReEncodeFont " <mn-osf-t1.enc <MinionPro-Bold.pfb
MinionPro-Bold-OSF-8c MinionPro-Bold " TS1Encoding ReEncodeFont " <mn-osf-ts1.enc <MinionPro-Bold.pfb
MinionPro-Bold-OSF-7t MinionPro-Bold " OT1Encoding ReEncodeFont " <mn-osf-ot1.enc <MinionPro-Bold.pfb
MinionPro-Bold-OSF-7m MinionPro-Bold " OSFOMLEncoding ReEncodeFont " <mn-osf-oml.enc <MinionPro-Bold.pfb
MinionPro-Bold-OSFSC-8t MinionPro-Bold " OSFSCT1Encoding ReEncodeFont " <mn-osf-sc-t1.enc <MinionPro-Bold.pfb
MinionPro-Bold-OSFSC-7t MinionPro-Bold " OSFSCOT1Encoding ReEncodeFont " <mn-osf-sc-ot1.enc <MinionPro-Bold.pfb
MinionPro-Bold-TOSF-8t MinionPro-Bold " TOSFT1Encoding ReEncodeFont " <mn-tosf-t1.enc <MinionPro-Bold.pfb
MinionPro-Bold-6a MinionPro-Bold " T2AAdobeEncoding ReEncodeFont " <mn-tlf-t2a.enc <MinionPro-Bold.pfb
MinionPro-Bold-6t MinionPro-Bold " T2BAdobeEncoding ReEncodeFont " <mn-tlf-t2b.enc <MinionPro-Bold.pfb
MinionPro-Bold-6c MinionPro-Bold " T2CAdobeEncoding ReEncodeFont " <mn-tlf-t2c.enc <MinionPro-Bold.pfb
MinionPro-Bold-6x MinionPro-Bold " X2AdobeEncoding ReEncodeFont " <mn-tlf-x2.enc <MinionPro-Bold.pfb
MinionPro-Bold-OSF-6a MinionPro-Bold " T2AAdobeEncoding ReEncodeFont " <mn-osf-t2a.enc <MinionPro-Bold.pfb
MinionPro-Bold-OSF-6t MinionPro-Bold " T2BAdobeEncoding ReEncodeFont " <mn-osf-t2b.enc <MinionPro-Bold.pfb
MinionPro-Bold-OSF-6c MinionPro-Bold " T2CAdobeEncoding ReEncodeFont " <mn-osf-t2c.enc <MinionPro-Bold.pfb
MinionPro-Bold-OSF-6x MinionPro-Bold " X2AdobeEncoding ReEncodeFont " <mn-osf-x2.enc <MinionPro-Bold.pfb
MinionPro-BoldCapt-8t MinionPro-BoldCapt " T1Encoding ReEncodeFont " <mn-tlf-t1.enc <MinionPro-BoldCapt.pfb
MinionPro-BoldCapt-8c MinionPro-BoldCapt " TS1Encoding ReEncodeFont " <mn-tlf-ts1.enc <MinionPro-BoldCapt.pfb
MinionPro-BoldCapt-7t MinionPro-BoldCapt " OT1Encoding ReEncodeFont " <mn-tlf-ot1.enc <MinionPro-BoldCapt.pfb
MinionPro-BoldCapt-7m MinionPro-BoldCapt " OMLEncoding ReEncodeFont " <mn-tlf-oml.enc <MinionPro-BoldCapt.pfb
MinionPro-BoldCapt-SC-8t MinionPro-BoldCapt " SCT1Encoding ReEncodeFont " <mn-tlf-sc-t1.enc <MinionPro-BoldCapt.pfb
MinionPro-BoldCapt-SC-7t MinionPro-BoldCapt " SCOT1Encoding ReEncodeFont " <mn-tlf-sc-ot1.enc <MinionPro-BoldCapt.pfb
MinionPro-BoldCapt-OSF-8t MinionPro-BoldCapt " OSFT1Encoding ReEncodeFont " <mn-osf-t1.enc <MinionPro-BoldCapt.pfb
MinionPro-BoldCapt-OSF-8c MinionPro-BoldCapt " TS1Encoding ReEncodeFont " <mn-osf-ts1.enc <MinionPro-BoldCapt.pfb
MinionPro-BoldCapt-OSF-7t MinionPro-BoldCapt " OT1Encoding ReEncodeFont " <mn-osf-ot1.enc <MinionPro-BoldCapt.pfb
MinionPro-BoldCapt-OSF-7m MinionPro-BoldCapt " OSFOMLEncoding ReEncodeFont " <mn-osf-oml.enc <MinionPro-BoldCapt.pfb
MinionPro-BoldCapt-OSFSC-8t MinionPro-BoldCapt " OSFSCT1Encoding ReEncodeFont " <mn-osf-sc-t1.enc <MinionPro-BoldCapt.pfb
MinionPro-BoldCapt-OSFSC-7t MinionPro-BoldCapt " OSFSCOT1Encoding ReEncodeFont " <mn-osf-sc-ot1.enc <MinionPro-BoldCapt.pfb
MinionPro-BoldCapt-TOSF-8t MinionPro-BoldCapt " TOSFT1Encoding ReEncodeFont " <mn-tosf-t1.enc <MinionPro-BoldCapt.pfb
MinionPro-BoldCapt-6a MinionPro-BoldCapt " T2AAdobeEncoding ReEncodeFont " <mn-tlf-t2a.enc <MinionPro-BoldCapt.pfb
MinionPro-BoldCapt-6t MinionPro-BoldCapt " T2BAdobeEncoding ReEncodeFont " <mn-tlf-t2b.enc <MinionPro-BoldCapt.pfb
MinionPro-BoldCapt-6c MinionPro-BoldCapt " T2CAdobeEncoding ReEncodeFont " <mn-tlf-t2c.enc <MinionPro-BoldCapt.pfb
MinionPro-BoldCapt-6x MinionPro-BoldCapt " X2AdobeEncoding ReEncodeFont " <mn-tlf-x2.enc <MinionPro-BoldCapt.pfb
MinionPro-BoldCapt-OSF-6a MinionPro-BoldCapt " T2AAdobeEncoding ReEncodeFont " <mn-osf-t2a.enc <MinionPro-BoldCapt.pfb
MinionPro-BoldCapt-OSF-6t MinionPro-BoldCapt " T2BAdobeEncoding ReEncodeFont " <mn-osf-t2b.enc <MinionPro-BoldCapt.pfb
MinionPro-BoldCapt-OSF-6c MinionPro-BoldCapt " T2CAdobeEncoding ReEncodeFont " <mn-osf-t2c.enc <MinionPro-BoldCapt.pfb
MinionPro-BoldCapt-OSF-6x MinionPro-BoldCapt " X2AdobeEncoding ReEncodeFont " <mn-osf-x2.enc <MinionPro-BoldCapt.pfb
MinionPro-BoldDisp-8t MinionPro-BoldDisp " T1Encoding ReEncodeFont " <mn-tlf-t1.enc <MinionPro-BoldDisp.pfb
MinionPro-BoldDisp-8c MinionPro-BoldDisp " TS1Encoding ReEncodeFont " <mn-tlf-ts1.enc <MinionPro-BoldDisp.pfb
MinionPro-BoldDisp-7t MinionPro-BoldDisp " OT1Encoding ReEncodeFont " <mn-tlf-ot1.enc <MinionPro-BoldDisp.pfb
MinionPro-BoldDisp-7m MinionPro-BoldDisp " OMLEncoding ReEncodeFont " <mn-tlf-oml.enc <MinionPro-BoldDisp.pfb
MinionPro-BoldDisp-SC-8t MinionPro-BoldDisp " SCT1Encoding ReEncodeFont " <mn-tlf-sc-t1.enc <MinionPro-BoldDisp.pfb
MinionPro-BoldDisp-SC-7t MinionPro-BoldDisp " SCOT1Encoding ReEncodeFont " <mn-tlf-sc-ot1.enc <MinionPro-BoldDisp.pfb
MinionPro-BoldDisp-OSF-8t MinionPro-BoldDisp " OSFT1Encoding ReEncodeFont " <mn-osf-t1.enc <MinionPro-BoldDisp.pfb
MinionPro-BoldDisp-OSF-8c MinionPro-BoldDisp " TS1Encoding ReEncodeFont " <mn-osf-ts1.enc <MinionPro-BoldDisp.pfb
MinionPro-BoldDisp-OSF-7t MinionPro-BoldDisp " OT1Encoding ReEncodeFont " <mn-osf-ot1.enc <MinionPro-BoldDisp.pfb
MinionPro-BoldDisp-OSF-7m MinionPro-BoldDisp " OSFOMLEncoding ReEncodeFont " <mn-osf-oml.enc <MinionPro-BoldDisp.pfb
MinionPro-BoldDisp-OSFSC-8t MinionPro-BoldDisp " OSFSCT1Encoding ReEncodeFont " <mn-osf-sc-t1.enc <MinionPro-BoldDisp.pfb
MinionPro-BoldDisp-OSFSC-7t MinionPro-BoldDisp " OSFSCOT1Encoding ReEncodeFont " <mn-osf-sc-ot1.enc <MinionPro-BoldDisp.pfb
MinionPro-BoldDisp-TOSF-8t MinionPro-BoldDisp " TOSFT1Encoding ReEncodeFont " <mn-tosf-t1.enc <MinionPro-BoldDisp.pfb
MinionPro-BoldDisp-6a MinionPro-BoldDisp " T2AAdobeEncoding ReEncodeFont " <mn-tlf-t2a.enc <MinionPro-BoldDisp.pfb
MinionPro-BoldDisp-6t MinionPro-BoldDisp " T2BAdobeEncoding ReEncodeFont " <mn-tlf-t2b.enc <MinionPro-BoldDisp.pfb
MinionPro-BoldDisp-6c MinionPro-BoldDisp " T2CAdobeEncoding ReEncodeFont " <mn-tlf-t2c.enc <MinionPro-BoldDisp.pfb
MinionPro-BoldDisp-6x MinionPro-BoldDisp " X2AdobeEncoding ReEncodeFont " <mn-tlf-x2.enc <MinionPro-BoldDisp.pfb
MinionPro-BoldDisp-OSF-6a MinionPro-BoldDisp " T2AAdobeEncoding ReEncodeFont " <mn-osf-t2a.enc <MinionPro-BoldDisp.pfb
MinionPro-BoldDisp-OSF-6t MinionPro-BoldDisp " T2BAdobeEncoding ReEncodeFont " <mn-osf-t2b.enc <MinionPro-BoldDisp.pfb
MinionPro-BoldDisp-OSF-6c MinionPro-BoldDisp " T2CAdobeEncoding ReEncodeFont " <mn-osf-t2c.enc <MinionPro-BoldDisp.pfb
MinionPro-BoldDisp-OSF-6x MinionPro-BoldDisp " X2AdobeEncoding ReEncodeFont " <mn-osf-x2.enc <MinionPro-BoldDisp.pfb
MinionPro-BoldSubh-8t MinionPro-BoldSubh " T1Encoding ReEncodeFont " <mn-tlf-t1.enc <MinionPro-BoldSubh.pfb
MinionPro-BoldSubh-8c MinionPro-BoldSubh " TS1Encoding ReEncodeFont " <mn-tlf-ts1.enc <MinionPro-BoldSubh.pfb
MinionPro-BoldSubh-7t MinionPro-BoldSubh " OT1Encoding ReEncodeFont " <mn-tlf-ot1.enc <MinionPro-BoldSubh.pfb
MinionPro-BoldSubh-7m MinionPro-BoldSubh " OMLEncoding ReEncodeFont " <mn-tlf-oml.enc <MinionPro-BoldSubh.pfb
MinionPro-BoldSubh-SC-8t MinionPro-BoldSubh " SCT1Encoding ReEncodeFont " <mn-tlf-sc-t1.enc <MinionPro-BoldSubh.pfb
MinionPro-BoldSubh-SC-7t MinionPro-BoldSubh " SCOT1Encoding ReEncodeFont " <mn-tlf-sc-ot1.enc <MinionPro-BoldSubh.pfb
MinionPro-BoldSubh-OSF-8t MinionPro-BoldSubh " OSFT1Encoding ReEncodeFont " <mn-osf-t1.enc <MinionPro-BoldSubh.pfb
MinionPro-BoldSubh-OSF-8c MinionPro-BoldSubh " TS1Encoding ReEncodeFont " <mn-osf-ts1.enc <MinionPro-BoldSubh.pfb
MinionPro-BoldSubh-OSF-7t MinionPro-BoldSubh " OT1Encoding ReEncodeFont " <mn-osf-ot1.enc <MinionPro-BoldSubh.pfb
MinionPro-BoldSubh-OSF-7m MinionPro-BoldSubh " OSFOMLEncoding ReEncodeFont " <mn-osf-oml.enc <MinionPro-BoldSubh.pfb
MinionPro-BoldSubh-OSFSC-8t MinionPro-BoldSubh " OSFSCT1Encoding ReEncodeFont " <mn-osf-sc-t1.enc <MinionPro-BoldSubh.pfb
MinionPro-BoldSubh-OSFSC-7t MinionPro-BoldSubh " OSFSCOT1Encoding ReEncodeFont " <mn-osf-sc-ot1.enc <MinionPro-BoldSubh.pfb
MinionPro-BoldSubh-TOSF-8t MinionPro-BoldSubh " TOSFT1Encoding ReEncodeFont " <mn-tosf-t1.enc <MinionPro-BoldSubh.pfb
MinionPro-BoldSubh-6a MinionPro-BoldSubh " T2AAdobeEncoding ReEncodeFont " <mn-tlf-t2a.enc <MinionPro-BoldSubh.pfb
MinionPro-BoldSubh-6t MinionPro-BoldSubh " T2BAdobeEncoding ReEncodeFont " <mn-tlf-t2b.enc <MinionPro-BoldSubh.pfb
MinionPro-BoldSubh-6c MinionPro-BoldSubh " T2CAdobeEncoding ReEncodeFont " <mn-tlf-t2c.enc <MinionPro-BoldSubh.pfb
MinionPro-BoldSubh-6x MinionPro-BoldSubh " X2AdobeEncoding ReEncodeFont " <mn-tlf-x2.enc <MinionPro-BoldSubh.pfb
MinionPro-BoldSubh-OSF-6a MinionPro-BoldSubh " T2AAdobeEncoding ReEncodeFont " <mn-osf-t2a.enc <MinionPro-BoldSubh.pfb
MinionPro-BoldSubh-OSF-6t MinionPro-BoldSubh " T2BAdobeEncoding ReEncodeFont " <mn-osf-t2b.enc <MinionPro-BoldSubh.pfb
MinionPro-BoldSubh-OSF-6c MinionPro-BoldSubh " T2CAdobeEncoding ReEncodeFont " <mn-osf-t2c.enc <MinionPro-BoldSubh.pfb
MinionPro-BoldSubh-OSF-6x MinionPro-BoldSubh " X2AdobeEncoding ReEncodeFont " <mn-osf-x2.enc <MinionPro-BoldSubh.pfb
MinionPro-BoldIt-8t MinionPro-BoldIt " T1Encoding ReEncodeFont " <mn-tlf-t1.enc <MinionPro-BoldIt.pfb
MinionPro-BoldIt-8c MinionPro-BoldIt " TS1Encoding ReEncodeFont " <mn-tlf-ts1.enc <MinionPro-BoldIt.pfb
MinionPro-BoldIt-7t MinionPro-BoldIt " OT1Encoding ReEncodeFont " <mn-tlf-ot1.enc <MinionPro-BoldIt.pfb
MinionPro-BoldIt-7m MinionPro-BoldIt " OMLEncoding ReEncodeFont " <mn-tlf-oml.enc <MinionPro-BoldIt.pfb
MinionPro-BoldIt-SC-8t MinionPro-BoldIt " SCT1Encoding ReEncodeFont " <mn-tlf-sc-t1.enc <MinionPro-BoldIt.pfb
MinionPro-BoldIt-SC-7t MinionPro-BoldIt " SCOT1Encoding ReEncodeFont " <mn-tlf-sc-ot1.enc <MinionPro-BoldIt.pfb
MinionPro-BoldIt-OSF-8t MinionPro-BoldIt " OSFT1Encoding ReEncodeFont " <mn-osf-t1.enc <MinionPro-BoldIt.pfb
MinionPro-BoldIt-OSF-8c MinionPro-BoldIt " TS1Encoding ReEncodeFont " <mn-osf-ts1.enc <MinionPro-BoldIt.pfb
MinionPro-BoldIt-OSF-7t MinionPro-BoldIt " OT1Encoding ReEncodeFont " <mn-osf-ot1.enc <MinionPro-BoldIt.pfb
MinionPro-BoldIt-OSF-7m MinionPro-BoldIt " OSFOMLEncoding ReEncodeFont " <mn-osf-oml.enc <MinionPro-BoldIt.pfb
MinionPro-BoldIt-OSFSC-8t MinionPro-BoldIt " OSFSCT1Encoding ReEncodeFont " <mn-osf-sc-t1.enc <MinionPro-BoldIt.pfb
MinionPro-BoldIt-OSFSC-7t MinionPro-BoldIt " OSFSCOT1Encoding ReEncodeFont " <mn-osf-sc-ot1.enc <MinionPro-BoldIt.pfb
MinionPro-BoldIt-TOSF-8t MinionPro-BoldIt " TOSFT1Encoding ReEncodeFont " <mn-tosf-t1.enc <MinionPro-BoldIt.pfb
MinionPro-BoldIt-6a MinionPro-BoldIt " T2AAdobeEncoding ReEncodeFont " <mn-tlf-t2a.enc <MinionPro-BoldIt.pfb
MinionPro-BoldIt-6t MinionPro-BoldIt " T2BAdobeEncoding ReEncodeFont " <mn-tlf-t2b.enc <MinionPro-BoldIt.pfb
MinionPro-BoldIt-6c MinionPro-BoldIt " T2CAdobeEncoding ReEncodeFont " <mn-tlf-t2c.enc <MinionPro-BoldIt.pfb
MinionPro-BoldIt-6x MinionPro-BoldIt " X2AdobeEncoding ReEncodeFont " <mn-tlf-x2.enc <MinionPro-BoldIt.pfb
MinionPro-BoldIt-OSF-6a MinionPro-BoldIt " T2AAdobeEncoding ReEncodeFont " <mn-osf-t2a.enc <MinionPro-BoldIt.pfb
MinionPro-BoldIt-OSF-6t MinionPro-BoldIt " T2BAdobeEncoding ReEncodeFont " <mn-osf-t2b.enc <MinionPro-BoldIt.pfb
MinionPro-BoldIt-OSF-6c MinionPro-BoldIt " T2CAdobeEncoding ReEncodeFont " <mn-osf-t2c.enc <MinionPro-BoldIt.pfb
MinionPro-BoldIt-OSF-6x MinionPro-BoldIt " X2AdobeEncoding ReEncodeFont " <mn-osf-x2.enc <MinionPro-BoldIt.pfb
MinionPro-BoldItCapt-8t MinionPro-BoldItCapt " T1Encoding ReEncodeFont " <mn-tlf-t1.enc <MinionPro-BoldItCapt.pfb
MinionPro-BoldItCapt-8c MinionPro-BoldItCapt " TS1Encoding ReEncodeFont " <mn-tlf-ts1.enc <MinionPro-BoldItCapt.pfb
MinionPro-BoldItCapt-7t MinionPro-BoldItCapt " OT1Encoding ReEncodeFont " <mn-tlf-ot1.enc <MinionPro-BoldItCapt.pfb
MinionPro-BoldItCapt-7m MinionPro-BoldItCapt " OMLEncoding ReEncodeFont " <mn-tlf-oml.enc <MinionPro-BoldItCapt.pfb
MinionPro-BoldItCapt-SC-8t MinionPro-BoldItCapt " SCT1Encoding ReEncodeFont " <mn-tlf-sc-t1.enc <MinionPro-BoldItCapt.pfb
MinionPro-BoldItCapt-SC-7t MinionPro-BoldItCapt " SCOT1Encoding ReEncodeFont " <mn-tlf-sc-ot1.enc <MinionPro-BoldItCapt.pfb
MinionPro-BoldItCapt-OSF-8t MinionPro-BoldItCapt " OSFT1Encoding ReEncodeFont " <mn-osf-t1.enc <MinionPro-BoldItCapt.pfb
MinionPro-BoldItCapt-OSF-8c MinionPro-BoldItCapt " TS1Encoding ReEncodeFont " <mn-osf-ts1.enc <MinionPro-BoldItCapt.pfb
MinionPro-BoldItCapt-OSF-7t MinionPro-BoldItCapt " OT1Encoding ReEncodeFont " <mn-osf-ot1.enc <MinionPro-BoldItCapt.pfb
MinionPro-BoldItCapt-OSF-7m MinionPro-BoldItCapt " OSFOMLEncoding ReEncodeFont " <mn-osf-oml.enc <MinionPro-BoldItCapt.pfb
MinionPro-BoldItCapt-OSFSC-8t MinionPro-BoldItCapt " OSFSCT1Encoding ReEncodeFont " <mn-osf-sc-t1.enc <MinionPro-BoldItCapt.pfb
MinionPro-BoldItCapt-OSFSC-7t MinionPro-BoldItCapt " OSFSCOT1Encoding ReEncodeFont " <mn-osf-sc-ot1.enc <MinionPro-BoldItCapt.pfb
MinionPro-BoldItCapt-TOSF-8t MinionPro-BoldItCapt " TOSFT1Encoding ReEncodeFont " <mn-tosf-t1.enc <MinionPro-BoldItCapt.pfb
MinionPro-BoldItCapt-6a MinionPro-BoldItCapt " T2AAdobeEncoding ReEncodeFont " <mn-tlf-t2a.enc <MinionPro-BoldItCapt.pfb
MinionPro-BoldItCapt-6t MinionPro-BoldItCapt " T2BAdobeEncoding ReEncodeFont " <mn-tlf-t2b.enc <MinionPro-BoldItCapt.pfb
MinionPro-BoldItCapt-6c MinionPro-BoldItCapt " T2CAdobeEncoding ReEncodeFont " <mn-tlf-t2c.enc <MinionPro-BoldItCapt.pfb
MinionPro-BoldItCapt-6x MinionPro-BoldItCapt " X2AdobeEncoding ReEncodeFont " <mn-tlf-x2.enc <MinionPro-BoldItCapt.pfb
MinionPro-BoldItCapt-OSF-6a MinionPro-BoldItCapt " T2AAdobeEncoding ReEncodeFont " <mn-osf-t2a.enc <MinionPro-BoldItCapt.pfb
MinionPro-BoldItCapt-OSF-6t MinionPro-BoldItCapt " T2BAdobeEncoding ReEncodeFont " <mn-osf-t2b.enc <MinionPro-BoldItCapt.pfb
MinionPro-BoldItCapt-OSF-6c MinionPro-BoldItCapt " T2CAdobeEncoding ReEncodeFont " <mn-osf-t2c.enc <MinionPro-BoldItCapt.pfb
MinionPro-BoldItCapt-OSF-6x MinionPro-BoldItCapt " X2AdobeEncoding ReEncodeFont " <mn-osf-x2.enc <MinionPro-BoldItCapt.pfb
MinionPro-BoldItDisp-8t MinionPro-BoldItDisp " T1Encoding ReEncodeFont " <mn-tlf-t1.enc <MinionPro-BoldItDisp.pfb
MinionPro-BoldItDisp-8c MinionPro-BoldItDisp " TS1Encoding ReEncodeFont " <mn-tlf-ts1.enc <MinionPro-BoldItDisp.pfb
MinionPro-BoldItDisp-7t MinionPro-BoldItDisp " OT1Encoding ReEncodeFont " <mn-tlf-ot1.enc <MinionPro-BoldItDisp.pfb
MinionPro-BoldItDisp-7m MinionPro-BoldItDisp " OMLEncoding ReEncodeFont " <mn-tlf-oml.enc <MinionPro-BoldItDisp.pfb
MinionPro-BoldItDisp-SC-8t MinionPro-BoldItDisp " SCT1Encoding ReEncodeFont " <mn-tlf-sc-t1.enc <MinionPro-BoldItDisp.pfb
MinionPro-BoldItDisp-SC-7t MinionPro-BoldItDisp " SCOT1Encoding ReEncodeFont " <mn-tlf-sc-ot1.enc <MinionPro-BoldItDisp.pfb
MinionPro-BoldItDisp-OSF-8t MinionPro-BoldItDisp " OSFT1Encoding ReEncodeFont " <mn-osf-t1.enc <MinionPro-BoldItDisp.pfb
MinionPro-BoldItDisp-OSF-8c MinionPro-BoldItDisp " TS1Encoding ReEncodeFont " <mn-osf-ts1.enc <MinionPro-BoldItDisp.pfb
MinionPro-BoldItDisp-OSF-7t MinionPro-BoldItDisp " OT1Encoding ReEncodeFont " <mn-osf-ot1.enc <MinionPro-BoldItDisp.pfb
MinionPro-BoldItDisp-OSF-7m MinionPro-BoldItDisp " OSFOMLEncoding ReEncodeFont " <mn-osf-oml.enc <MinionPro-BoldItDisp.pfb
MinionPro-BoldItDisp-OSFSC-8t MinionPro-BoldItDisp " OSFSCT1Encoding ReEncodeFont " <mn-osf-sc-t1.enc <MinionPro-BoldItDisp.pfb
MinionPro-BoldItDisp-OSFSC-7t MinionPro-BoldItDisp " OSFSCOT1Encoding ReEncodeFont " <mn-osf-sc-ot1.enc <MinionPro-BoldItDisp.pfb
MinionPro-BoldItDisp-TOSF-8t MinionPro-BoldItDisp " TOSFT1Encoding ReEncodeFont " <mn-tosf-t1.enc <MinionPro-BoldItDisp.pfb
MinionPro-BoldItDisp-6a MinionPro-BoldItDisp " T2AAdobeEncoding ReEncodeFont " <mn-tlf-t2a.enc <MinionPro-BoldItDisp.pfb
MinionPro-BoldItDisp-6t MinionPro-BoldItDisp " T2BAdobeEncoding ReEncodeFont " <mn-tlf-t2b.enc <MinionPro-BoldItDisp.pfb
MinionPro-BoldItDisp-6c MinionPro-BoldItDisp " T2CAdobeEncoding ReEncodeFont " <mn-tlf-t2c.enc <MinionPro-BoldItDisp.pfb
MinionPro-BoldItDisp-6x MinionPro-BoldItDisp " X2AdobeEncoding ReEncodeFont " <mn-tlf-x2.enc <MinionPro-BoldItDisp.pfb
MinionPro-BoldItDisp-OSF-6a MinionPro-BoldItDisp " T2AAdobeEncoding ReEncodeFont " <mn-osf-t2a.enc <MinionPro-BoldItDisp.pfb
MinionPro-BoldItDisp-OSF-6t MinionPro-BoldItDisp " T2BAdobeEncoding ReEncodeFont " <mn-osf-t2b.enc <MinionPro-BoldItDisp.pfb
MinionPro-BoldItDisp-OSF-6c MinionPro-BoldItDisp " T2CAdobeEncoding ReEncodeFont " <mn-osf-t2c.enc <MinionPro-BoldItDisp.pfb
MinionPro-BoldItDisp-OSF-6x MinionPro-BoldItDisp " X2AdobeEncoding ReEncodeFont " <mn-osf-x2.enc <MinionPro-BoldItDisp.pfb
MinionPro-BoldItSubh-8t MinionPro-BoldItSubh " T1Encoding ReEncodeFont " <mn-tlf-t1.enc <MinionPro-BoldItSubh.pfb
MinionPro-BoldItSubh-8c MinionPro-BoldItSubh " TS1Encoding ReEncodeFont " <mn-tlf-ts1.enc <MinionPro-BoldItSubh.pfb
MinionPro-BoldItSubh-7t MinionPro-BoldItSubh " OT1Encoding ReEncodeFont " <mn-tlf-ot1.enc <MinionPro-BoldItSubh.pfb
MinionPro-BoldItSubh-7m MinionPro-BoldItSubh " OMLEncoding ReEncodeFont " <mn-tlf-oml.enc <MinionPro-BoldItSubh.pfb
MinionPro-BoldItSubh-SC-8t MinionPro-BoldItSubh " SCT1Encoding ReEncodeFont " <mn-tlf-sc-t1.enc <MinionPro-BoldItSubh.pfb
MinionPro-BoldItSubh-SC-7t MinionPro-BoldItSubh " SCOT1Encoding ReEncodeFont " <mn-tlf-sc-ot1.enc <MinionPro-BoldItSubh.pfb
MinionPro-BoldItSubh-OSF-8t MinionPro-BoldItSubh " OSFT1Encoding ReEncodeFont " <mn-osf-t1.enc <MinionPro-BoldItSubh.pfb
MinionPro-BoldItSubh-OSF-8c MinionPro-BoldItSubh " TS1Encoding ReEncodeFont " <mn-osf-ts1.enc <MinionPro-BoldItSubh.pfb
MinionPro-BoldItSubh-OSF-7t MinionPro-BoldItSubh " OT1Encoding ReEncodeFont " <mn-osf-ot1.enc <MinionPro-BoldItSubh.pfb
MinionPro-BoldItSubh-OSF-7m MinionPro-BoldItSubh " OSFOMLEncoding ReEncodeFont " <mn-osf-oml.enc <MinionPro-BoldItSubh.pfb
MinionPro-BoldItSubh-OSFSC-8t MinionPro-BoldItSubh " OSFSCT1Encoding ReEncodeFont " <mn-osf-sc-t1.enc <MinionPro-BoldItSubh.pfb
MinionPro-BoldItSubh-OSFSC-7t MinionPro-BoldItSubh " OSFSCOT1Encoding ReEncodeFont " <mn-osf-sc-ot1.enc <MinionPro-BoldItSubh.pfb
MinionPro-BoldItSubh-TOSF-8t MinionPro-BoldItSubh " TOSFT1Encoding ReEncodeFont " <mn-tosf-t1.enc <MinionPro-BoldItSubh.pfb
MinionPro-BoldItSubh-6a MinionPro-BoldItSubh " T2AAdobeEncoding ReEncodeFont " <mn-tlf-t2a.enc <MinionPro-BoldItSubh.pfb
MinionPro-BoldItSubh-6t MinionPro-BoldItSubh " T2BAdobeEncoding ReEncodeFont " <mn-tlf-t2b.enc <MinionPro-BoldItSubh.pfb
MinionPro-BoldItSubh-6c MinionPro-BoldItSubh " T2CAdobeEncoding ReEncodeFont " <mn-tlf-t2c.enc <MinionPro-BoldItSubh.pfb
MinionPro-BoldItSubh-6x MinionPro-BoldItSubh " X2AdobeEncoding ReEncodeFont " <mn-tlf-x2.enc <MinionPro-BoldItSubh.pfb
MinionPro-BoldItSubh-OSF-6a MinionPro-BoldItSubh " T2AAdobeEncoding ReEncodeFont " <mn-osf-t2a.enc <MinionPro-BoldItSubh.pfb
MinionPro-BoldItSubh-OSF-6t MinionPro-BoldItSubh " T2BAdobeEncoding ReEncodeFont " <mn-osf-t2b.enc <MinionPro-BoldItSubh.pfb
MinionPro-BoldItSubh-OSF-6c MinionPro-BoldItSubh " T2CAdobeEncoding ReEncodeFont " <mn-osf-t2c.enc <MinionPro-BoldItSubh.pfb
MinionPro-BoldItSubh-OSF-6x MinionPro-BoldItSubh " X2AdobeEncoding ReEncodeFont " <mn-osf-x2.enc <MinionPro-BoldItSubh.pfb
MinionPro-BoldIt-Swash-8t MinionPro-BoldIt " SwashT1Encoding ReEncodeFont " <mn-tlf-swash-t1.enc <MinionPro-BoldIt.pfb
MinionPro-BoldIt-Swash-7t MinionPro-BoldIt " SwashOT1Encoding ReEncodeFont " <mn-tlf-swash-ot1.enc <MinionPro-BoldIt.pfb
MinionPro-BoldIt-OSF-Swash-8t MinionPro-BoldIt " SwashOSFT1Encoding ReEncodeFont " <mn-osf-swash-t1.enc <MinionPro-BoldIt.pfb
MinionPro-BoldIt-OSF-Swash-7t MinionPro-BoldIt " SwashOT1Encoding ReEncodeFont " <mn-osf-swash-ot1.enc <MinionPro-BoldIt.pfb
MinionPro-BoldItCapt-Swash-8t MinionPro-BoldItCapt " SwashT1Encoding ReEncodeFont " <mn-tlf-swash-t1.enc <MinionPro-BoldItCapt.pfb
MinionPro-BoldItCapt-Swash-7t MinionPro-BoldItCapt " SwashOT1Encoding ReEncodeFont " <mn-tlf-swash-ot1.enc <MinionPro-BoldItCapt.pfb
MinionPro-BoldItCapt-OSF-Swash-8t MinionPro-BoldItCapt " SwashOSFT1Encoding ReEncodeFont " <mn-osf-swash-t1.enc <MinionPro-BoldItCapt.pfb
MinionPro-BoldItCapt-OSF-Swash-7t MinionPro-BoldItCapt " SwashOT1Encoding ReEncodeFont " <mn-osf-swash-ot1.enc <MinionPro-BoldItCapt.pfb
MinionPro-BoldItDisp-Swash-8t MinionPro-BoldItDisp " SwashT1Encoding ReEncodeFont " <mn-tlf-swash-t1.enc <MinionPro-BoldItDisp.pfb
MinionPro-BoldItDisp-Swash-7t MinionPro-BoldItDisp " SwashOT1Encoding ReEncodeFont " <mn-tlf-swash-ot1.enc <MinionPro-BoldItDisp.pfb
MinionPro-BoldItDisp-OSF-Swash-8t MinionPro-BoldItDisp " SwashOSFT1Encoding ReEncodeFont " <mn-osf-swash-t1.enc <MinionPro-BoldItDisp.pfb
MinionPro-BoldItDisp-OSF-Swash-7t MinionPro-BoldItDisp " SwashOT1Encoding ReEncodeFont " <mn-osf-swash-ot1.enc <MinionPro-BoldItDisp.pfb
MinionPro-BoldItSubh-Swash-8t MinionPro-BoldItSubh " SwashT1Encoding ReEncodeFont " <mn-tlf-swash-t1.enc <MinionPro-BoldItSubh.pfb
MinionPro-BoldItSubh-Swash-7t MinionPro-BoldItSubh " SwashOT1Encoding ReEncodeFont " <mn-tlf-swash-ot1.enc <MinionPro-BoldItSubh.pfb
MinionPro-BoldItSubh-OSF-Swash-8t MinionPro-BoldItSubh " SwashOSFT1Encoding ReEncodeFont " <mn-osf-swash-t1.enc <MinionPro-BoldItSubh.pfb
MinionPro-BoldItSubh-OSF-Swash-7t MinionPro-BoldItSubh " SwashOT1Encoding ReEncodeFont " <mn-osf-swash-ot1.enc <MinionPro-BoldItSubh.pfb
